scratch root: E:\AI\ChatAI\Agents\VibeCodingProjects\elftia\_others\opencut-scratch-p3 (E:-drive default)
CONTROL-1a root-outside-repo-tree: PASS (..\opencut-scratch-p3)
CONTROL-1b root-outside-temp: PASS (checked 4 Temp root(s))
lifecycle: wiping previous scratch root (marker verified)
lifecycle: fresh scratch root created with marker (E:\AI\ChatAI\Agents\VibeCodingProjects\elftia\_others\opencut-scratch-p3)
pack: packed packages/editor-ports -> opencut-editor-ports-0.1.0.tgz
pack: inventory: opencut-editor-ports-0.1.0.tgz — 21 file(s) hashed
pack: packed packages/editor-contracts -> opencut-editor-contracts-0.1.0.tgz
pack: inventory: opencut-editor-contracts-0.1.0.tgz — 59 file(s) hashed
pack: packed packages/editor-classic -> opencut-editor-classic-0.1.0.tgz
pack: inventory: opencut-editor-classic-0.1.0.tgz — 802 file(s) hashed
pack: 3 tarball(s) staged into the scratch project
install: scratch package.json written (deps + overrides, gate-1 shape)
added 3 packages, and audited 4 packages in 8s

found 0 vulnerabilities
REAL_EXIT_CODE[npm-install]:0
CONTROL-2 copy-not-link @opencut/editor-ports: PASS (lstat: real directory, symlink=false; lockfile resolved=file:tarballs/opencut-editor-ports-0.1.0.tgz, link=false)
CONTROL-2 copy-not-link @opencut/editor-contracts: PASS (lstat: real directory, symlink=false; lockfile resolved=file:tarballs/opencut-editor-contracts-0.1.0.tgz, link=false)
CONTROL-2 copy-not-link @opencut/editor-classic: PASS (lstat: real directory, symlink=false; lockfile resolved=file:tarballs/opencut-editor-classic-0.1.0.tgz, link=false)
adapter: committed template materialized into scratch (script/fixtures/third-party-adapter)
control-3: removed E:\AI\ChatAI\Agents\VibeCodingProjects\elftia\_others\opencut-scratch-p3\node_modules\@opencut\editor-ports — re-running the import step
control-3: re-running the ADAPTER runner (adapter-shaped re-proof)
error: Cannot find module '@opencut/editor-ports/conformance' from 'E:\AI\ChatAI\Agents\VibeCodingProjects\elftia\_others\opencut-scratch-p3\adapter\run.ts'

Bun v1.2.18 (Windows x64 baseline)
REAL_EXIT_CODE[control-3-import]:1
CONTROL-3 removal: PASS (import step failed to resolve after removal, failure text above)
REAL_EXIT_CODE[scratch-run]:0
REAL_EXIT_CODE[overall]:0
