scratch root: E:\AI\ChatAI\Agents\VibeCodingProjects\elftia\_others\opencut-scratch-p3 (E:-drive default)
CONTROL-1a root-outside-repo-tree: PASS (..\opencut-scratch-p3)
CONTROL-1b root-outside-temp: PASS (checked 4 Temp root(s))
lifecycle: fresh scratch root created with marker (E:\AI\ChatAI\Agents\VibeCodingProjects\elftia\_others\opencut-scratch-p3)
pack: packed packages/editor-ports -> opencut-editor-ports-0.1.0.tgz
pack: inventory: opencut-editor-ports-0.1.0.tgz — 21 file(s) hashed
pack: packed packages/editor-contracts -> opencut-editor-contracts-0.1.0.tgz
pack: inventory: opencut-editor-contracts-0.1.0.tgz — 59 file(s) hashed
pack: packed packages/editor-classic -> opencut-editor-classic-0.1.0.tgz
pack: inventory: opencut-editor-classic-0.1.0.tgz — 802 file(s) hashed
pack: 3 tarball(s) staged into the scratch project
install: scratch package.json written (deps + overrides, gate-1 shape)
added 3 packages, and audited 4 packages in 5s

found 0 vulnerabilities
REAL_EXIT_CODE[npm-install]:0
CONTROL-2 copy-not-link @opencut/editor-ports: PASS (lstat: real directory, symlink=false; lockfile resolved=file:tarballs/opencut-editor-ports-0.1.0.tgz, link=false)
CONTROL-2 copy-not-link @opencut/editor-contracts: PASS (lstat: real directory, symlink=false; lockfile resolved=file:tarballs/opencut-editor-contracts-0.1.0.tgz, link=false)
CONTROL-2 copy-not-link @opencut/editor-classic: PASS (lstat: real directory, symlink=false; lockfile resolved=file:tarballs/opencut-editor-classic-0.1.0.tgz, link=false)
adapter: committed template NOT YET PRESENT (Group 5) — using the built-in smoke consumer; full-adapter runs land with Group 5's evidence
suites: npx --yes bun@1.2.18 consumer.ts (cwd: scratch root)
conformance failures: scratch smoke (installed tarballs) — 0 failed of 36
smoke/ports: passed=true cases=36
conformance failures: scratch smoke (installed tarballs) — 0 failed of 21
smoke/transaction: passed=true cases=21
smoke/requirements: requirementOf("read returns tracks and clips after mutations") = transaction-automation-api / The read interface queries project content
REAL_EXIT_CODE[suites]:0
REAL_EXIT_CODE[suites]:0
REAL_EXIT_CODE[scratch-run]:0
REAL_EXIT_CODE:0
