scratch root: E:\AI\ChatAI\Agents\VibeCodingProjects\elftia\_others\opencut-scratch-p3 (E:-drive default)
CONTROL-1a root-outside-repo-tree: PASS (..\opencut-scratch-p3)
CONTROL-1b root-outside-temp: PASS (checked 4 Temp root(s))
lifecycle: wiping previous scratch root (marker verified)
lifecycle: fresh scratch root created with marker (E:\AI\ChatAI\Agents\VibeCodingProjects\elftia\_others\opencut-scratch-p3)
pack: packed packages/editor-ports -> opencut-editor-ports-0.1.0.tgz
pack: inventory: opencut-editor-ports-0.1.0.tgz — 21 file(s) hashed
pack: packed packages/editor-contracts -> opencut-editor-contracts-0.1.0.tgz
pack: inventory: opencut-editor-contracts-0.1.0.tgz — 59 file(s) hashed
pack: packed packages/editor-classic -> opencut-editor-classic-0.1.0.tgz
pack: inventory: opencut-editor-classic-0.1.0.tgz — 802 file(s) hashed
pack: 3 tarball(s) staged into the scratch project
install: scratch package.json written (deps + overrides, gate-1 shape)
added 3 packages, and audited 4 packages in 5s

found 0 vulnerabilities
REAL_EXIT_CODE[npm-install]:0
CONTROL-2 copy-not-link @opencut/editor-ports: PASS (lstat: real directory, symlink=false; lockfile resolved=file:tarballs/opencut-editor-ports-0.1.0.tgz, link=false)
CONTROL-2 copy-not-link @opencut/editor-contracts: PASS (lstat: real directory, symlink=false; lockfile resolved=file:tarballs/opencut-editor-contracts-0.1.0.tgz, link=false)
CONTROL-2 copy-not-link @opencut/editor-classic: PASS (lstat: real directory, symlink=false; lockfile resolved=file:tarballs/opencut-editor-classic-0.1.0.tgz, link=false)
adapter: NONCONFORMING VARIANT materialized into scratch (script/fixtures/third-party-adapter-variant-nonconforming)
suites: npx --yes bun@1.2.18 adapter/run.ts (cwd: scratch root)
alien adapter: third-party conformance run
runtime: bun 1.2.18
classic chain: NOT LOADABLE — @opencut/editor-classic/storage failed to import in this environment (recorded finding). The migration leg is skipped distinctly; every other surface still runs.
  observed: ResolveMessage: Cannot find package 'culori' from 'E:\AI\ChatAI\Agents\VibeCodingProjects\elftia\_others\opencut-scratch-p3\node_modules\@opencut\editor-classic\src\services\storage\migrations\transformers\v21-to-v22.ts'
suites/ports: passed=false cases=36 (migration absent: classic unresolved)
suites/transaction: passed=true cases=21
suites/engine: passed=false cases=38
suites/draft: passed=true cases=22
suites/vectors: verdict=passed vectors=29
migration/by-replication: SKIPPED (classic unresolved — finding above)

— conformance failures —————————————————————————————————————————————————
conformance failures: alien adapter ports — 2 failed of 36
[host-port-contract / No port signature exposes an editor-internal or storage-mechanism type]
  port: store, case: a known edit round-trips without losing opaque nested fields
  detail: provider-private payload is absent
[host-port-contract / Every port has an in-memory reference implementation and a conformance suite]
  port: store, case: project values are defensively cloned in both directions
  detail: provider-private payload is absent

conformance failures: transaction engine conformance (Engine conformance) — 2 failed of 38
[transaction-automation-api / A durable transaction engine consumes the frozen Host port]
  case: T1: opaque provider fields survive adapter round-trip
  detail: unknownSentinel was lost during adapter round-trip
[transaction-automation-api / Project metadata updates are typed end-to-end transactions]
  case: T1: Project dry-run/apply/replay/reopen preserves one durable candidate
  detail: Project apply lost an opaque sibling

alien adapter: 2 failing surface(s)
REAL_EXIT_CODE[suites]:1
CONTROL-variant-exactness: PASS (4 failing case(s), every one attributable to the dropped-fields defect, names above)
REAL_EXIT_CODE[scratch-run]:0
REAL_EXIT_CODE[overall]:0
