=== completion pass (LEAD ruling 2026-08-15: ./vectors/drivers removed; checker fail-closed) at df408d03 (working tree = completion commit) ===

--- frozen byte-control vs base 5aae75ec (fourth re-proof) ---
IDENTICAL packages/editor-classic/src/editor/transactions/opencut/index.ts
IDENTICAL packages/editor-contracts/src/engine/engine.ts
IDENTICAL packages/editor-ports/src/index.ts
IDENTICAL packages/editor-classic/src/editor/surface/embedding/types.ts

--- labels checker (live) ---
check-sdk-surface-labels: scanned 3 package(s), 35 export entries
  census  @opencut/editor-classic: 19 export entries — frozen 2, provider 13, experimental 4
  census  @opencut/editor-contracts: 10 export entries — frozen 9, provider 0, experimental 1
  census  @opencut/editor-ports: 6 export entries — frozen 5, provider 0, experimental 1
  census  total: 35 export entries across 3 package(s) — frozen 16, provider 13, experimental 6
  census  dangling-export-entries: 0
  PASS  completeness: every export entry is classified in surface.json with a known class and a non-empty reason, and every row names a declared entry
  PASS  marker-agreement: provider/experimental rows carry a matching @opencutSurface marker in their entry file; frozen rows carry none
  PASS  override-validity: every symbol-level override names a symbol the entry actually exports
  PASS  target-existence: every declared entry's target file exists on disk
clean — run with --negative-control / --converse-control to see each rule proven able to fire, and proven not to misfire.
EXIT[labels]:0

--- boundary checker ---
  PASS  acyclic-direction: every cross-package edge points to a strictly lower declared layer (989 file(s) scanned, 362 cross-package edge(s) examined)
  PASS  public-entry-only: a specifier crossing into a package resolves only to a declared exports subpath (989 file(s) scanned, 361 @opencut/* specifier(s) examined)
  PASS  no-internal-reexport: no package's declared entry re-exports a module owned by another package's undeclared internals (870 file(s) scanned)
  PASS  no-elftia-import: no package, Host or example imports an Elftia package, protocol identifier or runtime object (1110 file(s) scanned)
  PASS  react-free-base: editor-ports and editor-contracts import no React, no DOM global, and no editor-classic module (74 file(s) scanned)
--- consumer view from tarballs (the oracle that caught the finding; dangling now fail-closed, mirroring target-existence) ---
consumer-view-from-tarballs: packing at df408d03 (reads the tarballs, never the workspace)
  [pack] packed packages/editor-ports -> opencut-editor-ports-0.2.0.tgz
  [pack] inventory: opencut-editor-ports-0.2.0.tgz — 23 file(s) hashed
  [pack] packed packages/editor-contracts -> opencut-editor-contracts-0.2.0.tgz
  [pack] inventory: opencut-editor-contracts-0.2.0.tgz — 61 file(s) hashed
  [pack] packed packages/editor-classic -> opencut-editor-classic-0.2.0.tgz
  [pack] inventory: opencut-editor-classic-0.2.0.tgz — 805 file(s) hashed
  [pack] packed rust/wasm/pkg -> opencut-wasm-0.2.10.tgz
  [pack] inventory: opencut-wasm-0.2.10.tgz — 7 file(s) hashed
  [pack] packed packages/editor-ports -> opencut-editor-ports-0.2.0.tgz
  [pack] determinism: opencut-editor-ports-0.2.0.tgz reproduced (9811aa171567…)
  [pack] packed packages/editor-contracts -> opencut-editor-contracts-0.2.0.tgz
  [pack] determinism: opencut-editor-contracts-0.2.0.tgz reproduced (ec9a3096a7ef…)
  [pack] packed packages/editor-classic -> opencut-editor-classic-0.2.0.tgz
  [pack] determinism: opencut-editor-classic-0.2.0.tgz reproduced (64d152b50a72…)
  [pack] packed rust/wasm/pkg -> opencut-wasm-0.2.10.tgz
  [pack] determinism: opencut-wasm-0.2.10.tgz reproduced (24612c4388d6…)

=== @opencut/editor-ports@0.2.0 (opencut-editor-ports-0.2.0.tgz) ===
  ok   packed manifest version is 0.x (found 0.2.0)
  ok   packed inventory lists README.md
  ok   README contains the policy statement ("Compatibility policy (`0.x`)")
  ok   packed inventory lists surface.json
  ok   surface.json classifies exactly the export-map entries (6 declared = 6 classified, set-equal)
  census  @opencut/editor-ports: frozen 5, provider 0, experimental 1
  ok   frozen entry . carries no marker in extracted source
  ok   frozen entry ./conformance carries no marker in extracted source
  ok   experimental entry ./conformance/requirements carries @opencutSurface experimental in extracted source
  ok   frozen entry ./host carries no marker in extracted source
  ok   frozen entry ./in-memory carries no marker in extracted source
  ok   frozen entry ./in-memory/host carries no marker in extracted source
  markers verified in extracted source: 1 non-frozen entries

=== @opencut/editor-contracts@0.2.0 (opencut-editor-contracts-0.2.0.tgz) ===
  ok   packed manifest version is 0.x (found 0.2.0)
  ok   packed inventory lists README.md
  ok   README contains the policy statement ("Compatibility policy (`0.x`)")
  ok   packed inventory lists surface.json
  ok   surface.json classifies exactly the export-map entries (10 declared = 10 classified, set-equal)
  census  @opencut/editor-contracts: frozen 9, provider 0, experimental 1
  ok   frozen entry . carries no marker in extracted source
  ok   frozen entry ./conformance carries no marker in extracted source
  ok   experimental entry ./conformance/requirements carries @opencutSurface experimental in extracted source
  ok   frozen entry ./draft carries no marker in extracted source
  ok   frozen entry ./draft/conformance carries no marker in extracted source
  ok   frozen entry ./engine carries no marker in extracted source
  ok   frozen entry ./engine/conformance carries no marker in extracted source
  ok   frozen entry ./engine/invariant carries no marker in extracted source
  ok   frozen entry ./vectors carries no marker in extracted source
  ok   frozen entry ./vectors/corpus carries no marker in extracted source
  markers verified in extracted source: 1 non-frozen entries

=== @opencut/editor-classic@0.2.0 (opencut-editor-classic-0.2.0.tgz) ===
  ok   packed manifest version is 0.x (found 0.2.0)
  ok   packed inventory lists README.md
  ok   README contains the policy statement ("Compatibility policy (`0.x`)")
  ok   packed inventory lists surface.json
  ok   surface.json classifies exactly the export-map entries (19 declared = 19 classified, set-equal)
  census  @opencut/editor-classic: frozen 2, provider 13, experimental 4
  ok   provider entry . carries @opencutSurface provider in extracted source
  ok   provider entry ./browser carries @opencutSurface provider in extracted source
  ok   experimental entry ./evidence carries @opencutSurface experimental in extracted source
  ok   experimental entry ./evidence/headless carries @opencutSurface experimental in extracted source
  ok   experimental entry ./evidence/headless-semantic-fixture carries @opencutSurface experimental in extracted source
  ok   experimental entry ./evidence/wasm-test-mock carries @opencutSurface experimental in extracted source
  ok   provider entry ./fonts carries @opencutSurface provider in extracted source
  ok   provider entry ./media carries @opencutSurface provider in extracted source
  ok   provider entry ./project carries @opencutSurface provider in extracted source
  ok   provider entry ./renderer carries @opencutSurface provider in extracted source
  ok   provider entry ./runtime carries @opencutSurface provider in extracted source
  ok   provider entry ./session carries @opencutSurface provider in extracted source
  ok   provider entry ./storage carries @opencutSurface provider in extracted source
  ok   provider entry ./storage/conformance carries @opencutSurface provider in extracted source
  ok   provider entry ./storage/migrations carries @opencutSurface provider in extracted source
  ok   frozen entry ./surface carries no marker in extracted source
  ok   frozen entry ./surface.css carries no marker in extracted source
  ok   provider entry ./timeline carries @opencutSurface provider in extracted source
  ok   provider entry ./ui carries @opencutSurface provider in extracted source
  markers verified in extracted source: 17 non-frozen entries

consumer-view-from-tarballs: 0 failure(s), dangling-export-entries 0 — a declared-but-absent entry fails target-existence at any class (LEAD ruling 2026-08-15; the one such entry, ./vectors/drivers, was removed under that ruling)
REAL_EXIT_CODE[consumer-view]:0
EXIT[consumer]:0

--- labels negative control (eight worlds; both absent-target classes must fire target-existence) ---
  FIRED   unlabeled experimental export (row without marker): 1 marker-agreement violation(s), e.g. @fixture/pkg-a: experimental entry "./probe" target carries no @opencutSurface experimental marker — the in-source label must agree with the manifest
  FIRED   unclassified export entry (no row): 1 completeness violation(s), e.g. @fixture/pkg-a: export entry "./orphan" has no surface.json classification — classify it at birth (spec: the failure names the unclassified entry)
  FIRED   unknown class vocabulary: 1 completeness violation(s), e.g. @fixture/pkg-a: entry "." carries unknown class "beta" — the vocabulary is exactly frozen | provider | experimental
  FIRED   dangling symbol override: 1 override-validity violation(s), e.g. @fixture/pkg-a: entry "." overrides symbol "doesNotExist" which the entry does not export (extracted exports: CORE_VERSION, Widget, helper)
  FIRED   marker on a frozen-classified file: 1 marker-agreement violation(s), e.g. @fixture/pkg-a: frozen entry "./contract" target carries an @opencutSurface marker (frozen) — frozen classification lives in surface.json alone; editing a frozen file for labeling is contract pressure, never a patch
  FIRED   row naming an undeclared entry: 1 completeness violation(s), e.g. @fixture/pkg-a: surface.json row "./ghost" names an entry the export map does not declare
  FIRED   non-frozen entry with an absent target: 1 target-existence violation(s), e.g. @fixture/pkg-a: provider entry "./void" target ./src/not-there.ts does not exist — a declared entry whose target is absent is module-not-found for every consumer; repair (with a named forcing module) or remove the entry
  FIRED   frozen entry with an absent target: 1 target-existence violation(s), e.g. @fixture/pkg-a: frozen entry "./void-frozen" target ./src/not-there.ts does not exist — a declared entry whose target is absent is module-not-found for every consumer; repair (with a named forcing module) or remove the entry
negative control: every planted violation fired under its rule (the unlabeled experimental export FAILS — the spec's named evidence).
EXIT[negative]:0

--- labels converse control (designed silences; must read zero dangling) ---
  census  @fixture/pkg-a: 3 export entries — frozen 1, provider 1, experimental 1
  census  total: 3 export entries across 1 package(s) — frozen 1, provider 1, experimental 1
  census  dangling-export-entries: 0
converse control: silence over correctly labeled rows, frozen rows without markers (the designed state), a resolving override, prose that merely mentions a class name — and zero dangling entries.
EXIT[converse]:0

--- no-stability sweep at the edited docs (full log: group8-no-stability-sweep.log beside this one) ---
no-stability-sweep: every candidate dispositioned, none makes a 1.0/GA/production-readiness claim
REAL_EXIT_CODE[no-stability-sweep]:0

--- boundary walk scope note ---
no-elftia-import 1110 both mid-pass and final: the walk counts code files only (.ts/.tsx/.js/.jsx/.mjs/.cjs/package.json/bun.lock), so the group-8 evidence logs are invisible to it; census 1107 -> 1110 over P5 (+3 code files: the labels checker, the consumer-view module, the zero-entries fixture package.json).
