Post-marker-batch controls (task 3.2, run immediately after the 19-marker insertion)

== frozen byte-control vs base 5aae75ec ==
IDENTICAL packages/editor-classic/src/editor/transactions/opencut/index.ts
IDENTICAL packages/editor-contracts/src/engine/engine.ts
IDENTICAL packages/editor-ports/src/index.ts
IDENTICAL packages/editor-classic/src/editor/surface/embedding/types.ts

== CRLF check on every touched file ==
LF-OK packages/editor-classic/package.json
LF-OK packages/editor-classic/src/browser/index.ts
LF-OK packages/editor-classic/src/editor/session/__tests__/wasm-test-mock.ts
LF-OK packages/editor-classic/src/editor/session/headless-semantic-fixture.ts
LF-OK packages/editor-classic/src/evidence/headless.ts
LF-OK packages/editor-classic/src/evidence/index.ts
LF-OK packages/editor-classic/src/fonts/index.ts
LF-OK packages/editor-classic/src/index.ts
LF-OK packages/editor-classic/src/media/index.ts
LF-OK packages/editor-classic/src/project/index.ts
LF-OK packages/editor-classic/src/renderer/index.ts
LF-OK packages/editor-classic/src/runtime/index.ts
LF-OK packages/editor-classic/src/session/index.ts
LF-OK packages/editor-classic/src/storage/conformance.ts
LF-OK packages/editor-classic/src/storage/index.ts
LF-OK packages/editor-classic/src/storage/migrations.ts
LF-OK packages/editor-classic/src/timeline/index.ts
LF-OK packages/editor-classic/src/ui/index.ts
LF-OK packages/editor-contracts/package.json
LF-OK packages/editor-contracts/src/conformance/requirements/index.ts
LF-OK packages/editor-ports/package.json
LF-OK packages/editor-ports/src/conformance/requirements.ts
LF-OK packages/editor-ports/surface.json
LF-OK packages/editor-contracts/surface.json
LF-OK packages/editor-classic/surface.json
REAL_EXIT_CODE:0
