PASS missing-export -> wrapper-exports (exit 1)
PASS extra-export -> wrapper-exports (exit 1)
PASS changed-binary-import -> wasm-imports (exit 1)
PASS invalid-backend -> graphics-provider (exit 1)
PASS boolean-count -> graphics-provider (exit 1)
PASS boolean-handles -> gpu-provider (exit 1)
PASS provider-any -> gpu-provider (exit 1)
PASS unkeyed-release -> gpu-provider (exit 1)
PASS truncated-files -> generated-files (exit 1)
PASS sync-entry-export-drift -> entry-parity (exit 1)
PASS sync-entry-uninitialized -> entry-parity (exit 1)
PASS condition-swap -> entry-conditions (exit 1)
PASS condition-dropped -> entry-conditions (exit 1)
PASS sync-subpath-dropped -> entry-conditions (exit 1)
PASS node-condition-added -> entry-conditions (exit 1)
PASS check-wasm-missing-registration -> gate-registration (exit 1)
PASS check-wasm-decoy-registration -> gate-registration (exit 1)
PASS ci-missing-registration -> gate-registration (exit 1)
PASS ci-before-install-registration -> gate-registration (exit 1)
PASS gated-missing-registration -> gate-registration (exit 1)
REAL_EXIT_CODE:0
