npm warn Unknown project config "node-linker". This will stop working in the next major version of npm.
$ next build
Starting content-collections content-collections.ts
build started ...
... finished build of 1 collection and 0 documents in 11ms
⚠ Warning: Next.js inferred your workspace root, but it may not be correct.
 We detected multiple lockfiles and selected the directory of E:\AI\ChatAI\Agents\VibeCodingProjects\pnpm-lock.yaml as the root directory.
 To silence this warning, set `turbopack.root` in your Next.js config, or consider removing one of the lockfiles if it's not needed.
   See https://nextjs.org/docs/app/api-reference/config/next-config-js/turbopack#root-directory for more information.
 Detected additional lockfiles: 
   * E:\AI\ChatAI\Agents\VibeCodingProjects\elftia\_others\rocut-wt-wasm\bun.lock
   * E:\AI\ChatAI\Agents\VibeCodingProjects\elftia\package-lock.json

▲ Next.js 16.1.3 (Turbopack)

  Creating an optimized production build ...
✓ Compiled successfully in 23.5s
  Skipping validation of types
  Collecting page data using 15 workers ...
[2m2026-08-16T07:56:06.407Z[0m [33mWARN[0m [1m[Better Auth]:[0m [better-auth] Warning: your BETTER_AUTH_SECRET should be at least 32 characters long for adequate security. Generate one with `npx auth secret` or `openssl rand -base64 32`.
[2m2026-08-16T07:56:06.412Z[0m [33mWARN[0m [1m[Better Auth]:[0m [better-auth] Warning: your BETTER_AUTH_SECRET appears low-entropy. Use a randomly generated secret for production.
Error: Failed to collect configuration for /blog
    at ignore-listed frames {
  [cause]: TypeError: The "path" argument must be of type string or an instance of Buffer or URL. Received an instance of URL
      at module evaluation (E:\AI\ChatAI\Agents\VibeCodingProjects\elftia\_others\rocut-wt-wasm\apps\web\.next\server\chunks\ssr\elftia__others_rocut-wt-wasm_baf91453._.js:4:66296)
      at instantiateModule (E:\AI\ChatAI\Agents\VibeCodingProjects\elftia\_others\rocut-wt-wasm\apps\web\.next\server\chunks\ssr\[turbopack]_runtime.js:740:9)
      at getOrInstantiateModuleFromParent (E:\AI\ChatAI\Agents\VibeCodingProjects\elftia\_others\rocut-wt-wasm\apps\web\.next\server\chunks\ssr\[turbopack]_runtime.js:763:12)
      at Context.esmImport [as i] (E:\AI\ChatAI\Agents\VibeCodingProjects\elftia\_others\rocut-wt-wasm\apps\web\.next\server\chunks\ssr\[turbopack]_runtime.js:228:20)
      at module evaluation (E:\AI\ChatAI\Agents\VibeCodingProjects\elftia\_others\rocut-wt-wasm\apps\web\.next\server\chunks\ssr\[root-of-the-server]__ad790de5._.js:1:735)
      at instantiateModule (E:\AI\ChatAI\Agents\VibeCodingProjects\elftia\_others\rocut-wt-wasm\apps\web\.next\server\chunks\ssr\[turbopack]_runtime.js:740:9)
      at getOrInstantiateModuleFromParent (E:\AI\ChatAI\Agents\VibeCodingProjects\elftia\_others\rocut-wt-wasm\apps\web\.next\server\chunks\ssr\[turbopack]_runtime.js:763:12)
      at Context.esmImport [as i] (E:\AI\ChatAI\Agents\VibeCodingProjects\elftia\_others\rocut-wt-wasm\apps\web\.next\server\chunks\ssr\[turbopack]_runtime.js:228:20) {
    code: 'ERR_INVALID_ARG_TYPE'
  }
}

> Build error occurred
Error: Failed to collect page data for /blog
    at ignore-listed frames {
  type: 'Error'
}
error: script "build" exited with code 1
REAL_EXIT_CODE:1
