npm warn Unknown project config "node-linker". This will stop working in the next major version of npm.
$ vite build
[36mvite v7.3.6 [32mbuilding client environment for production...[36m[39m
transforming...
[32m✓[39m 3842 modules transformed.
rendering chunks...
[33m[plugin vite:reporter] 
(!) E:/AI/ChatAI/Agents/VibeCodingProjects/elftia/_others/rocut-wt-wasm/packages/editor-classic/src/stickers/providers/countries-data.ts is dynamically imported by E:/AI/ChatAI/Agents/VibeCodingProjects/elftia/_others/rocut-wt-wasm/packages/editor-classic/src/stickers/providers/flags.ts but also statically imported by E:/AI/ChatAI/Agents/VibeCodingProjects/elftia/_others/rocut-wt-wasm/packages/editor-classic/src/stickers/providers/flags.ts, dynamic import will not move module into another chunk.
[39m
computing gzip size...
[2mdist/[22m[32mflags/id.svg                                      [39m[1m[2m     0.18 kB[22m[1m[22m[2m │ gzip:     0.15 kB[22m
[2mdist/[22m[32mflags/pe.svg                                      [39m[1m[2m     0.19 kB[22m[1m[22m[2m │ gzip:     0.16 kB[22m
[2mdist/[22m[32mflags/bd.svg                                      [39m[1m[2m     0.19 kB[22m[1m[22m[2m │ gzip:     0.17 kB[22m
[2mdist/[22m[32mflags/at.svg                                      [39m[1m[2m     0.20 kB[22m[1m[22m[2m │ gzip:     0.16 kB[22m
[2mdist/[22m[32mworkers/c4-worker-fixture.js                      [39m[1m[2m     0.20 kB[22m[1m[22m
[2mdist/[22m[32mflags/se.svg                                      [39m[1m[2m     0.21 kB[22m[1m[22m[2m │ gzip:     0.18 kB[22m
[2mdist/[22m[32mflags/pl.svg                                      [39m[1m[2m     0.23 kB[22m[1m[22m[2m │ gzip:     0.18 kB[22m
[2mdist/[22m[32mflags/bq.svg                                      [39m[1m[2m     0.23 kB[22m[1m[22m[2m │ gzip:     0.16 kB[22m
[2mdist/[22m[32mflags/de.svg                                      [39m[1m[2m     0.23 kB[22m[1m[22m[2m │ gzip:     0.16 kB[22m
[2mdist/[22m[32mflags/gl.svg                                      [39m[1m[2m     0.23 kB[22m[1m[22m[2m │ gzip:     0.18 kB[22m
[2mdist/[22m[32mflags/bg.svg                                      [39m[1m[2m     0.23 kB[22m[1m[22m[2m │ gzip:     0.16 kB[22m
[2mdist/[22m[32mflags/cz.svg                                      [39m[1m[2m     0.23 kB[22m[1m[22m[2m │ gzip:     0.17 kB[22m
[2mdist/[22m[32mflags/ee.svg                                      [39m[1m[2m     0.23 kB[22m[1m[22m[2m │ gzip:     0.16 kB[22m
[2mdist/[22m[32mflags/lu.svg                                      [39m[1m[2m     0.23 kB[22m[1m[22m[2m │ gzip:     0.16 kB[22m
[2mdist/[22m[32mflags/nl.svg                                      [39m[1m[2m     0.23 kB[22m[1m[22m[2m │ gzip:     0.16 kB[22m
[2mdist/[22m[32mflags/ru.svg                                      [39m[1m[2m     0.23 kB[22m[1m[22m[2m │ gzip:     0.16 kB[22m
[2mdist/[22m[32mflags/gb-sct.svg                                  [39m[1m[2m     0.23 kB[22m[1m[22m[2m │ gzip:     0.20 kB[22m
[2mdist/[22m[32mflags/am.svg                                      [39m[1m[2m     0.23 kB[22m[1m[22m[2m │ gzip:     0.16 kB[22m
[2mdist/[22m[32mflags/mq.svg                                      [39m[1m[2m     0.23 kB[22m[1m[22m[2m │ gzip:     0.17 kB[22m
[2mdist/[22m[32mflags/bl.svg                                      [39m[1m[2m     0.24 kB[22m[1m[22m[2m │ gzip:     0.17 kB[22m
[2mdist/[22m[32mflags/fr.svg                                      [39m[1m[2m     0.24 kB[22m[1m[22m[2m │ gzip:     0.17 kB[22m
[2mdist/[22m[32mflags/gf.svg                                      [39m[1m[2m     0.24 kB[22m[1m[22m[2m │ gzip:     0.17 kB[22m
[2mdist/[22m[32mflags/gp.svg                                      [39m[1m[2m     0.24 kB[22m[1m[22m[2m │ gzip:     0.17 kB[22m
[2mdist/[22m[32mflags/lv.svg                                      [39m[1m[2m     0.24 kB[22m[1m[22m[2m │ gzip:     0.19 kB[22m
[2mdist/[22m[32mflags/mf.svg                                      [39m[1m[2m     0.24 kB[22m[1m[22m[2m │ gzip:     0.17 kB[22m
[2mdist/[22m[32mflags/pm.svg                                      [39m[1m[2m     0.24 kB[22m[1m[22m[2m │ gzip:     0.17 kB[22m
[2mdist/[22m[32mflags/re.svg                                      [39m[1m[2m     0.24 kB[22m[1m[22m[2m │ gzip:     0.17 kB[22m
[2mdist/[22m[32mflags/wf.svg                                      [39m[1m[2m     0.24 kB[22m[1m[22m[2m │ gzip:     0.17 kB[22m
[2mdist/[22m[32mflags/yt.svg                                      [39m[1m[2m     0.24 kB[22m[1m[22m[2m │ gzip:     0.17 kB[22m
[2mdist/[22m[32mflags/ua.svg                                      [39m[1m[2m     0.24 kB[22m[1m[22m[2m │ gzip:     0.19 kB[22m
[2mdist/[22m[32mflags/fi.svg                                      [39m[1m[2m     0.24 kB[22m[1m[22m[2m │ gzip:     0.18 kB[22m
[2mdist/[22m[32mflags/mc.svg                                      [39m[1m[2m     0.24 kB[22m[1m[22m[2m │ gzip:     0.19 kB[22m
[2mdist/[22m[32mflags/dk.svg                                      [39m[1m[2m     0.24 kB[22m[1m[22m[2m │ gzip:     0.18 kB[22m
[2mdist/[22m[32mflags/gb-eng.svg                                  [39m[1m[2m     0.24 kB[22m[1m[22m[2m │ gzip:     0.18 kB[22m
[2mdist/[22m[32mflags/ma.svg                                      [39m[1m[2m     0.25 kB[22m[1m[22m[2m │ gzip:     0.21 kB[22m
[2mdist/[22m[32mflags/bh.svg                                      [39m[1m[2m     0.26 kB[22m[1m[22m[2m │ gzip:     0.19 kB[22m
[2mdist/[22m[32mflags/es-ct.svg                                   [39m[1m[2m     0.26 kB[22m[1m[22m[2m │ gzip:     0.21 kB[22m
[2mdist/[22m[32mflags/ng.svg                                      [39m[1m[2m     0.26 kB[22m[1m[22m[2m │ gzip:     0.21 kB[22m
[2mdist/[22m[32mflags/bw.svg                                      [39m[1m[2m     0.27 kB[22m[1m[22m[2m │ gzip:     0.19 kB[22m
[2mdist/[22m[32mflags/ae.svg                                      [39m[1m[2m     0.27 kB[22m[1m[22m[2m │ gzip:     0.17 kB[22m
[2mdist/[22m[32mflags/ga.svg                                      [39m[1m[2m     0.28 kB[22m[1m[22m[2m │ gzip:     0.19 kB[22m
[2mdist/[22m[32mflags/hu.svg                                      [39m[1m[2m     0.28 kB[22m[1m[22m[2m │ gzip:     0.19 kB[22m
[2mdist/[22m[32mflags/td.svg                                      [39m[1m[2m     0.28 kB[22m[1m[22m[2m │ gzip:     0.20 kB[22m
[2mdist/[22m[32mflags/ne.svg                                      [39m[1m[2m     0.28 kB[22m[1m[22m[2m │ gzip:     0.19 kB[22m
[2mdist/[22m[32mflags/sl.svg                                      [39m[1m[2m     0.28 kB[22m[1m[22m[2m │ gzip:     0.20 kB[22m
[2mdist/[22m[32mflags/ml.svg                                      [39m[1m[2m     0.28 kB[22m[1m[22m[2m │ gzip:     0.20 kB[22m
[2mdist/[22m[32mflags/ps.svg                                      [39m[1m[2m     0.28 kB[22m[1m[22m[2m │ gzip:     0.20 kB[22m
[2mdist/[22m[32mflags/ci.svg                                      [39m[1m[2m     0.28 kB[22m[1m[22m[2m │ gzip:     0.20 kB[22m
[2mdist/[22m[32mflags/xx.svg                                      [39m[1m[2m     0.29 kB[22m[1m[22m[2m │ gzip:     0.21 kB[22m
[2mdist/[22m[32mflags/th.svg                                      [39m[1m[2m     0.29 kB[22m[1m[22m[2m │ gzip:     0.20 kB[22m
[2mdist/[22m[32mflags/mv.svg                                      [39m[1m[2m     0.29 kB[22m[1m[22m[2m │ gzip:     0.20 kB[22m
[2mdist/[22m[32mflags/co.svg                                      [39m[1m[2m     0.29 kB[22m[1m[22m[2m │ gzip:     0.21 kB[22m
[2mdist/[22m[32mflags/ic.svg                                      [39m[1m[2m     0.29 kB[22m[1m[22m[2m │ gzip:     0.21 kB[22m
[2mdist/[22m[32mflags/ye.svg                                      [39m[1m[2m     0.29 kB[22m[1m[22m[2m │ gzip:     0.21 kB[22m
[2mdist/[22m[32mflags/cp.svg                                      [39m[1m[2m     0.30 kB[22m[1m[22m[2m │ gzip:     0.21 kB[22m
[2mdist/[22m[32mflags/ie.svg                                      [39m[1m[2m     0.30 kB[22m[1m[22m[2m │ gzip:     0.21 kB[22m
[2mdist/[22m[32mflags/it.svg                                      [39m[1m[2m     0.30 kB[22m[1m[22m[2m │ gzip:     0.21 kB[22m
[2mdist/[22m[32mflags/cr.svg                                      [39m[1m[2m     0.30 kB[22m[1m[22m[2m │ gzip:     0.21 kB[22m
[2mdist/[22m[32mflags/ch.svg                                      [39m[1m[2m     0.30 kB[22m[1m[22m[2m │ gzip:     0.22 kB[22m
[2mdist/[22m[32mflags/dz.svg                                      [39m[1m[2m     0.30 kB[22m[1m[22m[2m │ gzip:     0.22 kB[22m
[2mdist/[22m[32mflags/gh.svg                                      [39m[1m[2m     0.30 kB[22m[1m[22m[2m │ gzip:     0.20 kB[22m
[2mdist/[22m[32mflags/gn.svg                                      [39m[1m[2m     0.30 kB[22m[1m[22m[2m │ gzip:     0.21 kB[22m
[2mdist/[22m[32mflags/mg.svg                                      [39m[1m[2m     0.31 kB[22m[1m[22m[2m │ gzip:     0.21 kB[22m
[2mdist/[22m[32mflags/be.svg                                      [39m[1m[2m     0.31 kB[22m[1m[22m[2m │ gzip:     0.22 kB[22m
[2mdist/[22m[32mflags/ro.svg                                      [39m[1m[2m     0.31 kB[22m[1m[22m[2m │ gzip:     0.22 kB[22m
[2mdist/[22m[32mflags/tt.svg                                      [39m[1m[2m     0.31 kB[22m[1m[22m[2m │ gzip:     0.22 kB[22m
[2mdist/[22m[32mflags/sr.svg                                      [39m[1m[2m     0.32 kB[22m[1m[22m[2m │ gzip:     0.22 kB[22m
[2mdist/[22m[32mflags/mu.svg                                      [39m[1m[2m     0.32 kB[22m[1m[22m[2m │ gzip:     0.20 kB[22m
[2mdist/[22m[32mflags/sc.svg                                      [39m[1m[2m     0.32 kB[22m[1m[22m[2m │ gzip:     0.20 kB[22m
[2mdist/[22m[32mflags/no.svg                                      [39m[1m[2m     0.33 kB[22m[1m[22m[2m │ gzip:     0.19 kB[22m
[2mdist/[22m[32mflags/sj.svg                                      [39m[1m[2m     0.33 kB[22m[1m[22m[2m │ gzip:     0.19 kB[22m
[2mdist/[22m[32mflags/cd.svg                                      [39m[1m[2m     0.34 kB[22m[1m[22m[2m │ gzip:     0.24 kB[22m
[2mdist/[22m[32mflags/tn.svg                                      [39m[1m[2m     0.35 kB[22m[1m[22m[2m │ gzip:     0.24 kB[22m
[2mdist/[22m[32mflags/qa.svg                                      [39m[1m[2m     0.36 kB[22m[1m[22m[2m │ gzip:     0.20 kB[22m
[2mdist/[22m[32mflags/bf.svg                                      [39m[1m[2m     0.36 kB[22m[1m[22m[2m │ gzip:     0.26 kB[22m
[2mdist/[22m[32mflags/lc.svg                                      [39m[1m[2m     0.36 kB[22m[1m[22m[2m │ gzip:     0.24 kB[22m
[2mdist/[22m[32mflags/to.svg                                      [39m[1m[2m     0.36 kB[22m[1m[22m[2m │ gzip:     0.24 kB[22m
[2mdist/[22m[32mflags/sy.svg                                      [39m[1m[2m     0.37 kB[22m[1m[22m[2m │ gzip:     0.22 kB[22m
[2mdist/[22m[32mlogos/opencut/svg/logo.svg                        [39m[1m[2m     0.37 kB[22m[1m[22m[2m │ gzip:     0.24 kB[22m
[2mdist/[22m[32mflags/mk.svg                                      [39m[1m[2m     0.38 kB[22m[1m[22m[2m │ gzip:     0.26 kB[22m
[2mdist/[22m[32mflags/ss.svg                                      [39m[1m[2m     0.41 kB[22m[1m[22m[2m │ gzip:     0.23 kB[22m
[2mdist/[22m[32mflags/jm.svg                                      [39m[1m[2m     0.41 kB[22m[1m[22m[2m │ gzip:     0.25 kB[22m
[2mdist/[22m[32mflags/es-pv.svg                                   [39m[1m[2m     0.43 kB[22m[1m[22m[2m │ gzip:     0.29 kB[22m
[2mdist/[22m[32mflags/sn.svg                                      [39m[1m[2m     0.43 kB[22m[1m[22m[2m │ gzip:     0.27 kB[22m
[2mdist/[22m[32mflags/vc.svg                                      [39m[1m[2m     0.44 kB[22m[1m[22m[2m │ gzip:     0.25 kB[22m
[2mdist/[22m[32mflags/mr.svg                                      [39m[1m[2m     0.44 kB[22m[1m[22m[2m │ gzip:     0.26 kB[22m
[2mdist/[22m[32mflags/lt.svg                                      [39m[1m[2m     0.45 kB[22m[1m[22m[2m │ gzip:     0.28 kB[22m
[2mdist/[22m[32mflags/la.svg                                      [39m[1m[2m     0.47 kB[22m[1m[22m[2m │ gzip:     0.29 kB[22m
[2mdist/[22m[32mflags/pw.svg                                      [39m[1m[2m     0.48 kB[22m[1m[22m[2m │ gzip:     0.31 kB[22m
[2mdist/[22m[32mflags/jp.svg                                      [39m[1m[2m     0.48 kB[22m[1m[22m[2m │ gzip:     0.33 kB[22m
[2mdist/[22m[32mflags/cg.svg                                      [39m[1m[2m     0.48 kB[22m[1m[22m[2m │ gzip:     0.31 kB[22m
[2mdist/[22m[32mlogos/opencut/icon.svg                            [39m[1m[2m     0.49 kB[22m[1m[22m[2m │ gzip:     0.29 kB[22m
[2mdist/[22m[32mflags/so.svg                                      [39m[1m[2m     0.49 kB[22m[1m[22m[2m │ gzip:     0.34 kB[22m
[2mdist/[22m[32mflags/vn.svg                                      [39m[1m[2m     0.50 kB[22m[1m[22m[2m │ gzip:     0.34 kB[22m
[2mdist/[22m[32mflags/gy.svg                                      [39m[1m[2m     0.50 kB[22m[1m[22m[2m │ gzip:     0.30 kB[22m
[2mdist/[22m[32mflags/az.svg                                      [39m[1m[2m     0.51 kB[22m[1m[22m[2m │ gzip:     0.28 kB[22m
[2mdist/[22m[32mflags/gb.svg                                      [39m[1m[2m     0.51 kB[22m[1m[22m[2m │ gzip:     0.31 kB[22m
[2mdist/[22m[32mflags/sh.svg                                      [39m[1m[2m     0.51 kB[22m[1m[22m[2m │ gzip:     0.31 kB[22m
[2mdist/[22m[32mflags/bj.svg                                      [39m[1m[2m     0.51 kB[22m[1m[22m[2m │ gzip:     0.31 kB[22m
[2mdist/[22m[32mflags/sd.svg                                      [39m[1m[2m     0.52 kB[22m[1m[22m[2m │ gzip:     0.31 kB[22m
[2mdist/[22m[32mflags/is.svg                                      [39m[1m[2m     0.52 kB[22m[1m[22m[2m │ gzip:     0.32 kB[22m
[2mdist/[22m[32msurface-evidence.html                             [39m[1m[2m     0.53 kB[22m[1m[22m[2m │ gzip:     0.31 kB[22m
[2mdist/[22m[32mflags/kw.svg                                      [39m[1m[2m     0.53 kB[22m[1m[22m[2m │ gzip:     0.32 kB[22m
[2mdist/[22m[32mflags/gm.svg                                      [39m[1m[2m     0.56 kB[22m[1m[22m[2m │ gzip:     0.32 kB[22m
[2mdist/[22m[32mflags/tr.svg                                      [39m[1m[2m     0.56 kB[22m[1m[22m[2m │ gzip:     0.33 kB[22m
[2mdist/[22m[32mindex.html                                        [39m[1m[2m     0.56 kB[22m[1m[22m[2m │ gzip:     0.35 kB[22m
[2mdist/[22m[32mflags/tz.svg                                      [39m[1m[2m     0.56 kB[22m[1m[22m[2m │ gzip:     0.34 kB[22m
[2mdist/[22m[32mflags/ly.svg                                      [39m[1m[2m     0.56 kB[22m[1m[22m[2m │ gzip:     0.33 kB[22m
[2mdist/[22m[32mflags/cl.svg                                      [39m[1m[2m     0.57 kB[22m[1m[22m[2m │ gzip:     0.35 kB[22m
[2mdist/[22m[32mflags/fo.svg                                      [39m[1m[2m     0.57 kB[22m[1m[22m[2m │ gzip:     0.37 kB[22m
[2mdist/[22m[32mflags/bs.svg                                      [39m[1m[2m     0.57 kB[22m[1m[22m[2m │ gzip:     0.33 kB[22m
[2mdist/[22m[32mflags/ax.svg                                      [39m[1m[2m     0.57 kB[22m[1m[22m[2m │ gzip:     0.31 kB[22m
[2mdist/[22m[32mflags/bv.svg                                      [39m[1m[2m     0.60 kB[22m[1m[22m[2m │ gzip:     0.38 kB[22m
[2mdist/[22m[32mflags/dj.svg                                      [39m[1m[2m     0.60 kB[22m[1m[22m[2m │ gzip:     0.36 kB[22m
[2mdist/[22m[32mlogos/opencut/symbol-light.svg                    [39m[1m[2m     0.61 kB[22m[1m[22m[2m │ gzip:     0.33 kB[22m
[2mdist/[22m[32mlogos/opencut/symbol.svg                          [39m[1m[2m     0.61 kB[22m[1m[22m[2m │ gzip:     0.34 kB[22m
[2mdist/[22m[32mflags/gg.svg                                      [39m[1m[2m     0.61 kB[22m[1m[22m[2m │ gzip:     0.30 kB[22m
[2mdist/[22m[32mflags/cu.svg                                      [39m[1m[2m     0.62 kB[22m[1m[22m[2m │ gzip:     0.37 kB[22m
[2mdist/[22m[32mflags/tl.svg                                      [39m[1m[2m     0.62 kB[22m[1m[22m[2m │ gzip:     0.37 kB[22m
[2mdist/[22m[32mflags/ca.svg                                      [39m[1m[2m     0.63 kB[22m[1m[22m[2m │ gzip:     0.40 kB[22m
[2mdist/[22m[32mflags/bb.svg                                      [39m[1m[2m     0.63 kB[22m[1m[22m[2m │ gzip:     0.41 kB[22m
[2mdist/[22m[32mflags/pr.svg                                      [39m[1m[2m     0.64 kB[22m[1m[22m[2m │ gzip:     0.37 kB[22m
[2mdist/[22m[32mflags/um.svg                                      [39m[1m[2m     0.66 kB[22m[1m[22m[2m │ gzip:     0.34 kB[22m
[2mdist/[22m[32mflags/us.svg                                      [39m[1m[2m     0.66 kB[22m[1m[22m[2m │ gzip:     0.34 kB[22m
[2mdist/[22m[32mflags/nr.svg                                      [39m[1m[2m     0.66 kB[22m[1m[22m[2m │ gzip:     0.41 kB[22m
[2mdist/[22m[32mflags/ws.svg                                      [39m[1m[2m     0.69 kB[22m[1m[22m[2m │ gzip:     0.43 kB[22m
[2mdist/[22m[32mflags/cw.svg                                      [39m[1m[2m     0.70 kB[22m[1m[22m[2m │ gzip:     0.37 kB[22m
[2mdist/[22m[32mflags/cf.svg                                      [39m[1m[2m     0.70 kB[22m[1m[22m[2m │ gzip:     0.38 kB[22m
[2mdist/[22m[32mflags/mm.svg                                      [39m[1m[2m     0.72 kB[22m[1m[22m[2m │ gzip:     0.31 kB[22m
[2mdist/[22m[32mflags/tg.svg                                      [39m[1m[2m     0.72 kB[22m[1m[22m[2m │ gzip:     0.40 kB[22m
[2mdist/[22m[32mflags/lr.svg                                      [39m[1m[2m     0.73 kB[22m[1m[22m[2m │ gzip:     0.39 kB[22m
[2mdist/[22m[32mflags/hk.svg                                      [39m[1m[2m     0.74 kB[22m[1m[22m[2m │ gzip:     0.39 kB[22m
[2mdist/[22m[32mflags/mh.svg                                      [39m[1m[2m     0.74 kB[22m[1m[22m[2m │ gzip:     0.44 kB[22m
[2mdist/[22m[32mflags/pk.svg                                      [39m[1m[2m     0.74 kB[22m[1m[22m[2m │ gzip:     0.44 kB[22m
[2mdist/[22m[32mflags/jo.svg                                      [39m[1m[2m     0.74 kB[22m[1m[22m[2m │ gzip:     0.40 kB[22m
[2mdist/[22m[32mflags/ag.svg                                      [39m[1m[2m     0.76 kB[22m[1m[22m[2m │ gzip:     0.43 kB[22m
[2mdist/[22m[32mflags/pa.svg                                      [39m[1m[2m     0.76 kB[22m[1m[22m[2m │ gzip:     0.40 kB[22m
[2mdist/[22m[32mflags/tk.svg                                      [39m[1m[2m     0.77 kB[22m[1m[22m[2m │ gzip:     0.43 kB[22m
[2mdist/[22m[32mflags/rw.svg                                      [39m[1m[2m     0.77 kB[22m[1m[22m[2m │ gzip:     0.40 kB[22m
[2mdist/[22m[32mflags/fm.svg                                      [39m[1m[2m     0.78 kB[22m[1m[22m[2m │ gzip:     0.44 kB[22m
[2mdist/[22m[32mflags/kp.svg                                      [39m[1m[2m     0.80 kB[22m[1m[22m[2m │ gzip:     0.43 kB[22m
[2mdist/[22m[32mflags/kn.svg                                      [39m[1m[2m     0.81 kB[22m[1m[22m[2m │ gzip:     0.45 kB[22m
[2mdist/[22m[32mflags/eh.svg                                      [39m[1m[2m     0.82 kB[22m[1m[22m[2m │ gzip:     0.42 kB[22m
[2mdist/[22m[32mflags/cn.svg                                      [39m[1m[2m     0.82 kB[22m[1m[22m[2m │ gzip:     0.36 kB[22m
[2mdist/[22m[32mflags/il.svg                                      [39m[1m[2m     0.85 kB[22m[1m[22m[2m │ gzip:     0.47 kB[22m
[2mdist/[22m[32mflags/cm.svg                                      [39m[1m[2m     0.86 kB[22m[1m[22m[2m │ gzip:     0.34 kB[22m
[2mdist/[22m[32mflags/gw.svg                                      [39m[1m[2m     0.86 kB[22m[1m[22m[2m │ gzip:     0.33 kB[22m
[2mdist/[22m[32mflags/nu.svg                                      [39m[1m[2m     0.87 kB[22m[1m[22m[2m │ gzip:     0.45 kB[22m
[2mdist/[22m[32mflags/za.svg                                      [39m[1m[2m     0.88 kB[22m[1m[22m[2m │ gzip:     0.47 kB[22m
[2mdist/[22m[32mflags/gr.svg                                      [39m[1m[2m     0.88 kB[22m[1m[22m[2m │ gzip:     0.29 kB[22m
[2mdist/[22m[32mflags/sg.svg                                      [39m[1m[2m     0.90 kB[22m[1m[22m[2m │ gzip:     0.44 kB[22m
[2mdist/[22m[32mflags/cefta.svg                                   [39m[1m[2m     0.92 kB[22m[1m[22m[2m │ gzip:     0.38 kB[22m
[2mdist/[22m[32mflags/sb.svg                                      [39m[1m[2m     0.95 kB[22m[1m[22m[2m │ gzip:     0.47 kB[22m
[2mdist/[22m[32mflags/st.svg                                      [39m[1m[2m     0.97 kB[22m[1m[22m[2m │ gzip:     0.37 kB[22m
[2mdist/[22m[32mflags/na.svg                                      [39m[1m[2m     1.01 kB[22m[1m[22m[2m │ gzip:     0.50 kB[22m
[2mdist/[22m[32mflags/np.svg                                      [39m[1m[2m     1.02 kB[22m[1m[22m[2m │ gzip:     0.60 kB[22m
[2mdist/[22m[32mflags/km.svg                                      [39m[1m[2m     1.07 kB[22m[1m[22m[2m │ gzip:     0.51 kB[22m
[2mdist/[22m[32mflags/asean.svg                                   [39m[1m[2m     1.08 kB[22m[1m[22m[2m │ gzip:     0.56 kB[22m
[2mdist/[22m[32mflags/kr.svg                                      [39m[1m[2m     1.09 kB[22m[1m[22m[2m │ gzip:     0.50 kB[22m
[2mdist/[22m[32mflags/bi.svg                                      [39m[1m[2m     1.09 kB[22m[1m[22m[2m │ gzip:     0.50 kB[22m
[2mdist/[22m[32mflags/tf.svg                                      [39m[1m[2m     1.11 kB[22m[1m[22m[2m │ gzip:     0.45 kB[22m
[2mdist/[22m[32mflags/in.svg                                      [39m[1m[2m     1.12 kB[22m[1m[22m[2m │ gzip:     0.39 kB[22m
[2mdist/[22m[32mflags/ls.svg                                      [39m[1m[2m     1.14 kB[22m[1m[22m[2m │ gzip:     0.59 kB[22m
[2mdist/[22m[32mfavicon.ico                                       [39m[1m[2m     1.15 kB[22m[1m[22m
[2mdist/[22m[32mflags/et.svg                                      [39m[1m[2m     1.16 kB[22m[1m[22m[2m │ gzip:     0.67 kB[22m
[2mdist/[22m[32mflags/hn.svg                                      [39m[1m[2m     1.16 kB[22m[1m[22m[2m │ gzip:     0.35 kB[22m
[2mdist/[22m[32mflags/sk.svg                                      [39m[1m[2m     1.19 kB[22m[1m[22m[2m │ gzip:     0.56 kB[22m
[2mdist/[22m[32mflags/ve.svg                                      [39m[1m[2m     1.23 kB[22m[1m[22m[2m │ gzip:     0.40 kB[22m
[2mdist/[22m[32mflags/ba.svg                                      [39m[1m[2m     1.25 kB[22m[1m[22m[2m │ gzip:     0.57 kB[22m
[2mdist/[22m[32mflags/au.svg                                      [39m[1m[2m     1.30 kB[22m[1m[22m[2m │ gzip:     0.66 kB[22m
[2mdist/[22m[32mflags/hm.svg                                      [39m[1m[2m     1.30 kB[22m[1m[22m[2m │ gzip:     0.66 kB[22m
[2mdist/[22m[32mflags/ge.svg                                      [39m[1m[2m     1.32 kB[22m[1m[22m[2m │ gzip:     0.34 kB[22m
[2mdist/[22m[32mflags/eu.svg                                      [39m[1m[2m     1.32 kB[22m[1m[22m[2m │ gzip:     0.40 kB[22m
[2mdist/[22m[32mflags/nc.svg                                      [39m[1m[2m     1.34 kB[22m[1m[22m[2m │ gzip:     0.62 kB[22m
[2mdist/[22m[32mflags/mo.svg                                      [39m[1m[2m     1.38 kB[22m[1m[22m[2m │ gzip:     0.69 kB[22m
[2mdist/[22m[32mflags/ph.svg                                      [39m[1m[2m     1.39 kB[22m[1m[22m[2m │ gzip:     0.67 kB[22m
[2mdist/[22m[32mflags/my.svg                                      [39m[1m[2m     1.40 kB[22m[1m[22m[2m │ gzip:     0.48 kB[22m
[2mdist/[22m[32mflags/mn.svg                                      [39m[1m[2m     1.41 kB[22m[1m[22m[2m │ gzip:     0.68 kB[22m
[2mdist/[22m[32mflags/cv.svg                                      [39m[1m[2m     1.42 kB[22m[1m[22m[2m │ gzip:     0.57 kB[22m
[2mdist/[22m[32mflags/iq.svg                                      [39m[1m[2m     1.43 kB[22m[1m[22m[2m │ gzip:     0.77 kB[22m
[2mdist/[22m[32mflags/tv.svg                                      [39m[1m[2m     1.44 kB[22m[1m[22m[2m │ gzip:     0.58 kB[22m
[2mdist/[22m[32mflags/ke.svg                                      [39m[1m[2m     1.44 kB[22m[1m[22m[2m │ gzip:     0.56 kB[22m
[2mdist/[22m[32mflags/uz.svg                                      [39m[1m[2m     1.53 kB[22m[1m[22m[2m │ gzip:     0.45 kB[22m
[2mdist/[22m[32mflags/ao.svg                                      [39m[1m[2m     1.62 kB[22m[1m[22m[2m │ gzip:     0.73 kB[22m
[2mdist/[22m[32mflags/pg.svg                                      [39m[1m[2m     1.62 kB[22m[1m[22m[2m │ gzip:     0.84 kB[22m
[2mdist/[22m[32mflags/gd.svg                                      [39m[1m[2m     1.74 kB[22m[1m[22m[2m │ gzip:     0.57 kB[22m
[2mdist/[22m[32mflags/uy.svg                                      [39m[1m[2m     1.75 kB[22m[1m[22m[2m │ gzip:     0.79 kB[22m
[2mdist/[22m[32mflags/tj.svg                                      [39m[1m[2m     1.87 kB[22m[1m[22m[2m │ gzip:     0.65 kB[22m
[2mdist/[22m[32mflags/ck.svg                                      [39m[1m[2m     1.91 kB[22m[1m[22m[2m │ gzip:     0.92 kB[22m
[2mdist/[22m[32mflags/si.svg                                      [39m[1m[2m     2.01 kB[22m[1m[22m[2m │ gzip:     0.90 kB[22m
[2mdist/[22m[32mflags/vu.svg                                      [39m[1m[2m     2.03 kB[22m[1m[22m[2m │ gzip:     0.96 kB[22m
[2mdist/[22m[32mflags/by.svg                                      [39m[1m[2m     2.10 kB[22m[1m[22m[2m │ gzip:     0.93 kB[22m
[2mdist/[22m[32mflags/nz.svg                                      [39m[1m[2m     2.21 kB[22m[1m[22m[2m │ gzip:     0.65 kB[22m
[2mdist/[22m[32mflags/ai.svg                                      [39m[1m[2m     2.33 kB[22m[1m[22m[2m │ gzip:     0.96 kB[22m
[2mdist/[22m[32mflags/cx.svg                                      [39m[1m[2m     2.47 kB[22m[1m[22m[2m │ gzip:     1.13 kB[22m
[2mdist/[22m[32mflags/tw.svg                                      [39m[1m[2m     2.53 kB[22m[1m[22m[2m │ gzip:     0.90 kB[22m
[2mdist/[22m[32mflags/mz.svg                                      [39m[1m[2m     2.58 kB[22m[1m[22m[2m │ gzip:     1.04 kB[22m
[2mdist/[22m[32mflags/lb.svg                                      [39m[1m[2m     2.79 kB[22m[1m[22m[2m │ gzip:     1.35 kB[22m
[2mdist/[22m[32mflags/aq.svg                                      [39m[1m[2m     2.79 kB[22m[1m[22m[2m │ gzip:     1.33 kB[22m
[2mdist/[22m[32mflags/gi.svg                                      [39m[1m[2m     2.92 kB[22m[1m[22m[2m │ gzip:     1.32 kB[22m
[2mdist/[22m[32mflags/al.svg                                      [39m[1m[2m     3.13 kB[22m[1m[22m[2m │ gzip:     1.49 kB[22m
[2mdist/[22m[32mflags/cc.svg                                      [39m[1m[2m     3.14 kB[22m[1m[22m[2m │ gzip:     1.37 kB[22m
[2mdist/[22m[32mflags/er.svg                                      [39m[1m[2m     3.17 kB[22m[1m[22m[2m │ gzip:     1.51 kB[22m
[2mdist/[22m[32mflags/ar.svg                                      [39m[1m[2m     3.49 kB[22m[1m[22m[2m │ gzip:     1.15 kB[22m
[2mdist/[22m[32mflags/mw.svg                                      [39m[1m[2m     3.57 kB[22m[1m[22m[2m │ gzip:     1.64 kB[22m
[2mdist/[22m[32mflags/pc.svg                                      [39m[1m[2m     3.87 kB[22m[1m[22m[2m │ gzip:     0.97 kB[22m
[2mdist/[22m[32mflags/ug.svg                                      [39m[1m[2m     3.96 kB[22m[1m[22m[2m │ gzip:     1.34 kB[22m
[2mdist/[22m[32mflags/pf.svg                                      [39m[1m[2m     4.05 kB[22m[1m[22m[2m │ gzip:     1.68 kB[22m
[2mdist/[22m[32mflags/gu.svg                                      [39m[1m[2m     4.35 kB[22m[1m[22m[2m │ gzip:     1.84 kB[22m
[2mdist/[22m[32massets/worker-CqQdOYN3.ts                         [39m[1m[2m     4.49 kB[22m[1m[22m
[2mdist/[22m[32mflags/sz.svg                                      [39m[1m[2m     4.70 kB[22m[1m[22m[2m │ gzip:     1.93 kB[22m
[2mdist/[22m[32mflags/kg.svg                                      [39m[1m[2m     4.75 kB[22m[1m[22m[2m │ gzip:     1.92 kB[22m
[2mdist/[22m[32mflags/gq.svg                                      [39m[1m[2m     4.96 kB[22m[1m[22m[2m │ gzip:     2.02 kB[22m
[2mdist/[22m[32mflags/zm.svg                                      [39m[1m[2m     5.45 kB[22m[1m[22m[2m │ gzip:     2.27 kB[22m
[2mdist/[22m[32mflags/cy.svg                                      [39m[1m[2m     5.47 kB[22m[1m[22m[2m │ gzip:     2.38 kB[22m
[2mdist/[22m[32mflags/nf.svg                                      [39m[1m[2m     5.57 kB[22m[1m[22m[2m │ gzip:     2.47 kB[22m
[2mdist/[22m[32mflags/ki.svg                                      [39m[1m[2m     5.66 kB[22m[1m[22m[2m │ gzip:     1.64 kB[22m
[2mdist/[22m[32mflags/ms.svg                                      [39m[1m[2m     5.86 kB[22m[1m[22m[2m │ gzip:     2.55 kB[22m
[2mdist/[22m[32mflags/zw.svg                                      [39m[1m[2m     6.21 kB[22m[1m[22m[2m │ gzip:     2.49 kB[22m
[2mdist/[22m[32mlogos/opencut/text.svg                            [39m[1m[2m     6.81 kB[22m[1m[22m[2m │ gzip:     3.05 kB[22m
[2mdist/[22m[32mlogos/opencut/text-light.svg                      [39m[1m[2m     6.96 kB[22m[1m[22m[2m │ gzip:     3.13 kB[22m
[2mdist/[22m[32mlogos/opencut/logo-light.svg                      [39m[1m[2m     7.03 kB[22m[1m[22m[2m │ gzip:     3.08 kB[22m
[2mdist/[22m[32mlogos/opencut/logo.svg                            [39m[1m[2m     7.03 kB[22m[1m[22m[2m │ gzip:     3.08 kB[22m
[2mdist/[22m[32mflags/kz.svg                                      [39m[1m[2m     7.13 kB[22m[1m[22m[2m │ gzip:     2.93 kB[22m
[2mdist/[22m[32mflags/tc.svg                                      [39m[1m[2m     7.17 kB[22m[1m[22m[2m │ gzip:     3.00 kB[22m
[2mdist/[22m[32mflags/kh.svg                                      [39m[1m[2m     7.18 kB[22m[1m[22m[2m │ gzip:     2.73 kB[22m
[2mdist/[22m[32mflags/br.svg                                      [39m[1m[2m     7.19 kB[22m[1m[22m[2m │ gzip:     2.41 kB[22m
[2mdist/[22m[32mflags/li.svg                                      [39m[1m[2m     7.36 kB[22m[1m[22m[2m │ gzip:     2.97 kB[22m
[2mdist/[22m[32mflags/pt.svg                                      [39m[1m[2m     8.06 kB[22m[1m[22m[2m │ gzip:     3.26 kB[22m
[2mdist/[22m[32mflags/xk.svg                                      [39m[1m[2m     8.27 kB[22m[1m[22m[2m │ gzip:     3.26 kB[22m
[2mdist/[22m[32mflags/vi.svg                                      [39m[1m[2m     8.55 kB[22m[1m[22m[2m │ gzip:     3.60 kB[22m
[2mdist/[22m[32mflags/eg.svg                                      [39m[1m[2m     8.76 kB[22m[1m[22m[2m │ gzip:     3.56 kB[22m
[2mdist/[22m[32mflags/gb-wls.svg                                  [39m[1m[2m     9.11 kB[22m[1m[22m[2m │ gzip:     4.15 kB[22m
[2mdist/[22m[32mflags/im.svg                                      [39m[1m[2m     9.17 kB[22m[1m[22m[2m │ gzip:     3.52 kB[22m
[2mdist/[22m[32mflags/aw.svg                                      [39m[1m[2m     9.19 kB[22m[1m[22m[2m │ gzip:     1.67 kB[22m
[2mdist/[22m[32mflags/sa.svg                                      [39m[1m[2m     9.99 kB[22m[1m[22m[2m │ gzip:     4.26 kB[22m
[2mdist/[22m[32mflags/vg.svg                                      [39m[1m[2m    10.08 kB[22m[1m[22m[2m │ gzip:     4.15 kB[22m
[2mdist/[22m[32mflags/lk.svg                                      [39m[1m[2m    10.75 kB[22m[1m[22m[2m │ gzip:     4.46 kB[22m
[2mdist/[22m[32mflags/md.svg                                      [39m[1m[2m    11.20 kB[22m[1m[22m[2m │ gzip:     2.85 kB[22m
[2mdist/[22m[32mflags/sx.svg                                      [39m[1m[2m    12.27 kB[22m[1m[22m[2m │ gzip:     4.31 kB[22m
[2mdist/[22m[32mflags/bn.svg                                      [39m[1m[2m    13.38 kB[22m[1m[22m[2m │ gzip:     5.65 kB[22m
[2mdist/[22m[32mflags/ht.svg                                      [39m[1m[2m    13.42 kB[22m[1m[22m[2m │ gzip:     4.76 kB[22m
[2mdist/[22m[32mflags/pn.svg                                      [39m[1m[2m    13.52 kB[22m[1m[22m[2m │ gzip:     4.99 kB[22m
[2mdist/[22m[32mflags/eac.svg                                     [39m[1m[2m    13.68 kB[22m[1m[22m[2m │ gzip:     4.82 kB[22m
[2mdist/[22m[32mflags/mt.svg                                      [39m[1m[2m    13.98 kB[22m[1m[22m[2m │ gzip:     5.88 kB[22m
[2mdist/[22m[32mflags/ir.svg                                      [39m[1m[2m    15.62 kB[22m[1m[22m[2m │ gzip:     2.24 kB[22m
[2mdist/[22m[32mflags/sm.svg                                      [39m[1m[2m    15.76 kB[22m[1m[22m[2m │ gzip:     5.27 kB[22m
[2mdist/[22m[32mflags/dm.svg                                      [39m[1m[2m    15.94 kB[22m[1m[22m[2m │ gzip:     3.09 kB[22m
[2mdist/[22m[32mflags/py.svg                                      [39m[1m[2m    16.34 kB[22m[1m[22m[2m │ gzip:     5.79 kB[22m
[2mdist/[22m[32mflags/ni.svg                                      [39m[1m[2m    17.38 kB[22m[1m[22m[2m │ gzip:     5.37 kB[22m
[2mdist/[22m[32mflags/un.svg                                      [39m[1m[2m    18.72 kB[22m[1m[22m[2m │ gzip:     7.45 kB[22m
[2mdist/[22m[32mflags/af.svg                                      [39m[1m[2m    19.27 kB[22m[1m[22m[2m │ gzip:     7.76 kB[22m
[2mdist/[22m[32mflags/om.svg                                      [39m[1m[2m    22.34 kB[22m[1m[22m[2m │ gzip:     4.38 kB[22m
[2mdist/[22m[32mflags/gb-nir.svg                                  [39m[1m[2m    22.41 kB[22m[1m[22m[2m │ gzip:     5.98 kB[22m
[2mdist/[22m[32mflags/bm.svg                                      [39m[1m[2m    22.56 kB[22m[1m[22m[2m │ gzip:     7.19 kB[22m
[2mdist/[22m[32mflags/mp.svg                                      [39m[1m[2m    22.65 kB[22m[1m[22m[2m │ gzip:     6.98 kB[22m
[2mdist/[22m[32mflags/dg.svg                                      [39m[1m[2m    23.15 kB[22m[1m[22m[2m │ gzip:     4.12 kB[22m
[2mdist/[22m[32mflags/io.svg                                      [39m[1m[2m    23.15 kB[22m[1m[22m[2m │ gzip:     4.12 kB[22m
[2mdist/[22m[32mflags/ky.svg                                      [39m[1m[2m    23.49 kB[22m[1m[22m[2m │ gzip:     8.57 kB[22m
[2mdist/[22m[32mflags/fj.svg                                      [39m[1m[2m    24.22 kB[22m[1m[22m[2m │ gzip:     9.10 kB[22m
[2mdist/[22m[32mflags/arab.svg                                    [39m[1m[2m    24.54 kB[22m[1m[22m[2m │ gzip:     8.54 kB[22m
[2mdist/[22m[32mflags/bt.svg                                      [39m[1m[2m    24.87 kB[22m[1m[22m[2m │ gzip:    10.09 kB[22m
[2mdist/[22m[32mflags/es-ga.svg                                   [39m[1m[2m    28.40 kB[22m[1m[22m[2m │ gzip:     6.27 kB[22m
[2mdist/[22m[32mflags/fk.svg                                      [39m[1m[2m    28.83 kB[22m[1m[22m[2m │ gzip:     9.21 kB[22m
[2mdist/[22m[32mflags/sh-ta.svg                                   [39m[1m[2m    28.85 kB[22m[1m[22m[2m │ gzip:    11.04 kB[22m
[2mdist/[22m[32mflags/va.svg                                      [39m[1m[2m    28.91 kB[22m[1m[22m[2m │ gzip:     9.69 kB[22m
[2mdist/[22m[32mflags/ec.svg                                      [39m[1m[2m    28.92 kB[22m[1m[22m[2m │ gzip:     6.84 kB[22m
[2mdist/[22m[32mflags/as.svg                                      [39m[1m[2m    30.52 kB[22m[1m[22m[2m │ gzip:    11.47 kB[22m
[2mdist/[22m[32mflags/ad.svg                                      [39m[1m[2m    30.66 kB[22m[1m[22m[2m │ gzip:    11.16 kB[22m
[2mdist/[22m[32mflags/hr.svg                                      [39m[1m[2m    30.79 kB[22m[1m[22m[2m │ gzip:    13.15 kB[22m
[2mdist/[22m[32mflags/gt.svg                                      [39m[1m[2m    31.56 kB[22m[1m[22m[2m │ gzip:    11.32 kB[22m
[2mdist/[22m[32mflags/gs.svg                                      [39m[1m[2m    31.64 kB[22m[1m[22m[2m │ gzip:    11.42 kB[22m
[2mdist/[22m[32mflags/je.svg                                      [39m[1m[2m    34.25 kB[22m[1m[22m[2m │ gzip:     9.81 kB[22m
[2mdist/[22m[32mflags/sh-hl.svg                                   [39m[1m[2m    35.59 kB[22m[1m[22m[2m │ gzip:    12.89 kB[22m
[2mdist/[22m[32mflags/tm.svg                                      [39m[1m[2m    38.55 kB[22m[1m[22m[2m │ gzip:    12.10 kB[22m
[2mdist/[22m[32mflags/do.svg                                      [39m[1m[2m    40.47 kB[22m[1m[22m[2m │ gzip:    14.40 kB[22m
[2mdist/[22m[32mflags/bz.svg                                      [39m[1m[2m    42.65 kB[22m[1m[22m[2m │ gzip:    15.62 kB[22m
[2mdist/[22m[32meffects/preview.jpg                               [39m[1m[2m    48.18 kB[22m[1m[22m
[2mdist/[22m[32mflags/me.svg                                      [39m[1m[2m    56.49 kB[22m[1m[22m[2m │ gzip:    21.29 kB[22m
[2mdist/[22m[32mflags/sv.svg                                      [39m[1m[2m    77.87 kB[22m[1m[22m[2m │ gzip:    21.85 kB[22m
[2mdist/[22m[32mflags/es.svg                                      [39m[1m[2m    81.50 kB[22m[1m[22m[2m │ gzip:    14.82 kB[22m
[2mdist/[22m[32mflags/mx.svg                                      [39m[1m[2m    85.14 kB[22m[1m[22m[2m │ gzip:    29.52 kB[22m
[2mdist/[22m[32mfonts/font-chunk-14.avif                          [39m[1m[2m    91.33 kB[22m[1m[22m
[2mdist/[22m[32mflags/bo.svg                                      [39m[1m[2m   103.55 kB[22m[1m[22m[2m │ gzip:    24.86 kB[22m
[2mdist/[22m[32masset-manifest.json                               [39m[1m[2m   118.65 kB[22m[1m[22m[2m │ gzip:    17.25 kB[22m
[2mdist/[22m[32mfonts/font-chunk-6.avif                           [39m[1m[2m   126.97 kB[22m[1m[22m
[2mdist/[22m[32mfonts/font-chunk-5.avif                           [39m[1m[2m   132.68 kB[22m[1m[22m
[2mdist/[22m[32mfonts/font-chunk-8.avif                           [39m[1m[2m   136.23 kB[22m[1m[22m
[2mdist/[22m[32mfonts/font-chunk-3.avif                           [39m[1m[2m   138.71 kB[22m[1m[22m
[2mdist/[22m[32mfonts/font-chunk-0.avif                           [39m[1m[2m   140.05 kB[22m[1m[22m
[2mdist/[22m[32mfonts/font-chunk-4.avif                           [39m[1m[2m   141.22 kB[22m[1m[22m
[2mdist/[22m[32mfonts/font-chunk-7.avif                           [39m[1m[2m   141.29 kB[22m[1m[22m
[2mdist/[22m[32mfonts/font-chunk-13.avif                          [39m[1m[2m   141.77 kB[22m[1m[22m
[2mdist/[22m[32mflags/sh-ac.svg                                   [39m[1m[2m   144.06 kB[22m[1m[22m[2m │ gzip:    47.72 kB[22m
[2mdist/[22m[32mfonts/font-chunk-9.avif                           [39m[1m[2m   144.79 kB[22m[1m[22m
[2mdist/[22m[32mfonts/font-chunk-2.avif                           [39m[1m[2m   150.13 kB[22m[1m[22m
[2mdist/[22m[32mfonts/font-chunk-11.avif                          [39m[1m[2m   155.51 kB[22m[1m[22m
[2mdist/[22m[32mfonts/font-chunk-12.avif                          [39m[1m[2m   159.10 kB[22m[1m[22m
[2mdist/[22m[32mfonts/font-chunk-1.avif                           [39m[1m[2m   178.36 kB[22m[1m[22m
[2mdist/[22m[32mflags/rs.svg                                      [39m[1m[2m   181.93 kB[22m[1m[22m[2m │ gzip:    50.20 kB[22m
[2mdist/[22m[32mfonts/font-chunk-10.avif                          [39m[1m[2m   183.94 kB[22m[1m[22m
[2mdist/[22m[32mfonts/font-atlas.json                             [39m[1m[2m   227.11 kB[22m[1m[22m[2m │ gzip:    30.20 kB[22m
[2mdist/[22m[32mmodule-graph.json                                 [39m[1m[2m   240.75 kB[22m[1m[22m[2m │ gzip:    21.78 kB[22m
[2mdist/[22m[32massets/worker-AM2FS2wg.js                         [39m[1m[2m   868.31 kB[22m[1m[22m
[2mdist/[22m[32massets/opencut_wasm_bg-k0ttTfDM.wasm              [39m[1m[2m 3,285.86 kB[22m[1m[22m[2m │ gzip: 1,189.06 kB[22m
[2mdist/[22m[32massets/ort-wasm-simd-threaded.jsep-B0T3yYHD.wasm  [39m[1m[2m21,596.02 kB[22m[1m[22m[2m │ gzip: 5,087.10 kB[22m
[2mdist/[22m[35massets/surface-react-identity-probe-R_fEG16p.css  [39m[1m[2m   123.16 kB[22m[1m[22m[2m │ gzip:    19.10 kB[22m
[2mdist/[22m[36massets/surface-evidence-AHept-t_.js               [39m[1m[2m    58.50 kB[22m[1m[22m[2m │ gzip:    10.28 kB[22m
[2mdist/[22m[36massets/app-GcEO6L2V.js                            [39m[1m[2m    87.53 kB[22m[1m[22m[2m │ gzip:    17.84 kB[22m
[2mdist/[22m[36massets/surface-react-identity-probe-DvAYMoOl.js   [39m[1m[33m 4,458.55 kB[39m[22m[2m │ gzip:   812.02 kB[22m
[33m
(!) Some chunks are larger than 500 kB after minification. Consider:
- Using dynamic import() to code-split the application
- Use build.rollupOptions.output.manualChunks to improve chunking: https://rollupjs.org/configuration-options/#output-manualchunks
- Adjust chunk size limit for this warning via build.chunkSizeWarningLimit.[39m
[32m✓ built in 41.16s[39m
REAL_EXIT_CODE:0
