EXIT[check-agent-evidence]:0
EXIT[check-asset-manifest]:2
EXIT[check-distributable-boundary]:0
EXIT[check-editor-singleton]:0
EXIT[check-emitted-runtime-assets]:1
EXIT[check-headless-graph]:2
EXIT[check-headless-semantic-result]:2
EXIT[check-host-composition]:0
EXIT[check-next-imports]:0
EXIT[check-package-boundary]:0
EXIT[check-packed-manifest-closure]:0
EXIT[check-port-boundary]:0
EXIT[check-react-singleton]:0
EXIT[check-reference-boundary]:0
EXIT[check-resolution-equivalence]:1
EXIT[check-runtime-asset-boundary]:0
EXIT[check-sdk-consumer-view]:0
EXIT[check-sdk-surface-labels]:0
EXIT[check-session-resource-boundary]:0
EXIT[check-session-state-boundary]:0
EXIT[check-storage-boundary]:0
EXIT[check-surface-boundary]:0
EXIT[check-surface-css-boundary]:0
EXIT[check-surface-portal-boundary]:0
EXIT[check-surface-private-drag]:0
EXIT[check-transaction-boundary]:0
EXIT[check-type-baseline]:1
EXIT[check-wasm-api-surface]:0
EXIT[check-wasm-paths]:0
EXIT[check-wasm-source]:0
TOTAL_CHECKERS:30
SWEEP_DONE
REAL_EXIT_CODE:0
