check-packed-manifest-closure: verifying at c4334827 (reads the tarballs, never the workspace)
packed packages/editor-ports -> opencut-editor-ports-0.2.0.tgz
inventory: opencut-editor-ports-0.2.0.tgz — 25 file(s) hashed
packed packages/editor-contracts -> opencut-editor-contracts-0.2.0.tgz
inventory: opencut-editor-contracts-0.2.0.tgz — 63 file(s) hashed
packed packages/editor-classic -> opencut-editor-classic-0.2.0.tgz
inventory: opencut-editor-classic-0.2.0.tgz — 807 file(s) hashed
packed rust/wasm/pkg -> opencut-wasm-0.2.10.tgz
inventory: opencut-wasm-0.2.10.tgz — 7 file(s) hashed
closure: packed fresh tarballs into E:\rocut-p7-review-scratch\v3-tarballs (4 file(s))

=== @opencut/editor-ports@0.2.0 (opencut-editor-ports-0.2.0.tgz) ===
  census  @opencut/editor-ports: files-scanned 19, import-occurrences 46, unique-bare 1, declared 0, entry-roots 6, reachable 15, level2-subjects 0, latent 0, activated 0
  census  dispositions honoured: bun:test×2 (register: 2 row(s))

=== @opencut/editor-contracts@0.2.0 (opencut-editor-contracts-0.2.0.tgz) ===
  census  @opencut/editor-contracts: files-scanned 55, import-occurrences 240, unique-bare 8, declared 1, entry-roots 10, reachable 37, level2-subjects 0, latent 0, activated 0
  census  dispositions honoured: bun:test×13 (register: 2 row(s))

=== @opencut/editor-classic@0.2.0 (opencut-editor-classic-0.2.0.tgz) ===
  census  @opencut/editor-classic: files-scanned 796, import-occurrences 3502, unique-bare 49, declared 32, entry-roots 18, reachable 683, level2-subjects 2, latent 2, activated 0
  census  dispositions honoured: bun:test×88, @napi-rs/canvas×3 (register: 2 row(s))

=== opencut-wasm@0.2.10 (opencut-wasm-0.2.10.tgz) ===
  census  opencut-wasm: files-scanned 3, import-occurrences 2, unique-bare 0, declared 0, entry-roots 1, reachable 2, level2-subjects 0, latent 0, activated 0
  census  dispositions honoured: none (register: 2 row(s))
  note    no dispositioned specifier occurred in this package's shipped source

closure: 0 failure(s) over 4 package(s) — dispositions 2, register 2 row(s), re-derived this run
REAL_EXIT_CODE[closure]:0
REAL_EXIT_CODE:0
