$ vite build
vite v7.3.6 building client environment for production...
transforming...
✓ 3789 modules transformed.
[plugin vite:reporter] 
(!) E:/AI/ChatAI/Agents/VibeCodingProjects/elftia/_others/rocut/packages/editor-classic/src/stickers/providers/countries-data.ts is dynamically imported by E:/AI/ChatAI/Agents/VibeCodingProjects/elftia/_others/rocut/packages/editor-classic/src/stickers/providers/flags.ts but also statically imported by E:/AI/ChatAI/Agents/VibeCodingProjects/elftia/_others/rocut/packages/editor-classic/src/stickers/providers/flags.ts, dynamic import will not move module into another chunk.

rendering chunks...
computing gzip size...
dist/flags/id.svg                              0.18 kB │ gzip:     0.15 kB
dist/flags/pe.svg                              0.19 kB │ gzip:     0.16 kB
dist/flags/bd.svg                              0.19 kB │ gzip:     0.17 kB
dist/flags/at.svg                              0.20 kB │ gzip:     0.16 kB
dist/workers/c4-worker-fixture.js              0.21 kB
dist/flags/se.svg                              0.21 kB │ gzip:     0.18 kB
dist/flags/pl.svg                              0.23 kB │ gzip:     0.18 kB
dist/flags/bq.svg                              0.23 kB │ gzip:     0.16 kB
dist/flags/de.svg                              0.23 kB │ gzip:     0.16 kB
dist/flags/gl.svg                              0.23 kB │ gzip:     0.18 kB
dist/flags/bg.svg                              0.23 kB │ gzip:     0.16 kB
dist/flags/cz.svg                              0.23 kB │ gzip:     0.17 kB
dist/flags/ee.svg                              0.23 kB │ gzip:     0.16 kB
dist/flags/lu.svg                              0.23 kB │ gzip:     0.16 kB
dist/flags/nl.svg                              0.23 kB │ gzip:     0.16 kB
dist/flags/ru.svg                              0.23 kB │ gzip:     0.16 kB
dist/flags/gb-sct.svg                          0.23 kB │ gzip:     0.20 kB
dist/flags/am.svg                              0.23 kB │ gzip:     0.16 kB
dist/flags/mq.svg                              0.23 kB │ gzip:     0.17 kB
dist/flags/bl.svg                              0.24 kB │ gzip:     0.17 kB
dist/flags/fr.svg                              0.24 kB │ gzip:     0.17 kB
dist/flags/gf.svg                              0.24 kB │ gzip:     0.17 kB
dist/flags/gp.svg                              0.24 kB │ gzip:     0.17 kB
dist/flags/lv.svg                              0.24 kB │ gzip:     0.19 kB
dist/flags/mf.svg                              0.24 kB │ gzip:     0.17 kB
dist/flags/pm.svg                              0.24 kB │ gzip:     0.17 kB
dist/flags/re.svg                              0.24 kB │ gzip:     0.17 kB
dist/flags/wf.svg                              0.24 kB │ gzip:     0.17 kB
dist/flags/yt.svg                              0.24 kB │ gzip:     0.17 kB
dist/flags/ua.svg                              0.24 kB │ gzip:     0.19 kB
dist/flags/fi.svg                              0.24 kB │ gzip:     0.18 kB
dist/flags/mc.svg                              0.24 kB │ gzip:     0.19 kB
dist/flags/dk.svg                              0.24 kB │ gzip:     0.18 kB
dist/flags/gb-eng.svg                          0.24 kB │ gzip:     0.18 kB
dist/flags/ma.svg                              0.25 kB │ gzip:     0.21 kB
dist/flags/bh.svg                              0.26 kB │ gzip:     0.19 kB
dist/flags/es-ct.svg                           0.26 kB │ gzip:     0.21 kB
dist/flags/ng.svg                              0.26 kB │ gzip:     0.21 kB
dist/flags/bw.svg                              0.27 kB │ gzip:     0.19 kB
dist/flags/ae.svg                              0.27 kB │ gzip:     0.17 kB
dist/flags/ga.svg                              0.28 kB │ gzip:     0.19 kB
dist/flags/hu.svg                              0.28 kB │ gzip:     0.19 kB
dist/flags/td.svg                              0.28 kB │ gzip:     0.20 kB
dist/flags/ne.svg                              0.28 kB │ gzip:     0.19 kB
dist/flags/sl.svg                              0.28 kB │ gzip:     0.20 kB
dist/flags/ml.svg                              0.28 kB │ gzip:     0.20 kB
dist/flags/ps.svg                              0.28 kB │ gzip:     0.20 kB
dist/flags/ci.svg                              0.28 kB │ gzip:     0.20 kB
dist/flags/xx.svg                              0.29 kB │ gzip:     0.21 kB
dist/flags/th.svg                              0.29 kB │ gzip:     0.20 kB
dist/flags/mv.svg                              0.29 kB │ gzip:     0.20 kB
dist/flags/co.svg                              0.29 kB │ gzip:     0.21 kB
dist/flags/ic.svg                              0.29 kB │ gzip:     0.21 kB
dist/flags/ye.svg                              0.29 kB │ gzip:     0.21 kB
dist/flags/cp.svg                              0.30 kB │ gzip:     0.21 kB
dist/flags/ie.svg                              0.30 kB │ gzip:     0.21 kB
dist/flags/it.svg                              0.30 kB │ gzip:     0.21 kB
dist/flags/cr.svg                              0.30 kB │ gzip:     0.21 kB
dist/flags/ch.svg                              0.30 kB │ gzip:     0.22 kB
dist/flags/dz.svg                              0.30 kB │ gzip:     0.22 kB
dist/flags/gh.svg                              0.30 kB │ gzip:     0.20 kB
dist/flags/gn.svg                              0.30 kB │ gzip:     0.21 kB
dist/flags/mg.svg                              0.31 kB │ gzip:     0.21 kB
dist/flags/be.svg                              0.31 kB │ gzip:     0.22 kB
dist/flags/ro.svg                              0.31 kB │ gzip:     0.22 kB
dist/flags/tt.svg                              0.31 kB │ gzip:     0.22 kB
dist/flags/sr.svg                              0.32 kB │ gzip:     0.22 kB
dist/flags/mu.svg                              0.32 kB │ gzip:     0.20 kB
dist/flags/sc.svg                              0.32 kB │ gzip:     0.20 kB
dist/flags/no.svg                              0.33 kB │ gzip:     0.19 kB
dist/flags/sj.svg                              0.33 kB │ gzip:     0.19 kB
dist/flags/cd.svg                              0.34 kB │ gzip:     0.24 kB
dist/flags/tn.svg                              0.35 kB │ gzip:     0.24 kB
dist/flags/qa.svg                              0.36 kB │ gzip:     0.20 kB
dist/flags/bf.svg                              0.36 kB │ gzip:     0.26 kB
dist/flags/lc.svg                              0.36 kB │ gzip:     0.24 kB
dist/flags/to.svg                              0.36 kB │ gzip:     0.24 kB
dist/flags/sy.svg                              0.37 kB │ gzip:     0.22 kB
dist/logos/opencut/svg/logo.svg                0.37 kB │ gzip:     0.24 kB
dist/flags/mk.svg                              0.38 kB │ gzip:     0.26 kB
dist/flags/ss.svg                              0.41 kB │ gzip:     0.23 kB
dist/flags/jm.svg                              0.41 kB │ gzip:     0.25 kB
dist/flags/es-pv.svg                           0.43 kB │ gzip:     0.29 kB
dist/flags/sn.svg                              0.43 kB │ gzip:     0.27 kB
dist/flags/vc.svg                              0.44 kB │ gzip:     0.25 kB
dist/flags/mr.svg                              0.44 kB │ gzip:     0.26 kB
dist/flags/lt.svg                              0.45 kB │ gzip:     0.28 kB
dist/flags/la.svg                              0.47 kB │ gzip:     0.29 kB
dist/flags/pw.svg                              0.48 kB │ gzip:     0.31 kB
dist/flags/jp.svg                              0.48 kB │ gzip:     0.33 kB
dist/flags/cg.svg                              0.48 kB │ gzip:     0.31 kB
dist/logos/opencut/icon.svg                    0.49 kB │ gzip:     0.29 kB
dist/flags/so.svg                              0.49 kB │ gzip:     0.34 kB
dist/flags/vn.svg                              0.50 kB │ gzip:     0.34 kB
dist/flags/gy.svg                              0.50 kB │ gzip:     0.30 kB
dist/flags/az.svg                              0.51 kB │ gzip:     0.28 kB
dist/flags/gb.svg                              0.51 kB │ gzip:     0.31 kB
dist/flags/sh.svg                              0.51 kB │ gzip:     0.31 kB
dist/flags/bj.svg                              0.51 kB │ gzip:     0.31 kB
dist/flags/sd.svg                              0.52 kB │ gzip:     0.31 kB
dist/flags/is.svg                              0.52 kB │ gzip:     0.32 kB
dist/flags/kw.svg                              0.53 kB │ gzip:     0.32 kB
dist/flags/gm.svg                              0.56 kB │ gzip:     0.32 kB
dist/flags/tr.svg                              0.56 kB │ gzip:     0.33 kB
dist/flags/tz.svg                              0.56 kB │ gzip:     0.34 kB
dist/flags/ly.svg                              0.56 kB │ gzip:     0.33 kB
dist/flags/cl.svg                              0.57 kB │ gzip:     0.35 kB
dist/flags/fo.svg                              0.57 kB │ gzip:     0.37 kB
dist/flags/bs.svg                              0.57 kB │ gzip:     0.33 kB
dist/flags/ax.svg                              0.57 kB │ gzip:     0.31 kB
dist/flags/bv.svg                              0.60 kB │ gzip:     0.38 kB
dist/flags/dj.svg                              0.60 kB │ gzip:     0.36 kB
dist/logos/opencut/symbol-light.svg            0.61 kB │ gzip:     0.33 kB
dist/logos/opencut/symbol.svg                  0.61 kB │ gzip:     0.34 kB
dist/flags/gg.svg                              0.61 kB │ gzip:     0.30 kB
dist/flags/cu.svg                              0.62 kB │ gzip:     0.37 kB
dist/flags/tl.svg                              0.62 kB │ gzip:     0.37 kB
dist/flags/ca.svg                              0.63 kB │ gzip:     0.40 kB
dist/flags/bb.svg                              0.63 kB │ gzip:     0.41 kB
dist/flags/pr.svg                              0.64 kB │ gzip:     0.37 kB
dist/flags/um.svg                              0.66 kB │ gzip:     0.34 kB
dist/flags/us.svg                              0.66 kB │ gzip:     0.34 kB
dist/flags/nr.svg                              0.66 kB │ gzip:     0.41 kB
dist/flags/ws.svg                              0.69 kB │ gzip:     0.43 kB
dist/flags/cw.svg                              0.70 kB │ gzip:     0.37 kB
dist/flags/cf.svg                              0.70 kB │ gzip:     0.38 kB
dist/flags/mm.svg                              0.72 kB │ gzip:     0.31 kB
dist/flags/tg.svg                              0.72 kB │ gzip:     0.40 kB
dist/flags/lr.svg                              0.73 kB │ gzip:     0.39 kB
dist/flags/hk.svg                              0.74 kB │ gzip:     0.39 kB
dist/flags/mh.svg                              0.74 kB │ gzip:     0.44 kB
dist/flags/pk.svg                              0.74 kB │ gzip:     0.44 kB
dist/flags/jo.svg                              0.74 kB │ gzip:     0.40 kB
dist/flags/ag.svg                              0.76 kB │ gzip:     0.43 kB
dist/flags/pa.svg                              0.76 kB │ gzip:     0.40 kB
dist/flags/tk.svg                              0.77 kB │ gzip:     0.43 kB
dist/flags/rw.svg                              0.77 kB │ gzip:     0.40 kB
dist/flags/fm.svg                              0.78 kB │ gzip:     0.44 kB
dist/flags/kp.svg                              0.80 kB │ gzip:     0.43 kB
dist/flags/kn.svg                              0.81 kB │ gzip:     0.45 kB
dist/flags/eh.svg                              0.82 kB │ gzip:     0.42 kB
dist/flags/cn.svg                              0.82 kB │ gzip:     0.36 kB
dist/flags/il.svg                              0.85 kB │ gzip:     0.47 kB
dist/flags/cm.svg                              0.86 kB │ gzip:     0.34 kB
dist/flags/gw.svg                              0.86 kB │ gzip:     0.33 kB
dist/flags/nu.svg                              0.87 kB │ gzip:     0.45 kB
dist/flags/za.svg                              0.88 kB │ gzip:     0.47 kB
dist/flags/gr.svg                              0.88 kB │ gzip:     0.29 kB
dist/flags/sg.svg                              0.90 kB │ gzip:     0.44 kB
dist/flags/cefta.svg                           0.92 kB │ gzip:     0.38 kB
dist/flags/sb.svg                              0.95 kB │ gzip:     0.47 kB
dist/flags/st.svg                              0.97 kB │ gzip:     0.37 kB
dist/flags/na.svg                              1.01 kB │ gzip:     0.50 kB
dist/index.html                                1.01 kB │ gzip:     0.58 kB
dist/flags/np.svg                              1.02 kB │ gzip:     0.60 kB
dist/flags/km.svg                              1.07 kB │ gzip:     0.51 kB
dist/flags/asean.svg                           1.08 kB │ gzip:     0.56 kB
dist/flags/kr.svg                              1.09 kB │ gzip:     0.50 kB
dist/flags/bi.svg                              1.09 kB │ gzip:     0.50 kB
dist/flags/tf.svg                              1.11 kB │ gzip:     0.45 kB
dist/flags/in.svg                              1.12 kB │ gzip:     0.39 kB
dist/flags/ls.svg                              1.14 kB │ gzip:     0.59 kB
dist/favicon.ico                               1.15 kB
dist/flags/et.svg                              1.16 kB │ gzip:     0.67 kB
dist/flags/hn.svg                              1.16 kB │ gzip:     0.35 kB
dist/flags/sk.svg                              1.19 kB │ gzip:     0.56 kB
dist/flags/ve.svg                              1.23 kB │ gzip:     0.40 kB
dist/flags/ba.svg                              1.25 kB │ gzip:     0.57 kB
dist/flags/au.svg                              1.30 kB │ gzip:     0.66 kB
dist/flags/hm.svg                              1.30 kB │ gzip:     0.66 kB
dist/flags/ge.svg                              1.32 kB │ gzip:     0.34 kB
dist/flags/eu.svg                              1.32 kB │ gzip:     0.40 kB
dist/flags/nc.svg                              1.34 kB │ gzip:     0.62 kB
dist/flags/mo.svg                              1.38 kB │ gzip:     0.69 kB
dist/flags/ph.svg                              1.39 kB │ gzip:     0.67 kB
dist/flags/my.svg                              1.40 kB │ gzip:     0.48 kB
dist/flags/mn.svg                              1.41 kB │ gzip:     0.68 kB
dist/flags/cv.svg                              1.42 kB │ gzip:     0.57 kB
dist/flags/iq.svg                              1.43 kB │ gzip:     0.77 kB
dist/flags/tv.svg                              1.44 kB │ gzip:     0.58 kB
dist/flags/ke.svg                              1.44 kB │ gzip:     0.56 kB
dist/flags/uz.svg                              1.53 kB │ gzip:     0.45 kB
dist/flags/ao.svg                              1.62 kB │ gzip:     0.73 kB
dist/flags/pg.svg                              1.62 kB │ gzip:     0.84 kB
dist/flags/gd.svg                              1.74 kB │ gzip:     0.57 kB
dist/flags/uy.svg                              1.75 kB │ gzip:     0.79 kB
dist/flags/tj.svg                              1.87 kB │ gzip:     0.65 kB
dist/flags/ck.svg                              1.91 kB │ gzip:     0.92 kB
dist/flags/si.svg                              2.01 kB │ gzip:     0.90 kB
dist/flags/vu.svg                              2.03 kB │ gzip:     0.96 kB
dist/flags/by.svg                              2.10 kB │ gzip:     0.93 kB
dist/flags/nz.svg                              2.21 kB │ gzip:     0.65 kB
dist/flags/ai.svg                              2.33 kB │ gzip:     0.96 kB
dist/flags/cx.svg                              2.47 kB │ gzip:     1.13 kB
dist/flags/tw.svg                              2.53 kB │ gzip:     0.90 kB
dist/flags/mz.svg                              2.58 kB │ gzip:     1.04 kB
dist/flags/lb.svg                              2.79 kB │ gzip:     1.35 kB
dist/flags/aq.svg                              2.79 kB │ gzip:     1.33 kB
dist/flags/gi.svg                              2.92 kB │ gzip:     1.32 kB
dist/flags/al.svg                              3.13 kB │ gzip:     1.49 kB
dist/flags/cc.svg                              3.14 kB │ gzip:     1.37 kB
dist/flags/er.svg                              3.17 kB │ gzip:     1.51 kB
dist/flags/ar.svg                              3.49 kB │ gzip:     1.15 kB
dist/flags/mw.svg                              3.57 kB │ gzip:     1.64 kB
dist/flags/pc.svg                              3.87 kB │ gzip:     0.97 kB
dist/flags/ug.svg                              3.96 kB │ gzip:     1.34 kB
dist/flags/pf.svg                              4.05 kB │ gzip:     1.68 kB
dist/flags/gu.svg                              4.35 kB │ gzip:     1.84 kB
dist/assets/worker-CqQdOYN3.ts                 4.49 kB
dist/flags/sz.svg                              4.70 kB │ gzip:     1.93 kB
dist/flags/kg.svg                              4.75 kB │ gzip:     1.92 kB
dist/flags/gq.svg                              4.96 kB │ gzip:     2.02 kB
dist/flags/zm.svg                              5.45 kB │ gzip:     2.27 kB
dist/flags/cy.svg                              5.47 kB │ gzip:     2.38 kB
dist/flags/nf.svg                              5.57 kB │ gzip:     2.47 kB
dist/flags/ki.svg                              5.66 kB │ gzip:     1.64 kB
dist/flags/ms.svg                              5.86 kB │ gzip:     2.55 kB
dist/flags/zw.svg                              6.21 kB │ gzip:     2.49 kB
dist/logos/opencut/text.svg                    6.81 kB │ gzip:     3.05 kB
dist/logos/opencut/text-light.svg              6.96 kB │ gzip:     3.13 kB
dist/logos/opencut/logo-light.svg              7.03 kB │ gzip:     3.08 kB
dist/logos/opencut/logo.svg                    7.03 kB │ gzip:     3.08 kB
dist/flags/kz.svg                              7.13 kB │ gzip:     2.93 kB
dist/flags/tc.svg                              7.17 kB │ gzip:     3.00 kB
dist/flags/kh.svg                              7.18 kB │ gzip:     2.73 kB
dist/flags/br.svg                              7.19 kB │ gzip:     2.41 kB
dist/flags/li.svg                              7.36 kB │ gzip:     2.97 kB
dist/flags/pt.svg                              8.06 kB │ gzip:     3.26 kB
dist/flags/xk.svg                              8.27 kB │ gzip:     3.26 kB
dist/flags/vi.svg                              8.55 kB │ gzip:     3.60 kB
dist/flags/eg.svg                              8.76 kB │ gzip:     3.56 kB
dist/flags/gb-wls.svg                          9.11 kB │ gzip:     4.15 kB
dist/flags/im.svg                              9.17 kB │ gzip:     3.52 kB
dist/flags/aw.svg                              9.19 kB │ gzip:     1.67 kB
dist/flags/sa.svg                              9.99 kB │ gzip:     4.26 kB
dist/flags/vg.svg                             10.08 kB │ gzip:     4.15 kB
dist/flags/lk.svg                             10.75 kB │ gzip:     4.46 kB
dist/flags/md.svg                             11.20 kB │ gzip:     2.85 kB
dist/flags/sx.svg                             12.27 kB │ gzip:     4.31 kB
dist/flags/bn.svg                             13.38 kB │ gzip:     5.65 kB
dist/flags/ht.svg                             13.42 kB │ gzip:     4.76 kB
dist/flags/pn.svg                             13.52 kB │ gzip:     4.99 kB
dist/flags/eac.svg                            13.68 kB │ gzip:     4.82 kB
dist/flags/mt.svg                             13.98 kB │ gzip:     5.88 kB
dist/flags/ir.svg                             15.62 kB │ gzip:     2.24 kB
dist/flags/sm.svg                             15.76 kB │ gzip:     5.27 kB
dist/flags/dm.svg                             15.94 kB │ gzip:     3.09 kB
dist/flags/py.svg                             16.34 kB │ gzip:     5.79 kB
dist/flags/ni.svg                             17.38 kB │ gzip:     5.37 kB
dist/flags/un.svg                             18.72 kB │ gzip:     7.45 kB
dist/flags/af.svg                             19.27 kB │ gzip:     7.76 kB
dist/flags/om.svg                             22.34 kB │ gzip:     4.38 kB
dist/flags/gb-nir.svg                         22.41 kB │ gzip:     5.98 kB
dist/flags/bm.svg                             22.56 kB │ gzip:     7.19 kB
dist/flags/mp.svg                             22.65 kB │ gzip:     6.98 kB
dist/flags/dg.svg                             23.15 kB │ gzip:     4.12 kB
dist/flags/io.svg                             23.15 kB │ gzip:     4.12 kB
dist/flags/ky.svg                             23.49 kB │ gzip:     8.57 kB
dist/flags/fj.svg                             24.22 kB │ gzip:     9.10 kB
dist/flags/arab.svg                           24.54 kB │ gzip:     8.54 kB
dist/flags/bt.svg                             24.87 kB │ gzip:    10.09 kB
dist/flags/es-ga.svg                          28.40 kB │ gzip:     6.27 kB
dist/flags/fk.svg                             28.83 kB │ gzip:     9.21 kB
dist/flags/sh-ta.svg                          28.85 kB │ gzip:    11.04 kB
dist/flags/va.svg                             28.91 kB │ gzip:     9.69 kB
dist/flags/ec.svg                             28.92 kB │ gzip:     6.84 kB
dist/flags/as.svg                             30.52 kB │ gzip:    11.47 kB
dist/flags/ad.svg                             30.66 kB │ gzip:    11.16 kB
dist/flags/hr.svg                             30.79 kB │ gzip:    13.15 kB
dist/flags/gt.svg                             31.56 kB │ gzip:    11.32 kB
dist/flags/gs.svg                             31.64 kB │ gzip:    11.42 kB
dist/flags/je.svg                             34.25 kB │ gzip:     9.81 kB
dist/flags/sh-hl.svg                          35.59 kB │ gzip:    12.89 kB
dist/flags/tm.svg                             38.55 kB │ gzip:    12.10 kB
dist/flags/do.svg                             40.47 kB │ gzip:    14.40 kB
dist/flags/bz.svg                             42.65 kB │ gzip:    15.62 kB
dist/effects/preview.jpg                      48.18 kB
dist/flags/me.svg                             56.49 kB │ gzip:    21.29 kB
dist/flags/sv.svg                             77.87 kB │ gzip:    21.85 kB
dist/flags/es.svg                             81.50 kB │ gzip:    14.82 kB
dist/flags/mx.svg                             85.14 kB │ gzip:    29.52 kB
dist/fonts/font-chunk-14.avif                 91.33 kB
dist/flags/bo.svg                            103.55 kB │ gzip:    24.86 kB
dist/asset-manifest.json                     117.14 kB │ gzip:    16.93 kB
dist/fonts/font-chunk-6.avif                 126.97 kB
dist/fonts/font-chunk-5.avif                 132.68 kB
dist/fonts/font-chunk-8.avif                 136.23 kB
dist/fonts/font-chunk-3.avif                 138.71 kB
dist/fonts/font-chunk-0.avif                 140.05 kB
dist/fonts/font-chunk-4.avif                 141.22 kB
dist/fonts/font-chunk-7.avif                 141.29 kB
dist/fonts/font-chunk-13.avif                141.77 kB
dist/flags/sh-ac.svg                         144.06 kB │ gzip:    47.72 kB
dist/fonts/font-chunk-9.avif                 144.79 kB
dist/fonts/font-chunk-2.avif                 150.13 kB
dist/fonts/font-chunk-11.avif                155.51 kB
dist/fonts/font-chunk-12.avif                159.10 kB
dist/fonts/font-chunk-1.avif                 178.36 kB
dist/flags/rs.svg                            181.93 kB │ gzip:    50.20 kB
dist/fonts/font-chunk-10.avif                183.94 kB
dist/fonts/font-atlas.json                   227.11 kB │ gzip:    30.20 kB
dist/module-graph.json                       236.96 kB │ gzip:    21.37 kB
dist/assets/opencut_wasm_bg-PlMeUgEh.wasm  3,286.34 kB │ gzip: 1,189.08 kB
dist/assets/app-BKVG1yTz.css                 132.22 kB │ gzip:    19.96 kB
dist/assets/app-CXNWxc13.js                4,199.33 kB │ gzip:   774.64 kB

(!) Some chunks are larger than 500 kB after minification. Consider:
- Using dynamic import() to code-split the application
- Use build.rollupOptions.output.manualChunks to improve chunking: https://rollupjs.org/configuration-options/#output-manualchunks
- Adjust chunk size limit for this warning via build.chunkSizeWarningLimit.
✓ built in 23.94s
REAL_EXIT_CODE:0
