converse control at 98ab8997: a dispositioned specifier in a TEST file and the register rows must stay SILENT
CONTROL-1a/1b/1c scratch root: C:\Users\Sayo\.opencut-scratch-p7-closure (outside repo, outside Temp, ancestors node_modules-free)
packed packages/editor-ports -> opencut-editor-ports-0.2.0.tgz
inventory: opencut-editor-ports-0.2.0.tgz — 25 file(s) hashed
packed packages/editor-contracts -> opencut-editor-contracts-0.2.0.tgz
inventory: opencut-editor-contracts-0.2.0.tgz — 63 file(s) hashed
packed packages/editor-classic -> opencut-editor-classic-0.2.0.tgz
inventory: opencut-editor-classic-0.2.0.tgz — 807 file(s) hashed
packed rust/wasm/pkg -> opencut-wasm-0.2.10.tgz
inventory: opencut-wasm-0.2.10.tgz — 7 file(s) hashed
doctored src/__tests__/converse-disposition.test.ts: + "@napi-rs/canvas" (dispositioned, test file)
control world (converse): doctored classic repacked as opencut-editor-classic-0.2.0.tgz; 3 untouched tarball(s) staged beside it
closure: verifying pre-packed tarballs from C:\Users\Sayo\.opencut-scratch-p7-closure\converse-prepacked (4 file(s))

=== @opencut/editor-classic@0.2.0 (opencut-editor-classic-0.2.0.tgz) ===
  census  @opencut/editor-classic: files-scanned 797, import-occurrences 3503, unique-bare 49, declared 32, entry-roots 18, reachable 683, level2-subjects 2, latent 2, activated 0
  census  dispositions honoured: @napi-rs/canvas×4, bun:test×88 (register: 2 row(s))

=== @opencut/editor-contracts@0.2.0 (opencut-editor-contracts-0.2.0.tgz) ===
  census  @opencut/editor-contracts: files-scanned 55, import-occurrences 240, unique-bare 8, declared 1, entry-roots 10, reachable 37, level2-subjects 0, latent 0, activated 0
  census  dispositions honoured: bun:test×13 (register: 2 row(s))

=== @opencut/editor-ports@0.2.0 (opencut-editor-ports-0.2.0.tgz) ===
  census  @opencut/editor-ports: files-scanned 19, import-occurrences 46, unique-bare 1, declared 0, entry-roots 6, reachable 15, level2-subjects 0, latent 0, activated 0
  census  dispositions honoured: bun:test×2 (register: 2 row(s))

=== opencut-wasm@0.2.10 (opencut-wasm-0.2.10.tgz) ===
  census  opencut-wasm: files-scanned 3, import-occurrences 2, unique-bare 0, declared 0, entry-roots 1, reachable 2, level2-subjects 0, latent 0, activated 0
  census  dispositions honoured: none (register: 2 row(s))
  note    no dispositioned specifier occurred in this package's shipped source
repo-untouched proof: git status --porcelain -> "M package.json\n?? .rasen/\n?? rasen/changes/s05-community-beta-second-host/\n?? rasen/changes/s05-provenance-and-beta-closure/.openspec.yaml\n?? rasen/changes/s05-provenance-and-beta-closure/design.md\n?? rasen/changes/s05-provenance-and-beta-closure/evidence/logs/group3-closure-converse.log\n?? rasen/changes/s05-provenance-and-beta-closure/evidence/logs/group3-closure-green.log\n?? rasen/changes/s05-provenance-and-beta-closure/evidence/logs/group3-closure-negative.log\n?? rasen/changes/s05-provenance-and-beta-closure/proposal.md\n?? rasen/changes/s05-provenance-and-beta-closure/specs/\n?? script/check-packed-manifest-closure.mjs"
converse control: clean — the dispositioned test-file import stayed silent and the 2 register row(s) stayed silent (classic: latent 2, activated 0)
REAL_EXIT_CODE[closure-converse]:0
REAL_EXIT_CODE:0
