run-published-examples: running at 41d4450a
scratch root: E:\opencut-scratch-wasm (OPENCUT_SCRATCH_ROOT)
CONTROL-1a root-outside-repo-tree: PASS (..\..\..\..\..\..\..\opencut-scratch-wasm)
CONTROL-1b root-outside-temp: PASS (checked 4 Temp root(s))
CONTROL-1c ancestors-node_modules-free: PASS (checked 1 ancestor(s) up to the drive root)
lifecycle: wiping previous scratch root (marker verified)
lifecycle: fresh scratch root created with marker (E:\opencut-scratch-wasm)
pack: packed packages/editor-ports -> opencut-editor-ports-0.2.0.tgz
pack: inventory: opencut-editor-ports-0.2.0.tgz — 25 file(s) hashed
pack: packed packages/editor-contracts -> opencut-editor-contracts-0.2.0.tgz
pack: inventory: opencut-editor-contracts-0.2.0.tgz — 63 file(s) hashed
pack: packed packages/editor-classic -> opencut-editor-classic-0.2.0.tgz
pack: inventory: opencut-editor-classic-0.2.0.tgz — 807 file(s) hashed
pack: packed rust/wasm/pkg -> opencut-wasm-0.2.10.tgz
pack: inventory: opencut-wasm-0.2.10.tgz — 8 file(s) hashed
pack: 4 tarball(s) staged into the scratch project
consumer-view: verifying pre-packed tarballs from E:\opencut-scratch-wasm\tarballs (4 file(s))

=== @opencut/editor-classic@0.2.0 (opencut-editor-classic-0.2.0.tgz) ===
  ok   packed manifest version is 0.x (found 0.2.0)
  ok   packed inventory lists README.md
  ok   README contains the policy statement ("Compatibility policy (`0.x`)")
  ok   packed inventory lists surface.json
  ok   surface.json classifies exactly the export-map entries (19 declared = 19 classified, set-equal)
  census  @opencut/editor-classic: frozen 2, provider 13, experimental 4
  ok   provider entry . carries @opencutSurface provider in extracted source
  ok   provider entry ./browser carries @opencutSurface provider in extracted source
  ok   experimental entry ./evidence carries @opencutSurface experimental in extracted source
  ok   experimental entry ./evidence/headless carries @opencutSurface experimental in extracted source
  ok   experimental entry ./evidence/headless-semantic-fixture carries @opencutSurface experimental in extracted source
  ok   experimental entry ./evidence/wasm-test-mock carries @opencutSurface experimental in extracted source
  ok   provider entry ./fonts carries @opencutSurface provider in extracted source
  ok   provider entry ./media carries @opencutSurface provider in extracted source
  ok   provider entry ./project carries @opencutSurface provider in extracted source
  ok   provider entry ./renderer carries @opencutSurface provider in extracted source
  ok   provider entry ./runtime carries @opencutSurface provider in extracted source
  ok   provider entry ./session carries @opencutSurface provider in extracted source
  ok   provider entry ./storage carries @opencutSurface provider in extracted source
  ok   provider entry ./storage/conformance carries @opencutSurface provider in extracted source
  ok   provider entry ./storage/migrations carries @opencutSurface provider in extracted source
  ok   frozen entry ./surface carries no marker in extracted source
  ok   frozen entry ./surface.css carries no marker in extracted source
  ok   provider entry ./timeline carries @opencutSurface provider in extracted source
  ok   provider entry ./ui carries @opencutSurface provider in extracted source
  markers verified in extracted source: 17 non-frozen entries

=== @opencut/editor-contracts@0.2.0 (opencut-editor-contracts-0.2.0.tgz) ===
  ok   packed manifest version is 0.x (found 0.2.0)
  ok   packed inventory lists README.md
  ok   README contains the policy statement ("Compatibility policy (`0.x`)")
  ok   packed inventory lists surface.json
  ok   surface.json classifies exactly the export-map entries (10 declared = 10 classified, set-equal)
  census  @opencut/editor-contracts: frozen 9, provider 0, experimental 1
  ok   frozen entry . carries no marker in extracted source
  ok   frozen entry ./conformance carries no marker in extracted source
  ok   experimental entry ./conformance/requirements carries @opencutSurface experimental in extracted source
  ok   frozen entry ./draft carries no marker in extracted source
  ok   frozen entry ./draft/conformance carries no marker in extracted source
  ok   frozen entry ./engine carries no marker in extracted source
  ok   frozen entry ./engine/conformance carries no marker in extracted source
  ok   frozen entry ./engine/invariant carries no marker in extracted source
  ok   frozen entry ./vectors carries no marker in extracted source
  ok   frozen entry ./vectors/corpus carries no marker in extracted source
  markers verified in extracted source: 1 non-frozen entries

=== @opencut/editor-ports@0.2.0 (opencut-editor-ports-0.2.0.tgz) ===
  ok   packed manifest version is 0.x (found 0.2.0)
  ok   packed inventory lists README.md
  ok   README contains the policy statement ("Compatibility policy (`0.x`)")
  ok   packed inventory lists surface.json
  ok   surface.json classifies exactly the export-map entries (6 declared = 6 classified, set-equal)
  census  @opencut/editor-ports: frozen 5, provider 0, experimental 1
  ok   frozen entry . carries no marker in extracted source
  ok   frozen entry ./conformance carries no marker in extracted source
  ok   experimental entry ./conformance/requirements carries @opencutSurface experimental in extracted source
  ok   frozen entry ./host carries no marker in extracted source
  ok   frozen entry ./in-memory carries no marker in extracted source
  ok   frozen entry ./in-memory/host carries no marker in extracted source
  markers verified in extracted source: 1 non-frozen entries
consumer-view: opencut-wasm-0.2.10.tgz — flat artifact (opencut-wasm), no surface clauses
consumer-view: PASS (3 package(s) verified, 0 failures, 0 dangling)
examples root: E:\opencut-scratch-wasm\examples (under the scratch root)
examples: running 4 of 4 (agent-transaction, custom-storage, embed-surface, install-packages)

=== example agent-transaction ===
materialize: agent-transaction — 2 @opencut/* spec(s) resolved to staged tarballs
added 5 packages, and audited 6 packages in 5s

found 0 vulnerabilities
REAL_EXIT_CODE[npm-install/agent-transaction]:0
CONTROL-2 copy-not-link @opencut/editor-ports: PASS (lstat: real directory, symlink=false; lockfile resolved=file:tarballs/opencut-editor-ports-0.2.0.tgz, link=false)
CONTROL-2 copy-not-link @opencut/editor-contracts: PASS (lstat: real directory, symlink=false; lockfile resolved=file:tarballs/opencut-editor-contracts-0.2.0.tgz, link=false)
CONTROL-react-free react-absent: PASS (node_modules/react does not exist; the migration entry's closure needs no react)
> opencut-example-agent-transaction@0.0.0 typecheck
> tsc --noEmit
EXIT[example/agent-transaction/typecheck]:0
ok   ledger verdict passed
ok   ledger failure codes: (none)
ok   executed exactly the declared plan (9 step(s))
ok   ledger asserts 87 comparison(s)
ok   ledger carries a commitment read back from the target
ok   step build-structure: verdict passed, 23 assertion(s), 1 durable save(s)
ok   step move-clip: verdict passed, 8 assertion(s), 1 durable save(s)
ok   step trim-clip: verdict passed, 9 assertion(s), 1 durable save(s)
ok   step split-clip: verdict passed, 12 assertion(s), 1 durable save(s)
ok   step patch-project: verdict passed, 9 assertion(s), 1 durable save(s)
ok   step keyed-commit: verdict passed, 8 assertion(s), 1 durable save(s)
ok   step keyed-replay: verdict passed, 6 assertion(s), 0 durable save(s)
ok   step keyed-reuse-different-payload: verdict passed, 5 assertion(s), 0 durable save(s)
ok   step stale-expected-revision: verdict passed, 7 assertion(s), 0 durable save(s)
ledger: written to ledger.json (schema t4-agent-evidence-v1, revision 6)
ok   reopen verdict passed (no failures)
ok   reopened revision 6 == committed 6
ok   reopen asserted 48 comparison(s)
ok   the reopened target is a fresh store instance, not the original
agent-transaction: scenario scenario/agent-transaction-walk green end to end — 87 ledger assertion(s), reopen at revision 6 over a fresh store from the persisted snapshot
EXIT[example/agent-transaction/execute]:0

=== example custom-storage ===
materialize: custom-storage — 3 @opencut/* spec(s) resolved to staged tarballs (+ the opencut-wasm override)
added 252 packages, and audited 253 packages in 35s

91 packages are looking for funding
  run `npm fund` for details

3 high severity vulnerabilities

Some issues need review, and may require choosing
a different dependency.

Run `npm audit` for details.
npm warn deprecated boolean@3.2.0: Package no longer supported. Contact Support at https://www.npmjs.com/support for more info.
REAL_EXIT_CODE[npm-install/custom-storage]:0
CONTROL-2 copy-not-link @opencut/editor-ports: PASS (lstat: real directory, symlink=false; lockfile resolved=file:tarballs/opencut-editor-ports-0.2.0.tgz, link=false)
CONTROL-2 copy-not-link @opencut/editor-contracts: PASS (lstat: real directory, symlink=false; lockfile resolved=file:tarballs/opencut-editor-contracts-0.2.0.tgz, link=false)
CONTROL-2 copy-not-link @opencut/editor-classic: PASS (lstat: real directory, symlink=false; lockfile resolved=file:tarballs/opencut-editor-classic-0.2.0.tgz, link=false)
CONTROL-2 copy-not-link opencut-wasm: PASS (lstat: real directory, symlink=false; lockfile resolved=file:tarballs/opencut-wasm-0.2.10.tgz, link=false)
CONTROL-react-free react-absent: PASS (node_modules/react does not exist; the migration entry's closure needs no react)
> opencut-example-custom-storage@0.0.0 typecheck
> tsc --noEmit
EXIT[example/custom-storage/typecheck]:0
custom-storage example: production leg (alien adapter, published conformance)
runtime: bun 1.2.18
classic chain: loaded (31 steps, target v31)
suites/ports: passed=true cases=36 (migration exercised)
migration fixture: disposable record cleaned up
suites/transaction: passed=true cases=21
suites/engine: passed=true cases=38
suites/draft: passed=true cases=22
suites/vectors: verdict=passed vectors=29
migration/by-replication: green
  disposable legacy record: migrated 30->31, progress 1/1
  second migration call: not-needed
  declining transform: failed closed (invalid version)
custom-storage example (production leg): all exercised surfaces green
EXIT[example/custom-storage/run.ts]:0
custom-storage example: mock-installed leg (the real published chain, through the wasm test mock)
runtime: bun 1.2.18
wasm mock: installed (experimental entry @opencut/editor-classic/evidence/wasm-test-mock)
classic chain: loaded through the mock (31 steps, target v31)
migration/by-replication: green (real chain, mock-installed)
  disposable legacy record: migrated 30->31, progress 1/1
  second migration call: not-needed
  declining transform: failed closed (invalid version)
suites/ports: passed=true cases=36 (migration exercised: migration brings the store to its declared version)
custom-storage example (mock-installed leg): the real 31-step chain validated over the alien store
EXIT[example/custom-storage/run-mock.ts]:0

=== example embed-surface ===
materialize: embed-surface — 3 @opencut/* spec(s) resolved to staged tarballs (+ the opencut-wasm override)
added 349 packages, and audited 350 packages in 1m

106 packages are looking for funding
  run `npm fund` for details

5 vulnerabilities (2 moderate, 3 high)

To address all issues possible (including breaking changes), run:
  npm audit fix --force

Some issues need review, and may require choosing
a different dependency.

Run `npm audit` for details.
npm warn deprecated boolean@3.2.0: Package no longer supported. Contact Support at https://www.npmjs.com/support for more info.
npm warn deprecated uuid@10.0.0: uuid@10 and below is no longer supported.  For ESM codebases, update to uuid@latest.  For CommonJS codebases, use uuid@11 (but be aware this version will likely be deprecated in 2028).
REAL_EXIT_CODE[npm-install/embed-surface]:0
CONTROL-2 copy-not-link @opencut/editor-classic: PASS (lstat: real directory, symlink=false; lockfile resolved=file:tarballs/opencut-editor-classic-0.2.0.tgz, link=false)
CONTROL-2 copy-not-link @opencut/editor-contracts: PASS (lstat: real directory, symlink=false; lockfile resolved=file:tarballs/opencut-editor-contracts-0.2.0.tgz, link=false)
CONTROL-2 copy-not-link @opencut/editor-ports: PASS (lstat: real directory, symlink=false; lockfile resolved=file:tarballs/opencut-editor-ports-0.2.0.tgz, link=false)
CONTROL-2 copy-not-link opencut-wasm: PASS (lstat: real directory, symlink=false; lockfile resolved=file:tarballs/opencut-wasm-0.2.10.tgz, link=false)
CONTROL-react-present react-satisfied: PASS (react installed from the consumer's own manifest — classic's peer resolves against it, the peer-dep contract working as designed)
> opencut-example-embed-surface@0.0.0 typecheck
> tsc --noEmit
EXIT[example/embed-surface/typecheck]:0
> opencut-example-embed-surface@0.0.0 build
> vite build

[36mvite v7.3.6 [32mbuilding client environment for production...[36m[39m
transforming...
[32m✓[39m 3731 modules transformed.
rendering chunks...
computing gzip size...
[2mdist/[22m[32mindex.html                                        [39m[1m[2m     0.58 kB[22m[1m[22m[2m │ gzip:     0.39 kB[22m
[2mdist/[22m[32massets/worker-CqQdOYN3.ts                         [39m[1m[2m     4.49 kB[22m[1m[22m
[2mdist/[22m[32massets/worker-AM2FS2wg.js                         [39m[1m[2m   868.31 kB[22m[1m[22m
[2mdist/[22m[32massets/opencut_wasm_bg-k0ttTfDM.wasm              [39m[1m[2m 3,285.86 kB[22m[1m[22m[2m │ gzip: 1,189.06 kB[22m
[2mdist/[22m[32massets/ort-wasm-simd-threaded.jsep-B0T3yYHD.wasm  [39m[1m[2m21,596.02 kB[22m[1m[22m[2m │ gzip: 5,087.10 kB[22m
[2mdist/[22m[35massets/index-Bpp4NyfK.css                         [39m[1m[2m   111.45 kB[22m[1m[22m[2m │ gzip:    17.55 kB[22m
[2mdist/[22m[36massets/index-DeEYKHnf.js                          [39m[1m[33m 4,342.17 kB[39m[22m[2m │ gzip:   813.65 kB[22m
[32m✓ built in 57.10s[39m
[33m
(!) Some chunks are larger than 500 kB after minification. Consider:
- Using dynamic import() to code-split the application
- Use build.rollupOptions.output.manualChunks to improve chunking: https://rollupjs.org/configuration-options/#output-manualchunks
- Adjust chunk size limit for this warning via build.chunkSizeWarningLimit.[39m
EXIT[example/embed-surface/build]:0
> opencut-example-embed-surface@0.0.0 smoke
> node smoke.mjs

smoke/assert mount/surface-root: PASS
smoke/assert mount/branding-logo: PASS
smoke/assert gpu-free/degraded-banner: PASS
smoke/assert interaction/focus-scope: PASS
smoke/assert interaction/playhead-scrub: PASS
smoke/assert assets/fetched: PASS
smoke/assert clean/console: PASS
smoke/assert clean/pageerror: PASS
smoke/assert clean/network: PASS
embed-surface smoke: PASS (9 assertions: mount/surface-root, mount/branding-logo, gpu-free/degraded-banner, interaction/focus-scope, interaction/playhead-scrub, assets/fetched, clean/console, clean/pageerror, clean/network)
EXIT[example/embed-surface/smoke]:0

=== example install-packages ===
materialize: install-packages — 3 @opencut/* spec(s) resolved to staged tarballs (+ the opencut-wasm override)
added 250 packages, and audited 251 packages in 39s

91 packages are looking for funding
  run `npm fund` for details

3 high severity vulnerabilities

Some issues need review, and may require choosing
a different dependency.

Run `npm audit` for details.
npm warn deprecated boolean@3.2.0: Package no longer supported. Contact Support at https://www.npmjs.com/support for more info.
REAL_EXIT_CODE[npm-install/install-packages]:0
CONTROL-2 copy-not-link @opencut/editor-ports: PASS (lstat: real directory, symlink=false; lockfile resolved=file:tarballs/opencut-editor-ports-0.2.0.tgz, link=false)
CONTROL-2 copy-not-link @opencut/editor-contracts: PASS (lstat: real directory, symlink=false; lockfile resolved=file:tarballs/opencut-editor-contracts-0.2.0.tgz, link=false)
CONTROL-2 copy-not-link @opencut/editor-classic: PASS (lstat: real directory, symlink=false; lockfile resolved=file:tarballs/opencut-editor-classic-0.2.0.tgz, link=false)
CONTROL-2 copy-not-link opencut-wasm: PASS (lstat: real directory, symlink=false; lockfile resolved=file:tarballs/opencut-wasm-0.2.10.tgz, link=false)
CONTROL-react-free react-absent: PASS (node_modules/react does not exist; the migration entry's closure needs no react)
> opencut-example-install-packages@0.0.0 typecheck
> tsc --noEmit
EXIT[example/install-packages/typecheck]:0
ok   ports root exports PORT_ROLES (8 roles: store, assets, assetLoader, runtimeResources, exporter, diagnostics, ids, environment)
ok   ports in-memory fixture store constructs
ok   contracts root transaction store constructs (apply is callable)
ok   contracts root exports INITIAL_REVISION (0)
ok   vectors/corpus reads the published corpus (manifest + 2 file(s))
ok   OPERATION_KINDS agrees with PUBLISHED_CONTRACT_SURFACE (12 kinds)
ok   vectors exports TRANSACTION_VECTOR_SCHEMA (transaction-vectors/v1)
ok   @opencut/editor-ports resolved at 0.2.0 (pinned 0.2.0)
ok   @opencut/editor-contracts resolved at 0.2.0 (pinned 0.2.0)
ok   @opencut/editor-classic resolved at 0.2.0 (pinned 0.2.0)
ok   @opencut/editor-ports. classified frozen (expected frozen)
ok   @opencut/editor-ports./in-memory classified frozen (expected frozen)
ok   @opencut/editor-contracts. classified frozen (expected frozen)
ok   @opencut/editor-contracts./vectors classified frozen (expected frozen)
ok   @opencut/editor-contracts./vectors/corpus classified frozen (expected frozen)
ok   @opencut/editor-ports README carries the policy statement
ok   @opencut/editor-contracts README carries the policy statement
ok   @opencut/editor-classic README carries the policy statement
ok   classic exports map declares ./surface
ok   classic exports map declares ./surface.css
ok   classic exports map declares ./storage/migrations
ok   classic declares its React peer (unsatisfied here by design)
ok   node_modules/react does not exist — classic's React peer is unsatisfied, the runtime unimported
ok   classic ./storage/migrations classified provider (read as data, not imported)
install-packages: every assertion green — the packages install, resolve and self-describe from the tarballs
EXIT[example/install-packages/execute]:0

examples: 4 example(s) executed green — agent-transaction, custom-storage, embed-surface, install-packages
REAL_EXIT_CODE[examples-run]:0
REAL_EXIT_CODE:0
