=== npm pack: editor-ports ===
npm warn Unknown project config "node-linker". This will stop working in the next major version of npm.
npm notice
npm notice 📦  @opencut/editor-ports@0.1.0
npm notice Tarball Contents
npm notice 543B package.json
npm notice 24.0kB src/__tests__/conformance.test.ts
npm notice 2.2kB src/__tests__/port-roles.compile-guard.ts
npm notice 4.5kB src/__tests__/runtime-graphics-query.compile-guard.ts
npm notice 2.1kB src/assets.ts
npm notice 51.2kB src/conformance/index.ts
npm notice 21.2kB src/DECISIONS.md
npm notice 2.7kB src/diagnostics.ts
npm notice 8.6kB src/environment.ts
npm notice 1.6kB src/export-provider.ts
npm notice 3.6kB src/gpu-resources.ts
npm notice 4.6kB src/host/index.ts
npm notice 731B src/id-generator.ts
npm notice 1.0kB src/identity.ts
npm notice 1.1kB src/in-memory/host.ts
npm notice 27.5kB src/in-memory/index.ts
npm notice 5.2kB src/index.ts
npm notice 8.5kB src/project-store.ts
npm notice 3.9kB src/runtime-resources.ts
npm notice Tarball Details
npm notice name: @opencut/editor-ports
npm notice version: 0.1.0
npm notice filename: opencut-editor-ports-0.1.0.tgz
npm notice package size: 49.0 kB
npm notice unpacked size: 174.9 kB
npm notice shasum: 6ad1a4be9ab884295dbd9ae7ecdbf36d064b4e59
npm notice integrity: sha512-lY9TA4+sQXU9R[...]jyp3BSUJQEz/g==
npm notice total files: 19
npm notice
opencut-editor-ports-0.1.0.tgz
REAL_EXIT_CODE[editor-ports]:0
=== npm pack: editor-contracts ===
npm warn Unknown project config "node-linker". This will stop working in the next major version of npm.
npm notice
npm notice 📦  @opencut/editor-contracts@0.1.0
npm notice Tarball Contents
npm notice 894B package.json
npm notice 27.6kB src/conformance/index.ts
npm notice 8.1kB src/domain.ts
npm notice 60.6kB src/draft/__tests__/draft.test.ts
npm notice 2.4kB src/draft/classification.ts
npm notice 45.8kB src/draft/conformance/index.ts
npm notice 8.5kB src/draft/immutable.ts
npm notice 1.7kB src/draft/index.ts
npm notice 20.9kB src/draft/inverse.ts
npm notice 22.3kB src/draft/manager.ts
npm notice 2.1kB src/draft/retention.ts
npm notice 1.9kB src/draft/review.ts
npm notice 8.6kB src/draft/types.ts
npm notice 1.2kB src/engine/__tests__/capture-boundary.types.ts
npm notice 39.9kB src/engine/__tests__/engine.test.ts
npm notice 3.4kB src/engine/adapter.ts
npm notice 3.8kB src/engine/clone.ts
npm notice 30.2kB src/engine/conformance/index.ts
npm notice 10.8kB src/engine/engine.ts
npm notice 21.6kB src/engine/evaluator.ts
npm notice 1.3kB src/engine/index.ts
npm notice 7.3kB src/engine/invariant.ts
npm notice 3.2kB src/engine/native-adapter.ts
npm notice 6.4kB src/engine/placement.ts
npm notice 1.0kB src/engine/projection.ts
npm notice 3.4kB src/engine/types.ts
npm notice 6.5kB src/in-memory/__tests__/in-memory.test.ts
npm notice 18.7kB src/in-memory/index.ts
npm notice 1.6kB src/index.ts
npm notice 2.9kB src/interfaces.ts
npm notice 2.6kB src/operations.ts
npm notice 4.6kB src/transaction.ts
npm notice 11.5kB src/vectors/__tests__/agent-drivers.test.ts
npm notice 5.2kB src/vectors/__tests__/agent-scenario.test.ts
npm notice 3.1kB src/vectors/__tests__/contract-surface.test.ts
npm notice 2.3kB src/vectors/__tests__/corpus-fixture.ts
npm notice 2.8kB src/vectors/__tests__/corpus-isolation.test.ts
npm notice 4.0kB src/vectors/__tests__/coverage.test.ts
npm notice 9.3kB src/vectors/__tests__/loader.test.ts
npm notice 5.5kB src/vectors/__tests__/mutation-matrix.test.ts
npm notice 8.7kB src/vectors/__tests__/mutation-targets.ts
npm notice 9.8kB src/vectors/__tests__/runner.test.ts
npm notice 20.3kB src/vectors/agent-scenario.ts
npm notice 4.0kB src/vectors/contract-surface.ts
npm notice 29.0kB src/vectors/corpus/document-vectors.json
npm notice 587B src/vectors/corpus/manifest.json
npm notice 11.7kB src/vectors/corpus/scenario-vectors.json
npm notice 5.2kB src/vectors/coverage.ts
npm notice 6.3kB src/vectors/drivers/durable.ts
npm notice 2.7kB src/vectors/drivers/in-memory.ts
npm notice 1.9kB src/vectors/index.ts
npm notice 18.1kB src/vectors/loader.ts
npm notice 23.8kB src/vectors/runner.ts
npm notice 8.8kB src/vectors/schema.ts
npm notice 4.2kB src/vectors/sha256.ts
npm notice Tarball Details
npm notice name: @opencut/editor-contracts
npm notice version: 0.1.0
npm notice filename: opencut-editor-contracts-0.1.0.tgz
npm notice package size: 123.5 kB
npm notice unpacked size: 580.3 kB
npm notice shasum: 5cefb37e73a2d76e03124b53b88c885c489fc5a2
npm notice integrity: sha512-6Hiz+goibNLUx[...]5oEL4Ujf5QuSQ==
npm notice total files: 55
npm notice
opencut-editor-contracts-0.1.0.tgz
REAL_EXIT_CODE[editor-contracts]:0
=== npm pack: editor-classic ===
npm warn Unknown project config "node-linker". This will stop working in the next major version of npm.
npm notice
npm notice 📦  @opencut/editor-classic@0.1.0
npm notice Tarball Contents
npm notice 1.4kB package.json
npm notice 3.2kB src/actions/__tests__/registry.test.ts
npm notice 1.1kB src/actions/action-scope.tsx
npm notice 5.7kB src/actions/components/shortcuts-dialog.tsx
npm notice 7.2kB src/actions/definitions.ts
npm notice 116B src/actions/index.ts
npm notice 1.1kB src/actions/keybinding-target.ts
npm notice 3.0kB src/actions/keybinding.ts
npm notice 7.6kB src/actions/keybindings-store.ts
npm notice 4.0kB src/actions/keybindings/__tests__/persistence.test.ts
npm notice 721B src/actions/keybindings/migrations/index.ts
npm notice 637B src/actions/keybindings/migrations/v2-to-v3.ts
npm notice 564B src/actions/keybindings/migrations/v3-to-v4.ts
npm notice 360B src/actions/keybindings/migrations/v4-to-v5.ts
npm notice 384B src/actions/keybindings/migrations/v5-to-v6.ts
npm notice 424B src/actions/keybindings/migrations/v6-to-v7.ts
npm notice 943B src/actions/keybindings/persisted-state.ts
npm notice 3.4kB src/actions/keybindings/persistence.ts
npm notice 4.3kB src/actions/registry.ts
npm notice 1.3kB src/actions/types.ts
npm notice 1.7kB src/actions/use-action-handler.ts
npm notice 11.6kB src/actions/use-editor-actions.ts
npm notice 2.9kB src/actions/use-keybindings.ts
npm notice 1.9kB src/actions/use-keyboard-shortcuts-help.ts
npm notice 5.5kB src/animation/__tests__/animated-params.test.ts
npm notice 1.7kB src/animation/bezier.ts
npm notice 1.4kB src/animation/channel-data.ts
npm notice 2.5kB src/animation/curve-bridge.ts
npm notice 2.4kB src/animation/effect-param-channel.ts
npm notice 2.8kB src/animation/graph-channels.ts
npm notice 1.5kB src/animation/graphic-param-channel.ts
npm notice 1.4kB src/animation/index.ts
npm notice 8.6kB src/animation/interpolation.ts
npm notice 6.4kB src/animation/keyframe-query.ts
npm notice 30.6kB src/animation/keyframes.ts
npm notice 711B src/animation/path.ts
npm notice 973B src/animation/property-groups.ts
npm notice 3.6kB src/animation/resolve.ts
npm notice 41B src/animation/transform.ts
npm notice 4.2kB src/animation/types.ts
npm notice 1.3kB src/animation/values.ts
npm notice 261B src/background/blur.ts
npm notice 51B src/background/color.ts
npm notice 197B src/browser/index.ts
npm notice 320B src/canvas/sizes.ts
npm notice 1.9kB src/changelog/entries/0.1.0.md
npm notice 2.8kB src/changelog/entries/0.2.0.md
npm notice 9.5kB src/changelog/entries/0.3.0.md
npm notice 1.1kB src/changelog/entries/0.4.0.md
npm notice 978B src/clipboard/handlers/elements.ts
npm notice 1.1kB src/clipboard/handlers/index.ts
npm notice 4.1kB src/clipboard/handlers/keyframes.ts
npm notice 53B src/clipboard/index.ts
npm notice 2.0kB src/clipboard/types.ts
npm notice 1.1kB src/commands/base-command.ts
npm notice 1.1kB src/commands/batch-command.ts
npm notice 351B src/commands/index.ts
npm notice 3.6kB src/commands/media/add-media-asset.ts
npm notice 122B src/commands/media/index.ts
npm notice 578B src/commands/media/remove-media-asset.ts
npm notice 409B src/commands/preview-tracker.ts
npm notice 43B src/commands/project/index.ts
npm notice 1.7kB src/commands/project/update-project-settings.ts
npm notice 2.0kB src/commands/provider-private-composite.ts
npm notice 1.2kB src/commands/scene/create-scene.ts
npm notice 1.7kB src/commands/scene/delete-scene.ts
npm notice 391B src/commands/scene/index.ts
npm notice 1.7kB src/commands/scene/move-bookmark.ts
npm notice 1.6kB src/commands/scene/remove-bookmark.ts
npm notice 1.3kB src/commands/scene/rename-scene.ts
npm notice 1.5kB src/commands/scene/toggle-bookmark.ts
npm notice 1.6kB src/commands/scene/update-bookmark.ts
npm notice 99B src/commands/timeline/clipboard/index.ts
npm notice 3.6kB src/commands/timeline/clipboard/paste-keyframes.ts
npm notice 5.6kB src/commands/timeline/clipboard/paste.ts
npm notice 1.8kB src/commands/timeline/element/delete-elements.ts
npm notice 3.3kB src/commands/timeline/element/duplicate-elements.ts
npm notice 2.2kB src/commands/timeline/element/effects/add-effect.ts
npm notice 305B src/commands/timeline/element/effects/index.ts
npm notice 1.9kB src/commands/timeline/element/effects/remove-effect.ts
npm notice 2.0kB src/commands/timeline/element/effects/reorder-effect.ts
npm notice 1.9kB src/commands/timeline/element/effects/toggle-effect.ts
npm notice 2.4kB src/commands/timeline/element/effects/update-effect-params.ts
npm notice 520B src/commands/timeline/element/index.ts
npm notice 7.6kB src/commands/timeline/element/insert-element.ts
npm notice 249B src/commands/timeline/element/keyframes/index.ts
npm notice 1.9kB src/commands/timeline/element/keyframes/remove-effect-param-keyframe.ts
npm notice 2.9kB src/commands/timeline/element/keyframes/remove-keyframe.ts
npm notice 2.3kB src/commands/timeline/element/keyframes/retime-keyframe.ts
npm notice 2.2kB src/commands/timeline/element/keyframes/update-scalar-keyframe-curve.ts
npm notice 3.0kB src/commands/timeline/element/keyframes/upsert-effect-param-keyframe.ts
npm notice 2.8kB src/commands/timeline/element/keyframes/upsert-keyframe.ts
npm notice 3.2kB src/commands/timeline/element/masks/delete-custom-mask-points.ts
npm notice 283B src/commands/timeline/element/masks/index.ts
npm notice 4.1kB src/commands/timeline/element/masks/insert-custom-mask-point.ts
npm notice 1.7kB src/commands/timeline/element/masks/remove-mask.ts
npm notice 2.0kB src/commands/timeline/element/masks/toggle-mask-inverted.ts
npm notice 4.6kB src/commands/timeline/element/move-elements.ts
npm notice 6.0kB src/commands/timeline/element/split-elements.ts
npm notice 3.4kB src/commands/timeline/element/toggle-source-audio-separation.ts
npm notice 2.2kB src/commands/timeline/element/update-elements.ts
npm notice 141B src/commands/timeline/index.ts
npm notice 2.7kB src/commands/timeline/track/add-track.ts
npm notice 236B src/commands/timeline/track/index.ts
npm notice 927B src/commands/timeline/track/remove-track.ts
npm notice 1.1kB src/commands/timeline/track/toggle-track-mute.ts
npm notice 1.2kB src/commands/timeline/track/toggle-track-visibility.ts
npm notice 687B src/commands/timeline/tracks-snapshot.ts
npm notice 2.0kB src/components/__tests__/storage-provider-operations.test.ts
npm notice 3.6kB src/components/editable-timecode.tsx
npm notice 7.1kB src/components/editor/editor-header.tsx
npm notice 10.0kB src/components/editor/export-button.tsx
npm notice 2.3kB src/components/editor/mobile-gate.tsx
npm notice 3.6kB src/components/editor/onboarding.tsx
npm notice 3.2kB src/components/editor/panels/assets/assets-panel-store.tsx
npm notice 1.5kB src/components/editor/panels/assets/drag-overlay.tsx
npm notice 6.2kB src/components/editor/panels/assets/draggable-item.tsx
npm notice 1.4kB src/components/editor/panels/assets/index.tsx
npm notice 2.8kB src/components/editor/panels/assets/tabbar.tsx
npm notice 15.0kB src/components/editor/panels/assets/views/assets.tsx
npm notice 1.3kB src/components/editor/panels/assets/views/base-panel.tsx
npm notice 9.1kB src/components/editor/panels/assets/views/settings/background.tsx
npm notice 10.5kB src/components/editor/panels/assets/views/settings/index.tsx
npm notice 3.7kB src/components/editor/panels/properties/components/element-params-tab.tsx
npm notice 678B src/components/editor/panels/properties/components/keyframe-toggle.tsx
npm notice 4.7kB src/components/editor/panels/properties/components/property-param-field.tsx
npm notice 635B src/components/editor/panels/properties/empty-view.tsx
npm notice 754B src/components/editor/panels/properties/hooks/use-element-playhead.ts
npm notice 3.4kB src/components/editor/panels/properties/hooks/use-keyframed-param-property.ts
npm notice 1.8kB src/components/editor/panels/properties/hooks/use-property-draft.ts
npm notice 3.2kB src/components/editor/panels/properties/index.tsx
npm notice 7.4kB src/components/editor/panels/properties/registry.tsx
npm notice 690B src/components/editor/panels/properties/stores/properties-store.ts
npm notice 5.5kB src/components/editor/scenes-view.tsx
npm notice 2.2kB src/components/icons/brand.tsx
npm notice 47B src/components/icons/index.tsx
npm notice 93B src/components/icons/types.ts
npm notice 23.3kB src/components/icons/ui.tsx
npm notice 5.0kB src/components/providers/editor-provider.tsx
npm notice 5.5kB src/components/section.tsx
npm notice 1.3kB src/components/storage-provider-operations.ts
npm notice 4.1kB src/components/storage-provider.tsx
npm notice 891B src/components/theme-toggle.tsx
npm notice 1.9kB src/components/ui/accordion.tsx
npm notice 4.6kB src/components/ui/alert-dialog.tsx
npm notice 1.9kB src/components/ui/alert.tsx
npm notice 152B src/components/ui/aspect-ratio.tsx
npm notice 1.4kB src/components/ui/avatar.tsx
npm notice 1.1kB src/components/ui/badge.tsx
npm notice 2.1kB src/components/ui/breadcrumb.tsx
npm notice 2.2kB src/components/ui/button.tsx
npm notice 2.6kB src/components/ui/calendar.tsx
npm notice 1.8kB src/components/ui/card.tsx
npm notice 1.1kB src/components/ui/checkbox.tsx
npm notice 330B src/components/ui/collapsible.tsx
npm notice 16.1kB src/components/ui/color-picker.tsx
npm notice 8.8kB src/components/ui/context-menu.tsx
npm notice 4.1kB src/components/ui/dialog.tsx
npm notice 8.3kB src/components/ui/dropdown-menu.tsx
npm notice 7.4kB src/components/ui/font-picker.tsx
npm notice 6.0kB src/components/ui/form.tsx
npm notice 1.2kB src/components/ui/hover-card.tsx
npm notice 3.9kB src/components/ui/input.tsx
npm notice 741B src/components/ui/label.tsx
npm notice 8.0kB src/components/ui/menubar.tsx
npm notice 4.9kB src/components/ui/navigation-menu.tsx
npm notice 10.8kB src/components/ui/number-field.tsx
npm notice 1.6kB src/components/ui/popover.tsx
npm notice 746B src/components/ui/progress.tsx
npm notice 2.4kB src/components/ui/prose.tsx
npm notice 1.4kB src/components/ui/radio-group.tsx
npm notice 1.3kB src/components/ui/react-markdown-wrapper.tsx
npm notice 1.4kB src/components/ui/resizable.tsx
npm notice 392B src/components/ui/scroll-area.tsx
npm notice 6.9kB src/components/ui/select.tsx
npm notice 734B src/components/ui/separator.tsx
npm notice 4.7kB src/components/ui/sheet.tsx
npm notice 258B src/components/ui/skeleton.tsx
npm notice 1.0kB src/components/ui/slider.tsx
npm notice 908B src/components/ui/sonner.tsx
npm notice 441B src/components/ui/spinner.tsx
npm notice 2.4kB src/components/ui/split-button.tsx
npm notice 1.1kB src/components/ui/switch.tsx
npm notice 2.7kB src/components/ui/table.tsx
npm notice 3.0kB src/components/ui/tabs.tsx
npm notice 898B src/components/ui/textarea.tsx
npm notice 4.7kB src/components/ui/toast.tsx
npm notice 1.7kB src/components/ui/toggle-group.tsx
npm notice 1.4kB src/components/ui/toggle.tsx
npm notice 2.7kB src/components/ui/tooltip.tsx
npm notice 1.8kB src/components/ui/use-overlay-open-change.ts
npm notice 7.9kB src/core/index.ts
npm notice 5.6kB src/core/managers/__tests__/media-persistence-rewire.test.ts
npm notice 5.4kB src/core/managers/__tests__/project-manager-thumbnail-degraded.test.ts
npm notice 19.7kB src/core/managers/__tests__/project-persistence-rewire.test.ts
npm notice 1.6kB src/core/managers/__tests__/save-manager-persistence-failure.test.ts
npm notice 36.7kB src/core/managers/__tests__/transaction-command-routing.test.ts
npm notice 4.3kB src/core/managers/__tests__/transaction-persistence-coordination.test.ts
npm notice 20.2kB src/core/managers/audio-manager.ts
npm notice 1.8kB src/core/managers/clipboard-manager.ts
npm notice 14.0kB src/core/managers/commands.ts
npm notice 1.0kB src/core/managers/diagnostics-manager.ts
npm notice 7.7kB src/core/managers/media-manager.ts
npm notice 6.6kB src/core/managers/playback-manager.ts
npm notice 19.3kB src/core/managers/project-manager.ts
npm notice 14.3kB src/core/managers/renderer-manager.ts
npm notice 4.1kB src/core/managers/save-manager.ts
npm notice 7.9kB src/core/managers/scenes-manager.ts
npm notice 5.0kB src/core/managers/selection-manager.ts
npm notice 20.9kB src/core/managers/timeline-manager.ts
npm notice 5.5kB src/data/colors/pattern-craft.ts
npm notice 2.9kB src/data/colors/solid.ts
npm notice 925B src/data/colors/syntax-ui.tsx
npm notice 4.4kB src/diagnostics/render-perf.ts
npm notice 175B src/diagnostics/types.ts
npm notice 1.2kB src/editor/cancel-interaction.ts
npm notice 890B src/editor/editor-store.ts
npm notice 7.3kB src/editor/host/__tests__/browser-runtime.test.ts
npm notice 8.5kB src/editor/host/browser-runtime.ts
npm notice 240B src/editor/host/c4-project-load.ts
npm notice 1.7kB src/editor/host/editor-host-context.tsx
npm notice 1.7kB src/editor/host/host-image.tsx
npm notice 2.2kB src/editor/panel-store.ts
npm notice 15.5kB src/editor/persistence/__tests__/opaque-roundtrip.test.ts
npm notice 208B src/editor/persistence/index.ts
npm notice 2.6kB src/editor/persistence/opaque-value.ts
npm notice 5.9kB src/editor/persistence/project-codec.ts
npm notice 17.6kB src/editor/persistence/session-persistence-coordinator.ts
npm notice 2.2kB src/editor/runtime/process-bootstrap.ts
npm notice 1.3kB src/editor/runtime/session-core-owner.ts
npm notice 5.9kB src/editor/runtime/session-stores.ts
npm notice 5.8kB src/editor/runtime/wasm-runtime-providers.ts
npm notice 3.9kB src/editor/session/__tests__/c6-durable-reopen.test.ts
npm notice 4.1kB src/editor/session/__tests__/c6-test-audio-context.ts
npm notice 6.1kB src/editor/session/__tests__/disposal-oracle.test.ts
npm notice 1.1kB src/editor/session/__tests__/editor-singleton-boundary.test.ts
npm notice 2.9kB src/editor/session/__tests__/headless-browser-boundary.test.ts
npm notice 4.0kB src/editor/session/__tests__/headless-migration.test.ts
npm notice 7.5kB src/editor/session/__tests__/headless-runtime-probe.test.ts
npm notice 1.7kB src/editor/session/__tests__/headless-semantic-fixture.test.ts
npm notice 8.4kB src/editor/session/__tests__/headless-session.test.ts
npm notice 2.4kB src/editor/session/__tests__/independent-timer-ledger.test.ts
npm notice 31.8kB src/editor/session/__tests__/session-async-store-isolation.test.ts
npm notice 19.5kB src/editor/session/__tests__/session-disposal-c6.test.ts
npm notice 28.3kB src/editor/session/__tests__/session-lifecycle.test.ts
npm notice 32.0kB src/editor/session/__tests__/session-runtime-ownership.test.tsx
npm notice 57.1kB src/editor/session/__tests__/session-state-isolation.test.ts
npm notice 6.9kB src/editor/session/__tests__/session-timer-matrix.test.ts
npm notice 11.7kB src/editor/session/__tests__/wasm-test-mock.ts
npm notice 26.7kB src/editor/session/c6-disposal-harness.tsx
npm notice 16.2kB src/editor/session/c6-durable-reopen-browser.ts
npm notice 7.0kB src/editor/session/c6-durable-reopen.ts
npm notice 15.0kB src/editor/session/create-session.ts
npm notice 11.2kB src/editor/session/disposal-oracle.ts
npm notice 7.8kB src/editor/session/editor-session-host.tsx
npm notice 946B src/editor/session/editor-session-provider.tsx
npm notice 1.1kB src/editor/session/headless-proof-control-react-browser.ts
npm notice 370B src/editor/session/headless-proof-control-react.ts
npm notice 313B src/editor/session/headless-proof-control.ts
npm notice 15.6kB src/editor/session/headless-runtime-probe.ts
npm notice 12.6kB src/editor/session/headless-semantic-fixture.ts
npm notice 3.1kB src/editor/session/headless.ts
npm notice 3.9kB src/editor/session/independent-timer-ledger.ts
npm notice 944B src/editor/session/index.ts
npm notice 2.5kB src/editor/session/migration-gate.ts
npm notice 5.3kB src/editor/session/resources.ts
npm notice 19.1kB src/editor/session/session-resources.ts
npm notice 4.7kB src/editor/session/session-types.ts
npm notice 6.2kB src/editor/surface/editor-root.tsx
npm notice 5.3kB src/editor/surface/embedding/__tests__/surface-composition.test.ts
npm notice 6.5kB src/editor/surface/embedding/__tests__/surface-drag-coordinator.test.ts
npm notice 4.0kB src/editor/surface/embedding/__tests__/surface-drag-integrations.test.ts
npm notice 2.1kB src/editor/surface/embedding/__tests__/surface-error-boundary.test.ts
npm notice 8.8kB src/editor/surface/embedding/__tests__/surface-focus.test.ts
npm notice 2.1kB src/editor/surface/embedding/__tests__/surface-keybinding-scope.test.ts
npm notice 13.0kB src/editor/surface/embedding/__tests__/surface-lifecycle.test.ts
npm notice 2.5kB src/editor/surface/embedding/__tests__/surface-portal.test.ts
npm notice 948B src/editor/surface/embedding/__tests__/surface-react-identity-probe.test.ts
npm notice 7.2kB src/editor/surface/embedding/__tests__/surface-transaction-binding.test.ts
npm notice 4.0kB src/editor/surface/embedding/editor-surface.tsx
npm notice 469B src/editor/surface/embedding/index.ts
npm notice 1.1kB src/editor/surface/embedding/session-surface-bridge.tsx
npm notice 652B src/editor/surface/embedding/surface-commit-context.tsx
npm notice 905B src/editor/surface/embedding/surface-contract.assertions.ts
npm notice 7.2kB src/editor/surface/embedding/surface-drag-coordinator.tsx
npm notice 2.0kB src/editor/surface/embedding/surface-error-boundary.tsx
npm notice 5.3kB src/editor/surface/embedding/surface-evidence-seams.tsx
npm notice 4.3kB src/editor/surface/embedding/surface-focus.ts
npm notice 5.5kB src/editor/surface/embedding/surface-lifecycle.ts
npm notice 1.1kB src/editor/surface/embedding/surface-portal.tsx
npm notice 2.0kB src/editor/surface/embedding/surface-react-identity-probe.tsx
npm notice 6.2kB src/editor/surface/embedding/surface-transaction-binding.ts
npm notice 13.0kB src/editor/surface/embedding/types.ts
npm notice 6.5kB src/editor/surface/evidence/agent-evidence-run.ts
npm notice 23.5kB src/editor/surface/evidence/surface-evidence-harness.tsx
npm notice 14.8kB src/editor/transactions/opencut/__tests__/adapter-router.test.ts
npm notice 4.5kB src/editor/transactions/opencut/__tests__/agent-opencut-projection.test.ts
npm notice 2.5kB src/editor/transactions/opencut/__tests__/fixture.ts
npm notice 978B src/editor/transactions/opencut/__tests__/routing-registry.test.ts
npm notice 13.9kB src/editor/transactions/opencut/adapter.ts
npm notice 642B src/editor/transactions/opencut/arbiter.ts
npm notice 3.8kB src/editor/transactions/opencut/draft-context.ts
npm notice 5.1kB src/editor/transactions/opencut/history-rebase.ts
npm notice 940B src/editor/transactions/opencut/index.ts
npm notice 11.3kB src/editor/transactions/opencut/projection.ts
npm notice 10.3kB src/editor/transactions/opencut/router.ts
npm notice 1.9kB src/editor/transactions/opencut/routing.ts
npm notice 1.6kB src/editor/transactions/opencut/types.ts
npm notice 2.2kB src/editor/use-editor.ts
npm notice 585B src/editor/use-menu-preview.ts
npm notice 4.0kB src/editor/use-session-store.ts
npm notice 3.0kB src/effects/components/assets-view.tsx
npm notice 8.0kB src/effects/components/effects-tab.tsx
npm notice 2.9kB src/effects/definitions/blur.ts
npm notice 549B src/effects/definitions/index.ts
npm notice 1.3kB src/effects/index.ts
npm notice 287B src/effects/registry.ts
npm notice 830B src/effects/types.ts
npm notice 3.5kB src/evidence/headless.ts
npm notice 2.6kB src/evidence/index.ts
npm notice 169B src/export/defaults.ts
npm notice 1.8kB src/export/index.ts
npm notice 87B src/export/mime-types.ts
npm notice 6.2kB src/feedback/components/feedback-popover.tsx
npm notice 187B src/feedback/types.ts
npm notice 6.1kB src/fonts/__tests__/host-font-assets.test.ts
npm notice 4.5kB src/fonts/google-fonts.ts
npm notice 397B src/fonts/index.ts
npm notice 165B src/fonts/system-fonts.ts
npm notice 398B src/fonts/types.ts
npm notice 1.5kB src/fonts/use-font-atlas.ts
npm notice 1.6kB src/fps/__tests__/fps.test.ts
npm notice 121B src/fps/defaults.ts
npm notice 218B src/fps/presets.ts
npm notice 2.9kB src/fps/utils.ts
npm notice 20.2kB src/gradients/canvas.ts
npm notice 52B src/gradients/index.ts
npm notice 15.5kB src/gradients/parser.ts
npm notice 6.2kB src/graphics/components/graphic-tab.tsx
npm notice 1.8kB src/graphics/definitions/ellipse.ts
npm notice 991B src/graphics/definitions/index.ts
npm notice 4.7kB src/graphics/definitions/polygon.ts
npm notice 2.1kB src/graphics/definitions/rectangle.ts
npm notice 430B src/graphics/definitions/shared.ts
npm notice 2.5kB src/graphics/definitions/star.ts
npm notice 898B src/graphics/generated-preview.ts
npm notice 3.3kB src/graphics/index.ts
npm notice 293B src/graphics/registry.ts
npm notice 1.8kB src/graphics/stroke.ts
npm notice 524B src/graphics/types.ts
npm notice 749B src/guides/definitions/custom.tsx
npm notice 3.2kB src/guides/definitions/grid.tsx
npm notice 1.4kB src/guides/definitions/platforms.tsx
npm notice 90.0kB src/guides/definitions/tiktok-layout.tsx
npm notice 122B src/guides/grid.ts
npm notice 482B src/guides/index.ts
npm notice 701B src/guides/preview-overlay.tsx
npm notice 742B src/guides/registry.tsx
npm notice 402B src/guides/types.ts
npm notice 204B src/hooks/use-committed-ref.ts
npm notice 501B src/hooks/use-container-size.ts
npm notice 2.1kB src/hooks/use-focus-lock.ts
npm notice 778B src/hooks/use-fullscreen.ts
npm notice 819B src/hooks/use-infinite-scroll.ts
npm notice 558B src/hooks/use-mobile.ts
npm notice 2.6kB src/hooks/use-raf-loop.ts
npm notice 488B src/hooks/use-resize-observer.ts
npm notice 884B src/hooks/use-shift-key.ts
npm notice 484B src/index.ts
npm notice 12.7kB src/masks/__tests__/snap.test.ts
npm notice 7.0kB src/masks/builtin/box-like.ts
npm notice 3.4kB src/masks/builtin/definitions/cinematic-bars.ts
npm notice 2.5kB src/masks/builtin/definitions/diamond.ts
npm notice 2.0kB src/masks/builtin/definitions/ellipse.ts
npm notice 3.4kB src/masks/builtin/definitions/heart.ts
npm notice 3.1kB src/masks/builtin/definitions/index.ts
npm notice 2.4kB src/masks/builtin/definitions/rectangle.ts
npm notice 9.1kB src/masks/builtin/definitions/split.ts
npm notice 3.5kB src/masks/builtin/definitions/star.ts
npm notice 9.7kB src/masks/builtin/definitions/text.ts
npm notice 21.4kB src/masks/components/masks-tab.tsx
npm notice 96B src/masks/dimensions.ts
npm notice 75B src/masks/feather.ts
npm notice 13.4kB src/masks/freeform/definition.ts
npm notice 16.5kB src/masks/freeform/path.ts
npm notice 2.7kB src/masks/geometry.ts
npm notice 10.1kB src/masks/handle-positions.ts
npm notice 1.4kB src/masks/index.ts
npm notice 505B src/masks/param-update.ts
npm notice 2.4kB src/masks/registry.ts
npm notice 8.1kB src/masks/snap.ts
npm notice 7.9kB src/masks/types.ts
npm notice 17.0kB src/masks/use-mask-handles.ts
npm notice 963B src/masks/utils.ts
npm notice 9.2kB src/media/__tests__/audio-resource-lifecycle.test.ts
npm notice 5.1kB src/media/__tests__/persistence.test.ts
npm notice 6.4kB src/media/__tests__/processing-capacity.test.ts
npm notice 2.6kB src/media/audio-mastering.ts
npm notice 22.9kB src/media/audio.ts
npm notice 784B src/media/index.ts
npm notice 604B src/media/media-utils.ts
npm notice 5.3kB src/media/mediabunny.ts
npm notice 4.5kB src/media/persistence.ts
npm notice 8.6kB src/media/processing.ts
npm notice 1.3kB src/media/thumbnail.ts
npm notice 411B src/media/types.ts
npm notice 3.7kB src/media/upload-toast.ts
npm notice 2.4kB src/media/use-file-upload.ts
npm notice 3.6kB src/media/use-paste-media.ts
npm notice 5.4kB src/media/waveform-summary.ts
npm notice 138B src/panels/layout.ts
npm notice 281B src/params/__tests__/channel-layout.test.ts
npm notice 8.7kB src/params/index.ts
npm notice 9.8kB src/params/registry.ts
npm notice 1.8kB src/preview/components/__tests__/timecode-playback-subscription.test.ts
npm notice 2.2kB src/preview/components/context-menu.tsx
npm notice 636B src/preview/components/cursors.ts
npm notice 2.6kB src/preview/components/guide-popover.tsx
npm notice 9.9kB src/preview/components/handle-primitives.tsx
npm notice 14.0kB src/preview/components/index.tsx
npm notice 7.3kB src/preview/components/mask-handles.tsx
npm notice 4.7kB src/preview/components/overlay-layer.tsx
npm notice 472B src/preview/components/playback-time-subscription.ts
npm notice 2.9kB src/preview/components/preview-interaction-overlay.tsx
npm notice 12.3kB src/preview/components/preview-viewport.tsx
npm notice 1.1kB src/preview/components/snap-guides.tsx
npm notice 4.7kB src/preview/components/text-edit-overlay.tsx
npm notice 3.6kB src/preview/components/toolbar.tsx
npm notice 3.8kB src/preview/components/transform-handles.tsx
npm notice 628B src/preview/components/use-playback-time.ts
npm notice 14.1kB src/preview/controllers/preview-interaction-controller.ts
npm notice 20.6kB src/preview/controllers/transform-handle-controller.ts
npm notice 8.0kB src/preview/element-bounds.ts
npm notice 2.0kB src/preview/hit-test.ts
npm notice 3.2kB src/preview/hooks/use-preview-interaction.ts
npm notice 2.9kB src/preview/hooks/use-transform-handles.ts
npm notice 2.3kB src/preview/overlays.ts
npm notice 2.1kB src/preview/preview-coords.ts
npm notice 15.9kB src/preview/preview-snap.ts
npm notice 2.7kB src/preview/preview-store.ts
npm notice 143B src/preview/zoom.ts
npm notice 2.1kB src/project/components/delete-project-dialog.tsx
npm notice 1.3kB src/project/components/migration-dialog.tsx
npm notice 1.5kB src/project/components/rename-project-dialog.tsx
npm notice 454B src/project/index.ts
npm notice 1.2kB src/project/types.ts
npm notice 208B src/renderer/index.ts
npm notice 1.3kB src/rendering/animation-values.ts
npm notice 2.0kB src/rendering/index.ts
npm notice 1.8kB src/retime/__tests__/resolve.test.ts
npm notice 1.0kB src/retime/__tests__/split.test.ts
npm notice 4.7kB src/retime/audio-stretch.ts
npm notice 136B src/retime/index.ts
npm notice 288B src/retime/presets.ts
npm notice 632B src/retime/rate.ts
npm notice 970B src/retime/resolve.ts
npm notice 698B src/retime/split.ts
npm notice 1.9kB src/ripple/apply.ts
npm notice 6.6kB src/ripple/diff.ts
npm notice 197B src/ripple/index.ts
npm notice 420B src/ripple/shift.ts
npm notice 263B src/runtime/index.ts
npm notice 65B src/selection/attributes.ts
npm notice 1.1kB src/selection/context.tsx
npm notice 783B src/selection/editor-selection.ts
npm notice 1.1kB src/selection/hit-testing.ts
npm notice 6.4kB src/selection/hooks/use-box-select.ts
npm notice 762B src/selection/hooks/use-selection-scope.ts
npm notice 217B src/selection/index.ts
npm notice 576B src/selection/scope.ts
npm notice 2.4kB src/selection/selectable-item.tsx
npm notice 7.2kB src/selection/selectable-surface.tsx
npm notice 489B src/selection/selection-box.tsx
npm notice 3.2kB src/selection/state.ts
npm notice 991B src/selection/types.ts
npm notice 2.6kB src/services/renderer/__tests__/effect-preview-ownership.test.ts
npm notice 1.9kB src/services/renderer/__tests__/host-effect-preview.test.ts
npm notice 5.4kB src/services/renderer/canvas-renderer.ts
npm notice 379B src/services/renderer/canvas-utils.ts
npm notice 15.0kB src/services/renderer/compositor/frame-descriptor.ts
npm notice 1.9kB src/services/renderer/compositor/types.ts
npm notice 7.8kB src/services/renderer/compositor/wasm-compositor.ts
npm notice 3.6kB src/services/renderer/effect-preview-source.ts
npm notice 3.9kB src/services/renderer/effect-preview.ts
npm notice 1.6kB src/services/renderer/gpu-renderer.ts
npm notice 320B src/services/renderer/mask-feather.ts
npm notice 556B src/services/renderer/nodes/base-node.ts
npm notice 722B src/services/renderer/nodes/blur-background-node.ts
npm notice 153B src/services/renderer/nodes/color-node.ts
npm notice 460B src/services/renderer/nodes/effect-layer-node.ts
npm notice 1.6kB src/services/renderer/nodes/graphic-node.ts
npm notice 1.9kB src/services/renderer/nodes/image-node.ts
npm notice 211B src/services/renderer/nodes/root-node.ts
npm notice 167B src/services/renderer/nodes/sticker-cache-key.ts
npm notice 1.6kB src/services/renderer/nodes/sticker-node.ts
npm notice 1.7kB src/services/renderer/nodes/text-node.ts
npm notice 313B src/services/renderer/nodes/video-node.ts
npm notice 1.1kB src/services/renderer/nodes/visual-node.ts
npm notice 11.5kB src/services/renderer/resolve.ts
npm notice 7.8kB src/services/renderer/scene-builder.ts
npm notice 6.0kB src/services/renderer/scene-exporter.ts
npm notice 16.6kB src/services/storage/__tests__/browser-project-store-cascade-topology.test.ts
npm notice 10.6kB src/services/storage/__tests__/browser-project-store-media-topology.test.ts
npm notice 24.0kB src/services/storage/__tests__/browser-project-store-migration-topology.test.ts
npm notice 17.8kB src/services/storage/__tests__/browser-project-store-records.test.ts
npm notice 11.2kB src/services/storage/__tests__/browser-project-store-topology.test.ts
npm notice 2.1kB src/services/storage/__tests__/migration-provider-private.test.ts
npm notice 27.1kB src/services/storage/browser-project-store-cascade-manager.ts
npm notice 16.7kB src/services/storage/browser-project-store-cascade-probes.ts
npm notice 103.4kB src/services/storage/browser-project-store-cascade-round2-probes.ts
npm notice 10.9kB src/services/storage/browser-project-store-cascade.ts
npm notice 32.3kB src/services/storage/browser-project-store-conformance.ts
npm notice 11.6kB src/services/storage/browser-project-store-control.ts
npm notice 8.0kB src/services/storage/browser-project-store-internals.ts
npm notice 12.0kB src/services/storage/browser-project-store-library-clear-bindings.ts
npm notice 32.5kB src/services/storage/browser-project-store-media-ownership.ts
npm notice 78.7kB src/services/storage/browser-project-store-migration-round2-probes.ts
npm notice 64.8kB src/services/storage/browser-project-store-migration.ts
npm notice 28.7kB src/services/storage/browser-project-store-records.ts
npm notice 83.0kB src/services/storage/browser-project-store-residual-probes.ts
npm notice 18.8kB src/services/storage/browser-project-store-topology.ts
npm notice 48.4kB src/services/storage/browser-project-store.ts
npm notice 31.7kB src/services/storage/browser-storage-mechanisms.ts
npm notice 4.0kB src/services/storage/indexeddb-adapter.ts
npm notice 223B src/services/storage/migrations/__tests__/fixtures/index.ts
npm notice 1.1kB src/services/storage/migrations/__tests__/fixtures/v0.ts
npm notice 1.3kB src/services/storage/migrations/__tests__/fixtures/v1.ts
npm notice 2.9kB src/services/storage/migrations/__tests__/fixtures/v2.ts
npm notice 935B src/services/storage/migrations/__tests__/fixtures/v3.ts
npm notice 1.1kB src/services/storage/migrations/__tests__/fixtures/v5.ts
npm notice 1.2kB src/services/storage/migrations/__tests__/helpers.ts
npm notice 3.3kB src/services/storage/migrations/__tests__/v0-to-v1.test.ts
npm notice 9.1kB src/services/storage/migrations/__tests__/v1-to-v2.test.ts
npm notice 5.5kB src/services/storage/migrations/__tests__/v2-to-v3.test.ts
npm notice 3.1kB src/services/storage/migrations/__tests__/v3-to-v4.test.ts
npm notice 3.1kB src/services/storage/migrations/__tests__/v4-to-v5.test.ts
npm notice 2.3kB src/services/storage/migrations/__tests__/v5-to-v6.test.ts
npm notice 4.4kB src/services/storage/migrations/__tests__/v8-to-v9.test.ts
npm notice 2.2kB src/services/storage/migrations/__tests__/v15-to-v16.test.ts
npm notice 3.3kB src/services/storage/migrations/__tests__/v16-to-v17.test.ts
npm notice 1.6kB src/services/storage/migrations/__tests__/v18-to-v19.test.ts
npm notice 3.2kB src/services/storage/migrations/__tests__/v19-to-v20.test.ts
npm notice 2.5kB src/services/storage/migrations/__tests__/v20-to-v21.test.ts
npm notice 5.3kB src/services/storage/migrations/__tests__/v21-to-v22.test.ts
npm notice 4.6kB src/services/storage/migrations/__tests__/v22-to-v23.test.ts
npm notice 1.9kB src/services/storage/migrations/__tests__/v26-to-v27.test.ts
npm notice 6.4kB src/services/storage/migrations/__tests__/v27-to-v28.test.ts
npm notice 3.3kB src/services/storage/migrations/__tests__/v28-to-v29.test.ts
npm notice 3.8kB src/services/storage/migrations/__tests__/v29-to-v30.test.ts
npm notice 3.3kB src/services/storage/migrations/__tests__/v30-to-v31.test.ts
npm notice 445B src/services/storage/migrations/AGENTS.md
npm notice 563B src/services/storage/migrations/base.ts
npm notice 2.5kB src/services/storage/migrations/index.ts
npm notice 3.7kB src/services/storage/migrations/runner.ts
npm notice 442B src/services/storage/migrations/transformers/index.ts
npm notice 356B src/services/storage/migrations/transformers/types.ts
npm notice 606B src/services/storage/migrations/transformers/utils.ts
npm notice 1.5kB src/services/storage/migrations/transformers/v0-to-v1.ts
npm notice 17.2kB src/services/storage/migrations/transformers/v1-to-v2.ts
npm notice 2.1kB src/services/storage/migrations/transformers/v2-to-v3.ts
npm notice 3.8kB src/services/storage/migrations/transformers/v3-to-v4.ts
npm notice 3.9kB src/services/storage/migrations/transformers/v4-to-v5.ts
npm notice 1.9kB src/services/storage/migrations/transformers/v5-to-v6.ts
npm notice 2.8kB src/services/storage/migrations/transformers/v6-to-v7.ts
npm notice 2.8kB src/services/storage/migrations/transformers/v7-to-v8.ts
npm notice 2.7kB src/services/storage/migrations/transformers/v8-to-v9.ts
npm notice 531B src/services/storage/migrations/transformers/v9-to-v10.ts
npm notice 3.0kB src/services/storage/migrations/transformers/v10-to-v11.ts
npm notice 5.2kB src/services/storage/migrations/transformers/v11-to-v12.ts
npm notice 2.7kB src/services/storage/migrations/transformers/v12-to-v13.ts
npm notice 2.9kB src/services/storage/migrations/transformers/v13-to-v14.ts
npm notice 1.9kB src/services/storage/migrations/transformers/v14-to-v15.ts
npm notice 1.2kB src/services/storage/migrations/transformers/v15-to-v16.ts
npm notice 2.0kB src/services/storage/migrations/transformers/v16-to-v17.ts
npm notice 2.2kB src/services/storage/migrations/transformers/v17-to-v18.ts
npm notice 972B src/services/storage/migrations/transformers/v18-to-v19.ts
npm notice 1.6kB src/services/storage/migrations/transformers/v19-to-v20.ts
npm notice 1.6kB src/services/storage/migrations/transformers/v20-to-v21.ts
npm notice 10.9kB src/services/storage/migrations/transformers/v21-to-v22.ts
npm notice 7.2kB src/services/storage/migrations/transformers/v22-to-v23.ts
npm notice 2.5kB src/services/storage/migrations/transformers/v23-to-v24.ts
npm notice 3.5kB src/services/storage/migrations/transformers/v24-to-v25.ts
npm notice 3.0kB src/services/storage/migrations/transformers/v25-to-v26.ts
npm notice 3.2kB src/services/storage/migrations/transformers/v26-to-v27.ts
npm notice 4.8kB src/services/storage/migrations/transformers/v27-to-v28.ts
npm notice 4.7kB src/services/storage/migrations/transformers/v28-to-v29.ts
npm notice 3.5kB src/services/storage/migrations/transformers/v29-to-v30.ts
npm notice 2.5kB src/services/storage/migrations/transformers/v30-to-v31.ts
npm notice 440B src/services/storage/migrations/v0-to-v1.ts
npm notice 5.8kB src/services/storage/migrations/v1-to-v2.ts
npm notice 440B src/services/storage/migrations/v2-to-v3.ts
npm notice 440B src/services/storage/migrations/v3-to-v4.ts
npm notice 440B src/services/storage/migrations/v4-to-v5.ts
npm notice 440B src/services/storage/migrations/v5-to-v6.ts
npm notice 440B src/services/storage/migrations/v6-to-v7.ts
npm notice 440B src/services/storage/migrations/v7-to-v8.ts
npm notice 440B src/services/storage/migrations/v8-to-v9.ts
npm notice 445B src/services/storage/migrations/v9-to-v10.ts
npm notice 450B src/services/storage/migrations/v10-to-v11.ts
npm notice 450B src/services/storage/migrations/v11-to-v12.ts
npm notice 450B src/services/storage/migrations/v12-to-v13.ts
npm notice 450B src/services/storage/migrations/v13-to-v14.ts
npm notice 450B src/services/storage/migrations/v14-to-v15.ts
npm notice 450B src/services/storage/migrations/v15-to-v16.ts
npm notice 450B src/services/storage/migrations/v16-to-v17.ts
npm notice 450B src/services/storage/migrations/v17-to-v18.ts
npm notice 450B src/services/storage/migrations/v18-to-v19.ts
npm notice 450B src/services/storage/migrations/v19-to-v20.ts
npm notice 450B src/services/storage/migrations/v20-to-v21.ts
npm notice 450B src/services/storage/migrations/v21-to-v22.ts
npm notice 450B src/services/storage/migrations/v22-to-v23.ts
npm notice 450B src/services/storage/migrations/v23-to-v24.ts
npm notice 450B src/services/storage/migrations/v24-to-v25.ts
npm notice 450B src/services/storage/migrations/v25-to-v26.ts
npm notice 450B src/services/storage/migrations/v26-to-v27.ts
npm notice 450B src/services/storage/migrations/v27-to-v28.ts
npm notice 450B src/services/storage/migrations/v28-to-v29.ts
npm notice 450B src/services/storage/migrations/v29-to-v30.ts
npm notice 450B src/services/storage/migrations/v30-to-v31.ts
npm notice 1.9kB src/services/storage/opfs-adapter.ts
npm notice 3.3kB src/services/storage/quota.ts
npm notice 15.4kB src/services/storage/service.ts
npm notice 1.6kB src/services/storage/types.ts
npm notice 1.4kB src/services/storage/use-local-storage.ts
npm notice 980B src/services/storage/use-storage-persistence.ts
npm notice 7.0kB src/services/transcription/__tests__/session-service.test.ts
npm notice 7.5kB src/services/transcription/service.ts
npm notice 4.5kB src/services/transcription/worker.ts
npm notice 4.8kB src/services/video-cache/__tests__/service-ownership.test.ts
npm notice 12.0kB src/services/video-cache/service.ts
npm notice 6.5kB src/services/waveform-cache/__tests__/service-ownership.test.ts
npm notice 6.6kB src/services/waveform-cache/service.ts
npm notice 257B src/session/index.ts
npm notice 15.7kB src/sounds/components/assets-view.tsx
npm notice 15.2kB src/sounds/sounds-store.ts
npm notice 719B src/sounds/types.ts
npm notice 4.8kB src/sounds/use-sound-search.ts
npm notice 4.2kB src/speed/components/speed-tab.tsx
npm notice 3.6kB src/stickers/__tests__/host-assets.test.ts
npm notice 990B src/stickers/__tests__/sticker-id.test.ts
npm notice 119B src/stickers/categories.ts
npm notice 11.7kB src/stickers/components/assets-view.tsx
npm notice 7.4kB src/stickers/index.ts
npm notice 52B src/stickers/intrinsic-size.ts
npm notice 40.7kB src/stickers/providers/countries-data.ts
npm notice 5.2kB src/stickers/providers/flags.ts
npm notice 875B src/stickers/providers/index.ts
npm notice 651B src/stickers/providers/logos.ts
npm notice 5.0kB src/stickers/providers/shapes.ts
npm notice 298B src/stickers/registry.ts
npm notice 639B src/stickers/resolver.ts
npm notice 873B src/stickers/sticker-id.ts
npm notice 7.4kB src/stickers/stickers-store.ts
npm notice 1.4kB src/stickers/types.ts
npm notice 821B src/storage/conformance.ts
npm notice 1.7kB src/storage/index.ts
npm notice 12.9kB src/subtitles/ass.ts
npm notice 9.2kB src/subtitles/build-subtitle-text-element.ts
npm notice 11.0kB src/subtitles/components/assets-view.tsx
npm notice 984B src/subtitles/insert.ts
npm notice 699B src/subtitles/parse.ts
npm notice 2.3kB src/subtitles/srt.ts
npm notice 1.6kB src/subtitles/types.ts
npm notice 533B src/surface/index.ts
npm notice 7.6kB src/surface/surface.css
npm notice 248B src/text/background.ts
npm notice 1.3kB src/text/components/assets-view.tsx
npm notice 5.0kB src/text/layout.ts
npm notice 7.0kB src/text/measure-element.ts
npm notice 6.0kB src/text/primitives.ts
npm notice 233B src/text/typography.ts
npm notice 1.0kB src/timeline/__tests__/element-with-track-selector.test.ts
npm notice 1.6kB src/timeline/__tests__/update-pipeline.test.ts
npm notice 903B src/timeline/animation-snap-points.ts
npm notice 4.8kB src/timeline/animation-targets.ts
npm notice 67B src/timeline/audio-constants.ts
npm notice 2.3kB src/timeline/audio-display.ts
npm notice 3.1kB src/timeline/audio-separation/index.ts
npm notice 3.0kB src/timeline/audio-state.ts
npm notice 12.3kB src/timeline/bookmarks/components/bookmarks.tsx
npm notice 7.1kB src/timeline/bookmarks/hooks/use-bookmark-drag.ts
npm notice 579B src/timeline/bookmarks/index.ts
npm notice 2.0kB src/timeline/bookmarks/preview-overlay-source.tsx
npm notice 519B src/timeline/bookmarks/snap-source.ts
npm notice 3.1kB src/timeline/bookmarks/utils.ts
npm notice 7.4kB src/timeline/components/audio-volume-line.tsx
npm notice 9.2kB src/timeline/components/audio-waveform.tsx
npm notice 680B src/timeline/components/drag-line.tsx
npm notice 6.6kB src/timeline/components/drop-target.ts
npm notice 3.3kB src/timeline/components/expanded-layout.ts
npm notice 6.1kB src/timeline/components/graph-editor/bezier-graph.tsx
npm notice 5.6kB src/timeline/components/graph-editor/custom-presets-store.ts
npm notice 663B src/timeline/components/graph-editor/easing-presets.ts
npm notice 10.2kB src/timeline/components/graph-editor/popover.tsx
npm notice 17.9kB src/timeline/components/graph-editor/session.ts
npm notice 4.7kB src/timeline/components/graph-editor/use-controller.ts
npm notice 27.8kB src/timeline/components/index.tsx
npm notice 207B src/timeline/components/interaction.ts
npm notice 114B src/timeline/components/layers.ts
npm notice 611B src/timeline/components/layout.ts
npm notice 3.4kB src/timeline/components/selection-hit-testing.ts
npm notice 1.2kB src/timeline/components/snap-indicator.tsx
npm notice 795B src/timeline/components/theme.ts
npm notice 33.8kB src/timeline/components/timeline-element.tsx
npm notice 4.0kB src/timeline/components/timeline-playhead.tsx
npm notice 4.0kB src/timeline/components/timeline-ruler.tsx
npm notice 886B src/timeline/components/timeline-tick.tsx
npm notice 10.1kB src/timeline/components/timeline-toolbar.tsx
npm notice 3.4kB src/timeline/components/timeline-track.tsx
npm notice 1.3kB src/timeline/components/track-layout.ts
npm notice 15.3kB src/timeline/controllers/drag-drop-controller.ts
npm notice 17.9kB src/timeline/controllers/element-interaction-controller.ts
npm notice 9.4kB src/timeline/controllers/keyframe-drag-controller.ts
npm notice 10.2kB src/timeline/controllers/playhead-controller.ts
npm notice 9.3kB src/timeline/controllers/resize-controller.ts
npm notice 5.0kB src/timeline/controllers/seek-controller.ts
npm notice 8.5kB src/timeline/controllers/zoom-controller.ts
npm notice 379B src/timeline/creation.ts
npm notice 2.4kB src/timeline/defaults.ts
npm notice 1.0kB src/timeline/drag-source.ts
npm notice 558B src/timeline/drag-utils.ts
npm notice 909B src/timeline/drag.ts
npm notice 874B src/timeline/element-snap-source.ts
npm notice 9.0kB src/timeline/element-utils.ts
npm notice 719B src/timeline/element-with-track-selector.ts
npm notice 2.1kB src/timeline/group-move/build-group.ts
npm notice 281B src/timeline/group-move/index.ts
npm notice 11.5kB src/timeline/group-move/resolve-move.ts
npm notice 2.5kB src/timeline/group-move/snap.ts
npm notice 1.7kB src/timeline/group-move/track-placement.ts
npm notice 819B src/timeline/group-move/types.ts
npm notice 7.3kB src/timeline/group-resize/compute-resize.ts
npm notice 186B src/timeline/group-resize/index.ts
npm notice 867B src/timeline/group-resize/types.ts
npm notice 3.3kB src/timeline/hooks/element/use-element-interaction.ts
npm notice 3.6kB src/timeline/hooks/element/use-element-selection.ts
npm notice 5.0kB src/timeline/hooks/element/use-keyframe-box-select.ts
npm notice 2.5kB src/timeline/hooks/element/use-keyframe-drag.ts
npm notice 6.1kB src/timeline/hooks/element/use-keyframe-selection.ts
npm notice 2.8kB src/timeline/hooks/use-edge-auto-scroll.ts
npm notice 1.3kB src/timeline/hooks/use-element-preview.ts
npm notice 1.3kB src/timeline/hooks/use-initial-scroll-bottom.ts
npm notice 1.5kB src/timeline/hooks/use-scroll-position.ts
npm notice 5.0kB src/timeline/hooks/use-scroll-sync.ts
npm notice 1.3kB src/timeline/hooks/use-snap-indicator-position.ts
npm notice 2.3kB src/timeline/hooks/use-timeline-drag-drop.ts
npm notice 3.8kB src/timeline/hooks/use-timeline-playhead.ts
npm notice 3.0kB src/timeline/hooks/use-timeline-resize.ts
npm notice 1.9kB src/timeline/hooks/use-timeline-seek.ts
npm notice 2.8kB src/timeline/hooks/use-timeline-zoom.ts
npm notice 949B src/timeline/index.ts
npm notice 1.7kB src/timeline/pixel-utils.ts
npm notice 15.0kB src/timeline/placement/__tests__/resolve.test.ts
npm notice 3.5kB src/timeline/placement/apply.ts
npm notice 1.1kB src/timeline/placement/compatibility.ts
npm notice 538B src/timeline/placement/index.ts
npm notice 1.8kB src/timeline/placement/insert-index.ts
npm notice 1.3kB src/timeline/placement/main-track.ts
npm notice 964B src/timeline/placement/overlap.ts
npm notice 5.9kB src/timeline/placement/resolve.ts
npm notice 1.8kB src/timeline/placement/track-factory.ts
npm notice 989B src/timeline/placement/types.ts
npm notice 246B src/timeline/playhead-snap-source.ts
npm notice 6.8kB src/timeline/ruler-utils.ts
npm notice 127B src/timeline/scale.ts
npm notice 2.4kB src/timeline/scenes.ts
npm notice 350B src/timeline/snapping/build.ts
npm notice 262B src/timeline/snapping/index.ts
npm notice 748B src/timeline/snapping/resolve.ts
npm notice 474B src/timeline/snapping/threshold.ts
npm notice 442B src/timeline/snapping/types.ts
npm notice 1.4kB src/timeline/timeline-store.ts
npm notice 424B src/timeline/track-capabilities.ts
npm notice 3.0kB src/timeline/track-element-update.ts
npm notice 232B src/timeline/tracks.ts
npm notice 6.7kB src/timeline/types.ts
npm notice 4.8kB src/timeline/update-pipeline.ts
npm notice 2.3kB src/timeline/zoom-utils.ts
npm notice 146B src/transcription/audio.ts
npm notice 93B src/transcription/caption-defaults.ts
npm notice 1.4kB src/transcription/caption.ts
npm notice 736B src/transcription/diagnostics.ts
npm notice 444B src/transcription/languages.ts
npm notice 842B src/transcription/models.ts
npm notice 68B src/transcription/supported-languages.ts
npm notice 868B src/transcription/types.ts
npm notice 219B src/types/eyedropper.d.ts
npm notice 276B src/types/soundtouchjs.d.ts
npm notice 2.8kB src/ui/index.ts
npm notice 3.5kB src/utils/__tests__/browser-resource-lifecycle.test.ts
npm notice 4.5kB src/utils/__tests__/math.test.ts
npm notice 1.3kB src/utils/browser.ts
npm notice 4.5kB src/utils/color.ts
npm notice 168B src/utils/date.ts
npm notice 392B src/utils/geometry.ts
npm notice 572B src/utils/id.ts
npm notice 5.8kB src/utils/math.ts
npm notice 296B src/utils/platform.ts
npm notice 225B src/utils/string.ts
npm notice 176B src/utils/ui.ts
npm notice 30B src/wasm/index.ts
npm notice 5.0kB src/wasm/media-time.ts
npm notice Tarball Details
npm notice name: @opencut/editor-classic
npm notice version: 0.1.0
npm notice filename: opencut-editor-classic-0.1.0.tgz
npm notice package size: 874.0 kB
npm notice unpacked size: 3.9 MB
npm notice shasum: a17ac13825825062792734f518e84083de75fd48
npm notice integrity: sha512-soEl6tZtvF7qn[...]5N6Wh4Xsy8MUQ==
npm notice total files: 802
npm notice
opencut-editor-classic-0.1.0.tgz
REAL_EXIT_CODE[editor-classic]:0
