npm warn Unknown project config "node-linker". This will stop working in the next major version of npm.
[WebServer] $ vite preview --port "4173" --strictPort --host "127.0.0.1"

Running 1 test using 1 worker

  ✘  1 [chromium] › tests\parity\surface.pw.ts:232:1 › Surface matrix and lifecycle — electron host (1.2m)


  1) [chromium] › tests\parity\surface.pw.ts:232:1 › Surface matrix and lifecycle — electron host ──

    Error: every Surface step must carry an assertion or capture

    expect(received).toEqual(expected) // deep equality

    - Expected  - 1
    + Received  + 4

    - Array []
    + Array [
    +   "bounded-container-and-outside-style",
    +   "focused-local-input-and-outside-control",
    + ]

      723 | 		unevidenced.map((step) => step.id),
      724 | 		"every Surface step must carry an assertion or capture",
    > 725 | 	).toEqual([]);
          | 	  ^
      726 | 	const failed = steps.filter((step) => step.error !== null);
      727 | 	expect(
      728 | 		failed.map((step) => `${step.id}: ${step.error}`),
        at E:\AI\ChatAI\Agents\VibeCodingProjects\elftia\_others\rocut-wt-export\apps\vite-example\tests\parity\surface.pw.ts:725:4

    Error Context: tests\.pw-output\surface.pw.ts-Surface-matrix-and-lifecycle-—-electron-host-chromium\error-context.md

  1 failed
    [chromium] › tests\parity\surface.pw.ts:232:1 › Surface matrix and lifecycle — electron host ───
REAL_EXIT_CODE:1
