bun test v1.2.2 (c1708ea6)

apps\electron-host\src\export\__tests__\job-manager.test.ts:
(pass) happy path: 60 gradient frames + WAV → one ffmpeg encode → completed mp4 with both streams [422.00ms]
(pass) cancel mid-render: settles cancelled, keeps the record, deletes raw/wav/partial [15.00ms]
(pass) cancel mid-encode: the resolved cancel proves the child exited; partial and raw are gone [391.00ms]
409 | 		expect(listed).toHaveLength(1);
410 | 		expect(listed[0]?.phase).toBe("interrupted");
411 | 		expect(listed[0]?.frames).toEqual({ accepted: 25, total: 60 });
412 | 
413 | 		const assignment = manager2.resumeJob({ jobId: listed[0]?.jobId ?? "" });
414 | 		expect(assignment.nextNeededFrame).toBe(25);
                                           ^
error: expect(received).toBe(expected)

Expected: 25
Received: 0

      at <anonymous> (E:\AI\ChatAI\Agents\VibeCodingProjects\elftia\_others\rocut-wt-export\apps\electron-host\src\export\__tests__\job-manager.test.ts:414:38)
(fail) interrupt + resume across manager instances completes with the exact frame count [47.00ms]
(pass) the boot scan interrupts a record left rendering at rest, and discard removes everything [15.00ms]
(pass) a frame gap or duplicate fails the job with the named desync reason [16.00ms]
554 | 
555 | 		const manager2 = newManager(root);
556 | 		// The record still says 25 — and the resume must TRUNCATE the file to
557 | 		// exactly that before any producer attaches.
558 | 		const assignment = manager2.resumeJob({ jobId });
559 | 		expect(assignment.nextNeededFrame).toBe(25);
                                           ^
error: expect(received).toBe(expected)

Expected: 25
Received: 0

      at <anonymous> (E:\AI\ChatAI\Agents\VibeCodingProjects\elftia\_others\rocut-wt-export\apps\electron-host\src\export\__tests__\job-manager.test.ts:559:38)
(fail) resume truncates a garbage tail (file ahead of the record) and still completes exactly [31.00ms]
(pass) resume over a short raw stream fails with the named reason instead of guessing [16.00ms]

 6 pass
 2 fail
 71 expect() calls
Ran 8 tests across 1 files. [1241.00ms]
