run-published-examples: running at 4d4a13da
scratch root: C:\Users\Sayo\.opencut-scratch-ci-dry (OPENCUT_SCRATCH_ROOT)
CONTROL-1a root-outside-repo-tree: PASS (C:\Users\Sayo\.opencut-scratch-ci-dry)
CONTROL-1b root-outside-temp: PASS (checked 4 Temp root(s))
lifecycle: fresh scratch root created with marker (C:\Users\Sayo\.opencut-scratch-ci-dry)
pack: packed packages/editor-ports -> opencut-editor-ports-0.2.0.tgz
pack: inventory: opencut-editor-ports-0.2.0.tgz — 23 file(s) hashed
pack: packed packages/editor-contracts -> opencut-editor-contracts-0.2.0.tgz
pack: inventory: opencut-editor-contracts-0.2.0.tgz — 61 file(s) hashed
pack: packed packages/editor-classic -> opencut-editor-classic-0.2.0.tgz
pack: inventory: opencut-editor-classic-0.2.0.tgz — 805 file(s) hashed
pack: packed rust/wasm/pkg -> opencut-wasm-0.2.10.tgz
pack: inventory: opencut-wasm-0.2.10.tgz — 7 file(s) hashed
pack: 4 tarball(s) staged into the scratch project
consumer-view: verifying pre-packed tarballs from C:\Users\Sayo\.opencut-scratch-ci-dry\tarballs (4 file(s))

=== @opencut/editor-classic@0.2.0 (opencut-editor-classic-0.2.0.tgz) ===
  ok   packed manifest version is 0.x (found 0.2.0)
  ok   packed inventory lists README.md
  ok   README contains the policy statement ("Compatibility policy (`0.x`)")
  ok   packed inventory lists surface.json
  ok   surface.json classifies exactly the export-map entries (19 declared = 19 classified, set-equal)
  census  @opencut/editor-classic: frozen 2, provider 13, experimental 4
  ok   provider entry . carries @opencutSurface provider in extracted source
  ok   provider entry ./browser carries @opencutSurface provider in extracted source
  ok   experimental entry ./evidence carries @opencutSurface experimental in extracted source
  ok   experimental entry ./evidence/headless carries @opencutSurface experimental in extracted source
  ok   experimental entry ./evidence/headless-semantic-fixture carries @opencutSurface experimental in extracted source
  ok   experimental entry ./evidence/wasm-test-mock carries @opencutSurface experimental in extracted source
  ok   provider entry ./fonts carries @opencutSurface provider in extracted source
  ok   provider entry ./media carries @opencutSurface provider in extracted source
  ok   provider entry ./project carries @opencutSurface provider in extracted source
  ok   provider entry ./renderer carries @opencutSurface provider in extracted source
  ok   provider entry ./runtime carries @opencutSurface provider in extracted source
  ok   provider entry ./session carries @opencutSurface provider in extracted source
  ok   provider entry ./storage carries @opencutSurface provider in extracted source
  ok   provider entry ./storage/conformance carries @opencutSurface provider in extracted source
  ok   provider entry ./storage/migrations carries @opencutSurface provider in extracted source
  ok   frozen entry ./surface carries no marker in extracted source
  ok   frozen entry ./surface.css carries no marker in extracted source
  ok   provider entry ./timeline carries @opencutSurface provider in extracted source
  ok   provider entry ./ui carries @opencutSurface provider in extracted source
  markers verified in extracted source: 17 non-frozen entries

=== @opencut/editor-contracts@0.2.0 (opencut-editor-contracts-0.2.0.tgz) ===
  ok   packed manifest version is 0.x (found 0.2.0)
  ok   packed inventory lists README.md
  ok   README contains the policy statement ("Compatibility policy (`0.x`)")
  ok   packed inventory lists surface.json
  ok   surface.json classifies exactly the export-map entries (10 declared = 10 classified, set-equal)
  census  @opencut/editor-contracts: frozen 9, provider 0, experimental 1
  ok   frozen entry . carries no marker in extracted source
  ok   frozen entry ./conformance carries no marker in extracted source
  ok   experimental entry ./conformance/requirements carries @opencutSurface experimental in extracted source
  ok   frozen entry ./draft carries no marker in extracted source
  ok   frozen entry ./draft/conformance carries no marker in extracted source
  ok   frozen entry ./engine carries no marker in extracted source
  ok   frozen entry ./engine/conformance carries no marker in extracted source
  ok   frozen entry ./engine/invariant carries no marker in extracted source
  ok   frozen entry ./vectors carries no marker in extracted source
  ok   frozen entry ./vectors/corpus carries no marker in extracted source
  markers verified in extracted source: 1 non-frozen entries

=== @opencut/editor-ports@0.2.0 (opencut-editor-ports-0.2.0.tgz) ===
  ok   packed manifest version is 0.x (found 0.2.0)
  ok   packed inventory lists README.md
  ok   README contains the policy statement ("Compatibility policy (`0.x`)")
  ok   packed inventory lists surface.json
  ok   surface.json classifies exactly the export-map entries (6 declared = 6 classified, set-equal)
  census  @opencut/editor-ports: frozen 5, provider 0, experimental 1
  ok   frozen entry . carries no marker in extracted source
  ok   frozen entry ./conformance carries no marker in extracted source
  ok   experimental entry ./conformance/requirements carries @opencutSurface experimental in extracted source
  ok   frozen entry ./host carries no marker in extracted source
  ok   frozen entry ./in-memory carries no marker in extracted source
  ok   frozen entry ./in-memory/host carries no marker in extracted source
  markers verified in extracted source: 1 non-frozen entries
consumer-view: opencut-wasm-0.2.10.tgz — flat artifact (opencut-wasm), no surface clauses
consumer-view: PASS (3 package(s) verified, 0 failures, 0 dangling)
examples root: C:\Users\Sayo\.opencut-scratch-ci-dry\examples (under the scratch root)
examples: running 4 of 4 (agent-transaction, custom-storage, embed-surface, install-packages)

=== example agent-transaction ===
materialize: agent-transaction — 2 @opencut/* spec(s) resolved to staged tarballs
added 5 packages, and audited 6 packages in 6s

found 0 vulnerabilities
REAL_EXIT_CODE[npm-install/agent-transaction]:0
CONTROL-2 copy-not-link @opencut/editor-ports: PASS (lstat: real directory, symlink=false; lockfile resolved=file:tarballs/opencut-editor-ports-0.2.0.tgz, link=false)
CONTROL-2 copy-not-link @opencut/editor-contracts: PASS (lstat: real directory, symlink=false; lockfile resolved=file:tarballs/opencut-editor-contracts-0.2.0.tgz, link=false)
CONTROL-react-free react-absent: PASS (node_modules/react does not exist; the migration entry's closure needs no react)
> opencut-example-agent-transaction@0.0.0 typecheck
> tsc --noEmit
EXIT[example/agent-transaction/typecheck]:0
ok   ledger verdict passed
ok   ledger failure codes: (none)
ok   executed exactly the declared plan (9 step(s))
ok   ledger asserts 87 comparison(s)
ok   ledger carries a commitment read back from the target
ok   step build-structure: verdict passed, 23 assertion(s), 1 durable save(s)
ok   step move-clip: verdict passed, 8 assertion(s), 1 durable save(s)
ok   step trim-clip: verdict passed, 9 assertion(s), 1 durable save(s)
ok   step split-clip: verdict passed, 12 assertion(s), 1 durable save(s)
ok   step patch-project: verdict passed, 9 assertion(s), 1 durable save(s)
ok   step keyed-commit: verdict passed, 8 assertion(s), 1 durable save(s)
ok   step keyed-replay: verdict passed, 6 assertion(s), 0 durable save(s)
ok   step keyed-reuse-different-payload: verdict passed, 5 assertion(s), 0 durable save(s)
ok   step stale-expected-revision: verdict passed, 7 assertion(s), 0 durable save(s)
ledger: written to ledger.json (schema t4-agent-evidence-v1, revision 6)
ok   reopen verdict passed (no failures)
ok   reopened revision 6 == committed 6
ok   reopen asserted 48 comparison(s)
ok   the reopened target is a fresh store instance, not the original
agent-transaction: scenario scenario/agent-transaction-walk green end to end — 87 ledger assertion(s), reopen at revision 6 over a fresh store from the persisted snapshot
EXIT[example/agent-transaction/execute]:0

=== example custom-storage ===
materialize: custom-storage — 3 @opencut/* spec(s) resolved to staged tarballs (+ the opencut-wasm override)
added 251 packages, and audited 252 packages in 1m

90 packages are looking for funding
  run `npm fund` for details

3 high severity vulnerabilities

Some issues need review, and may require choosing
a different dependency.

Run `npm audit` for details.
npm warn deprecated boolean@3.2.0: Package no longer supported. Contact Support at https://www.npmjs.com/support for more info.
REAL_EXIT_CODE[npm-install/custom-storage]:0
CONTROL-2 copy-not-link @opencut/editor-ports: PASS (lstat: real directory, symlink=false; lockfile resolved=file:tarballs/opencut-editor-ports-0.2.0.tgz, link=false)
CONTROL-2 copy-not-link @opencut/editor-contracts: PASS (lstat: real directory, symlink=false; lockfile resolved=file:tarballs/opencut-editor-contracts-0.2.0.tgz, link=false)
CONTROL-2 copy-not-link @opencut/editor-classic: PASS (lstat: real directory, symlink=false; lockfile resolved=file:tarballs/opencut-editor-classic-0.2.0.tgz, link=false)
CONTROL-2 copy-not-link opencut-wasm: PASS (lstat: real directory, symlink=false; lockfile resolved=file:tarballs/opencut-wasm-0.2.10.tgz, link=false)
CONTROL-react-free react-absent: PASS (node_modules/react does not exist; the migration entry's closure needs no react)
> opencut-example-custom-storage@0.0.0 typecheck
> tsc --noEmit
EXIT[example/custom-storage/typecheck]:0
custom-storage example: production leg (alien adapter, published conformance)
runtime: bun 1.2.18
classic chain: NOT LOADABLE — @opencut/editor-classic/storage/migrations failed to load or initialize in this environment (recorded finding; the wasm-initialization defect is Direction-level, demonstrated not repaired). The migration leg is skipped distinctly; every other surface still runs.
  observed: wasm.__wbindgen_start is not a function. (In 'wasm.__wbindgen_start()', 'wasm.__wbindgen_start' is undefined)
suites/ports: passed=true cases=36 (migration absent: classic unresolved in the plain consumer — the finding above)
suites/transaction: passed=true cases=21
suites/engine: passed=true cases=38
suites/draft: passed=true cases=22
suites/vectors: verdict=passed vectors=29
migration/by-replication: SKIPPED distinctly (classic unresolved in the plain consumer — finding above; the chain itself is validated by run-mock.ts)
custom-storage example (production leg): all exercised surfaces green
EXIT[example/custom-storage/run.ts]:0
custom-storage example: mock-installed leg (the real published chain, through the wasm test mock)
runtime: bun 1.2.18
wasm mock: installed (experimental entry @opencut/editor-classic/evidence/wasm-test-mock)
classic chain: loaded through the mock (31 steps, target v31)
migration/by-replication: green (real chain, mock-installed)
  disposable legacy record: migrated 30->31, progress 1/1
  second migration call: not-needed
  declining transform: failed closed (invalid version)
suites/ports: passed=true cases=36 (migration exercised: migration brings the store to its declared version)
custom-storage example (mock-installed leg): the real 31-step chain validated over the alien store
EXIT[example/custom-storage/run-mock.ts]:0

=== example embed-surface ===
materialize: embed-surface — 3 @opencut/* spec(s) resolved to staged tarballs (+ the opencut-wasm override)
added 348 packages, and audited 349 packages in 1m

105 packages are looking for funding
  run `npm fund` for details

5 vulnerabilities (2 moderate, 3 high)

To address all issues possible (including breaking changes), run:
  npm audit fix --force

Some issues need review, and may require choosing
a different dependency.

Run `npm audit` for details.
npm warn deprecated boolean@3.2.0: Package no longer supported. Contact Support at https://www.npmjs.com/support for more info.
npm warn deprecated uuid@10.0.0: uuid@10 and below is no longer supported.  For ESM codebases, update to uuid@latest.  For CommonJS codebases, use uuid@11 (but be aware this version will likely be deprecated in 2028).
REAL_EXIT_CODE[npm-install/embed-surface]:0
CONTROL-2 copy-not-link @opencut/editor-classic: PASS (lstat: real directory, symlink=false; lockfile resolved=file:tarballs/opencut-editor-classic-0.2.0.tgz, link=false)
CONTROL-2 copy-not-link @opencut/editor-contracts: PASS (lstat: real directory, symlink=false; lockfile resolved=file:tarballs/opencut-editor-contracts-0.2.0.tgz, link=false)
CONTROL-2 copy-not-link @opencut/editor-ports: PASS (lstat: real directory, symlink=false; lockfile resolved=file:tarballs/opencut-editor-ports-0.2.0.tgz, link=false)
CONTROL-2 copy-not-link opencut-wasm: PASS (lstat: real directory, symlink=false; lockfile resolved=file:tarballs/opencut-wasm-0.2.10.tgz, link=false)
CONTROL-react-present react-satisfied: PASS (react installed from the consumer's own manifest — classic's peer resolves against it, the peer-dep contract working as designed)
> opencut-example-embed-surface@0.0.0 typecheck
> tsc --noEmit
EXIT[example/embed-surface/typecheck]:0
> opencut-example-embed-surface@0.0.0 build
> vite build

vite v7.3.6 building client environment for production...
transforming...
✓ 143 modules transformed.
✗ Build failed in 8.20s
error during build:
[vite]: Rollup failed to resolve import "date-fns" from "C:/Users/Sayo/.opencut-scratch-ci-dry/examples/embed-surface/node_modules/react-day-picker/dist/index.esm.js".
This is most likely unintended because it can break your application at runtime.
If you do want to externalize this module explicitly add it to
`build.rollupOptions.external`
    at viteLog (file:///C:/Users/Sayo/.opencut-scratch-ci-dry/examples/embed-surface/node_modules/vite/dist/node/chunks/config.js:33715:57)
    at file:///C:/Users/Sayo/.opencut-scratch-ci-dry/examples/embed-surface/node_modules/vite/dist/node/chunks/config.js:33749:73
    at onwarn (file:///C:/Users/Sayo/.opencut-scratch-ci-dry/examples/embed-surface/node_modules/@vitejs/plugin-react/dist/index.js:76:7)
    at file:///C:/Users/Sayo/.opencut-scratch-ci-dry/examples/embed-surface/node_modules/vite/dist/node/chunks/config.js:33749:28
    at onRollupLog (file:///C:/Users/Sayo/.opencut-scratch-ci-dry/examples/embed-surface/node_modules/vite/dist/node/chunks/config.js:33744:63)
    at onLog (file:///C:/Users/Sayo/.opencut-scratch-ci-dry/examples/embed-surface/node_modules/vite/dist/node/chunks/config.js:33547:4)
    at file:///C:/Users/Sayo/.opencut-scratch-ci-dry/examples/embed-surface/node_modules/rollup/dist/es/shared/node-entry.js:21200:32
    at Object.logger [as onLog] (file:///C:/Users/Sayo/.opencut-scratch-ci-dry/examples/embed-surface/node_modules/rollup/dist/es/shared/node-entry.js:23185:9)
    at ModuleLoader.handleInvalidResolvedId (file:///C:/Users/Sayo/.opencut-scratch-ci-dry/examples/embed-surface/node_modules/rollup/dist/es/shared/node-entry.js:21930:26)
    at file:///C:/Users/Sayo/.opencut-scratch-ci-dry/examples/embed-surface/node_modules/rollup/dist/es/shared/node-entry.js:21888:26
EXIT[example/embed-surface/build]:1
run-published-examples: step failed — see output above
REAL_EXIT_CODE[example/embed-surface/build]:1
REAL_EXIT_CODE:1
DRY_DONE:0
