run-published-examples: running at 6c7f545a
scratch root: E:\AI\ChatAI\Agents\VibeCodingProjects\elftia\_others\opencut-scratch-p6-examples (E:-drive default)
CONTROL-1a root-outside-repo-tree: PASS (..\opencut-scratch-p6-examples)
CONTROL-1b root-outside-temp: PASS (checked 4 Temp root(s))
lifecycle: wiping previous scratch root (marker verified)
lifecycle: fresh scratch root created with marker (E:\AI\ChatAI\Agents\VibeCodingProjects\elftia\_others\opencut-scratch-p6-examples)
pack: packed packages/editor-ports -> opencut-editor-ports-0.2.0.tgz
pack: inventory: opencut-editor-ports-0.2.0.tgz — 23 file(s) hashed
pack: packed packages/editor-contracts -> opencut-editor-contracts-0.2.0.tgz
pack: inventory: opencut-editor-contracts-0.2.0.tgz — 61 file(s) hashed
pack: packed packages/editor-classic -> opencut-editor-classic-0.2.0.tgz
pack: inventory: opencut-editor-classic-0.2.0.tgz — 805 file(s) hashed
pack: packed rust/wasm/pkg -> opencut-wasm-0.2.10.tgz
pack: inventory: opencut-wasm-0.2.10.tgz — 7 file(s) hashed
pack: 4 tarball(s) staged into the scratch project
consumer-view: verifying pre-packed tarballs from E:\AI\ChatAI\Agents\VibeCodingProjects\elftia\_others\opencut-scratch-p6-examples\tarballs (4 file(s))

=== @opencut/editor-classic@0.2.0 (opencut-editor-classic-0.2.0.tgz) ===
  ok   packed manifest version is 0.x (found 0.2.0)
  ok   packed inventory lists README.md
  ok   README contains the policy statement ("Compatibility policy (`0.x`)")
  ok   packed inventory lists surface.json
  ok   surface.json classifies exactly the export-map entries (19 declared = 19 classified, set-equal)
  census  @opencut/editor-classic: frozen 2, provider 13, experimental 4
  ok   provider entry . carries @opencutSurface provider in extracted source
  ok   provider entry ./browser carries @opencutSurface provider in extracted source
  ok   experimental entry ./evidence carries @opencutSurface experimental in extracted source
  ok   experimental entry ./evidence/headless carries @opencutSurface experimental in extracted source
  ok   experimental entry ./evidence/headless-semantic-fixture carries @opencutSurface experimental in extracted source
  ok   experimental entry ./evidence/wasm-test-mock carries @opencutSurface experimental in extracted source
  ok   provider entry ./fonts carries @opencutSurface provider in extracted source
  ok   provider entry ./media carries @opencutSurface provider in extracted source
  ok   provider entry ./project carries @opencutSurface provider in extracted source
  ok   provider entry ./renderer carries @opencutSurface provider in extracted source
  ok   provider entry ./runtime carries @opencutSurface provider in extracted source
  ok   provider entry ./session carries @opencutSurface provider in extracted source
  ok   provider entry ./storage carries @opencutSurface provider in extracted source
  ok   provider entry ./storage/conformance carries @opencutSurface provider in extracted source
  ok   provider entry ./storage/migrations carries @opencutSurface provider in extracted source
  ok   frozen entry ./surface carries no marker in extracted source
  ok   frozen entry ./surface.css carries no marker in extracted source
  ok   provider entry ./timeline carries @opencutSurface provider in extracted source
  ok   provider entry ./ui carries @opencutSurface provider in extracted source
  markers verified in extracted source: 17 non-frozen entries

=== @opencut/editor-contracts@0.2.0 (opencut-editor-contracts-0.2.0.tgz) ===
  ok   packed manifest version is 0.x (found 0.2.0)
  ok   packed inventory lists README.md
  ok   README contains the policy statement ("Compatibility policy (`0.x`)")
  ok   packed inventory lists surface.json
  ok   surface.json classifies exactly the export-map entries (10 declared = 10 classified, set-equal)
  census  @opencut/editor-contracts: frozen 9, provider 0, experimental 1
  ok   frozen entry . carries no marker in extracted source
  ok   frozen entry ./conformance carries no marker in extracted source
  ok   experimental entry ./conformance/requirements carries @opencutSurface experimental in extracted source
  ok   frozen entry ./draft carries no marker in extracted source
  ok   frozen entry ./draft/conformance carries no marker in extracted source
  ok   frozen entry ./engine carries no marker in extracted source
  ok   frozen entry ./engine/conformance carries no marker in extracted source
  ok   frozen entry ./engine/invariant carries no marker in extracted source
  ok   frozen entry ./vectors carries no marker in extracted source
  ok   frozen entry ./vectors/corpus carries no marker in extracted source
  markers verified in extracted source: 1 non-frozen entries

=== @opencut/editor-ports@0.2.0 (opencut-editor-ports-0.2.0.tgz) ===
  ok   packed manifest version is 0.x (found 0.2.0)
  ok   packed inventory lists README.md
  ok   README contains the policy statement ("Compatibility policy (`0.x`)")
  ok   packed inventory lists surface.json
  ok   surface.json classifies exactly the export-map entries (6 declared = 6 classified, set-equal)
  census  @opencut/editor-ports: frozen 5, provider 0, experimental 1
  ok   frozen entry . carries no marker in extracted source
  ok   frozen entry ./conformance carries no marker in extracted source
  ok   experimental entry ./conformance/requirements carries @opencutSurface experimental in extracted source
  ok   frozen entry ./host carries no marker in extracted source
  ok   frozen entry ./in-memory carries no marker in extracted source
  ok   frozen entry ./in-memory/host carries no marker in extracted source
  markers verified in extracted source: 1 non-frozen entries
consumer-view: opencut-wasm-0.2.10.tgz — flat artifact (opencut-wasm), no surface clauses
consumer-view: PASS (3 package(s) verified, 0 failures, 0 dangling)
examples root: E:\AI\ChatAI\Agents\VibeCodingProjects\elftia\_others\opencut-scratch-p6-examples\examples (under the scratch root)
examples: running 1 of 1 (install-packages) (OPENCUT_EXAMPLES)

=== example install-packages ===
materialize: install-packages — 3 @opencut/* spec(s) resolved to staged tarballs (+ the opencut-wasm override)
added 8 packages, and audited 9 packages in 8s

found 0 vulnerabilities
REAL_EXIT_CODE[npm-install/install-packages]:0
CONTROL-2 copy-not-link @opencut/editor-ports: PASS (lstat: real directory, symlink=false; lockfile resolved=file:tarballs/opencut-editor-ports-0.2.0.tgz, link=false)
CONTROL-2 copy-not-link @opencut/editor-contracts: PASS (lstat: real directory, symlink=false; lockfile resolved=file:tarballs/opencut-editor-contracts-0.2.0.tgz, link=false)
CONTROL-2 copy-not-link @opencut/editor-classic: PASS (lstat: real directory, symlink=false; lockfile resolved=file:tarballs/opencut-editor-classic-0.2.0.tgz, link=false)
CONTROL-2 copy-not-link opencut-wasm: PASS (lstat: real directory, symlink=false; lockfile resolved=file:tarballs/opencut-wasm-0.2.10.tgz, link=false)
CONTROL-react-free react-absent: PASS (node_modules/react does not exist; the migration entry's closure needs no react)
> opencut-example-install-packages@0.0.0 typecheck
> tsc --noEmit
EXIT[example/install-packages/typecheck]:0
ok   ports root exports PORT_ROLES (8 roles: store, assets, assetLoader, runtimeResources, exporter, diagnostics, ids, environment)
ok   ports in-memory fixture store constructs
ok   contracts root transaction store constructs (apply is callable)
ok   contracts root exports INITIAL_REVISION (0)
ok   vectors/corpus reads the published corpus (manifest + 2 file(s))
ok   OPERATION_KINDS agrees with PUBLISHED_CONTRACT_SURFACE (12 kinds)
ok   vectors exports TRANSACTION_VECTOR_SCHEMA (transaction-vectors/v1)
ok   @opencut/editor-ports resolved at 0.2.0 (pinned 0.2.0)
ok   @opencut/editor-contracts resolved at 0.2.0 (pinned 0.2.0)
ok   @opencut/editor-classic resolved at 0.2.0 (pinned 0.2.0)
ok   @opencut/editor-ports. classified frozen (expected frozen)
ok   @opencut/editor-ports./in-memory classified frozen (expected frozen)
ok   @opencut/editor-contracts. classified frozen (expected frozen)
ok   @opencut/editor-contracts./vectors classified frozen (expected frozen)
ok   @opencut/editor-contracts./vectors/corpus classified frozen (expected frozen)
ok   @opencut/editor-ports README carries the policy statement
ok   @opencut/editor-contracts README carries the policy statement
ok   @opencut/editor-classic README carries the policy statement
ok   classic exports map declares ./surface
ok   classic exports map declares ./surface.css
ok   classic exports map declares ./storage/migrations
ok   classic declares its React peer (unsatisfied here by design)
ok   node_modules/react does not exist — classic's React peer is unsatisfied, the runtime unimported
ok   classic ./storage/migrations classified provider (read as data, not imported)
install-packages: every assertion green — the packages install, resolve and self-describe from the tarballs
EXIT[example/install-packages/execute]:0

examples: 1 example(s) executed green — install-packages
REAL_EXIT_CODE[examples-run]:0
